Component: ARM Compiler 5.06 update 5 (build 528) Tool: armlink [4d35e2]

==============================================================================

Section Cross References

    startup_stm32f10x_hd.o(RESET) refers to startup_stm32f10x_hd.o(STACK) for __initial_sp
    startup_stm32f10x_hd.o(RESET) refers to startup_stm32f10x_hd.o(.text) for Reset_Handler
    startup_stm32f10x_hd.o(RESET) refers to stm32f10x_it.o(i.NMI_Handler) for NMI_Handler
    startup_stm32f10x_hd.o(RESET) refers to context_rvds.o(.text) for HardFault_Handler
    startup_stm32f10x_hd.o(RESET) refers to stm32f10x_it.o(i.MemManage_Handler) for MemManage_Handler
    startup_stm32f10x_hd.o(RESET) refers to stm32f10x_it.o(i.BusFault_Handler) for BusFault_Handler
    startup_stm32f10x_hd.o(RESET) refers to stm32f10x_it.o(i.UsageFault_Handler) for UsageFault_Handler
    startup_stm32f10x_hd.o(RESET) refers to stm32f10x_it.o(i.SVC_Handler) for SVC_Handler
    startup_stm32f10x_hd.o(RESET) refers to stm32f10x_it.o(i.DebugMon_Handler) for DebugMon_Handler
    startup_stm32f10x_hd.o(RESET) refers to board.o(i.SysTick_Handler) for SysTick_Handler
    startup_stm32f10x_hd.o(RESET) refers to exti.o(i.EXTI1_IRQHandler) for EXTI1_IRQHandler
    startup_stm32f10x_hd.o(RESET) refers to usart.o(i.USART1_IRQHandler) for USART1_IRQHandler
    startup_stm32f10x_hd.o(RESET) refers to usart.o(i.USART2_IRQHandler) for USART2_IRQHandler
    startup_stm32f10x_hd.o(RESET) refers to usart.o(i.USART3_IRQHandler) for USART3_IRQHandler
    startup_stm32f10x_hd.o(RESET) refers to exti.o(i.EXTI15_10_IRQHandler) for EXTI15_10_IRQHandler
    startup_stm32f10x_hd.o(.text) refers to system_stm32f10x.o(i.SystemInit) for SystemInit
    startup_stm32f10x_hd.o(.text) refers to entry.o(.ARM.Collect$$$$00000000) for __main
    system_stm32f10x.o(i.SetSysClock) refers to system_stm32f10x.o(i.SetSysClockTo72) for SetSysClockTo72
    system_stm32f10x.o(i.SystemCoreClockUpdate) refers to system_stm32f10x.o(.data) for SystemCoreClock
    system_stm32f10x.o(i.SystemInit) refers to system_stm32f10x.o(i.SetSysClock) for SetSysClock
    stm32f10x_adc.o(i.ADC_DeInit) refers to stm32f10x_rcc.o(i.RCC_APB2PeriphResetCmd) for RCC_APB2PeriphResetCmd
    stm32f10x_bkp.o(i.BKP_DeInit) refers to stm32f10x_rcc.o(i.RCC_BackupResetCmd) for RCC_BackupResetCmd
    stm32f10x_can.o(i.CAN_DeInit) refers to stm32f10x_rcc.o(i.RCC_APB1PeriphResetCmd) for RCC_APB1PeriphResetCmd
    stm32f10x_can.o(i.CAN_GetITStatus) refers to stm32f10x_can.o(i.CheckITStatus) for CheckITStatus
    stm32f10x_cec.o(i.CEC_DeInit) refers to stm32f10x_rcc.o(i.RCC_APB1PeriphResetCmd) for RCC_APB1PeriphResetCmd
    stm32f10x_dac.o(i.DAC_DeInit) refers to stm32f10x_rcc.o(i.RCC_APB1PeriphResetCmd) for RCC_APB1PeriphResetCmd
    stm32f10x_flash.o(i.FLASH_EnableWriteProtection) refers to stm32f10x_flash.o(i.FLASH_WaitForLastOperation) for FLASH_WaitForLastOperation
    stm32f10x_flash.o(i.FLASH_EraseAllBank1Pages) refers to stm32f10x_flash.o(i.FLASH_WaitForLastBank1Operation) for FLASH_WaitForLastBank1Operation
    stm32f10x_flash.o(i.FLASH_EraseAllPages) refers to stm32f10x_flash.o(i.FLASH_WaitForLastOperation) for FLASH_WaitForLastOperation
    stm32f10x_flash.o(i.FLASH_EraseOptionBytes) refers to stm32f10x_flash.o(i.FLASH_GetReadOutProtectionStatus) for FLASH_GetReadOutProtectionStatus
    stm32f10x_flash.o(i.FLASH_EraseOptionBytes) refers to stm32f10x_flash.o(i.FLASH_WaitForLastOperation) for FLASH_WaitForLastOperation
    stm32f10x_flash.o(i.FLASH_ErasePage) refers to stm32f10x_flash.o(i.FLASH_WaitForLastOperation) for FLASH_WaitForLastOperation
    stm32f10x_flash.o(i.FLASH_ProgramHalfWord) refers to stm32f10x_flash.o(i.FLASH_WaitForLastOperation) for FLASH_WaitForLastOperation
    stm32f10x_flash.o(i.FLASH_ProgramOptionByteData) refers to stm32f10x_flash.o(i.FLASH_WaitForLastOperation) for FLASH_WaitForLastOperation
    stm32f10x_flash.o(i.FLASH_ProgramWord) refers to stm32f10x_flash.o(i.FLASH_WaitForLastOperation) for FLASH_WaitForLastOperation
    stm32f10x_flash.o(i.FLASH_ReadOutProtection) refers to stm32f10x_flash.o(i.FLASH_WaitForLastOperation) for FLASH_WaitForLastOperation
    stm32f10x_flash.o(i.FLASH_UserOptionByteConfig) refers to stm32f10x_flash.o(i.FLASH_WaitForLastOperation) for FLASH_WaitForLastOperation
    stm32f10x_flash.o(i.FLASH_WaitForLastBank1Operation) refers to stm32f10x_flash.o(i.FLASH_GetBank1Status) for FLASH_GetBank1Status
    stm32f10x_flash.o(i.FLASH_WaitForLastOperation) refers to stm32f10x_flash.o(i.FLASH_GetBank1Status) for FLASH_GetBank1Status
    stm32f10x_gpio.o(i.GPIO_AFIODeInit) refers to stm32f10x_rcc.o(i.RCC_APB2PeriphResetCmd) for RCC_APB2PeriphResetCmd
    stm32f10x_gpio.o(i.GPIO_DeInit) refers to stm32f10x_rcc.o(i.RCC_APB2PeriphResetCmd) for RCC_APB2PeriphResetCmd
    stm32f10x_i2c.o(i.I2C_DeInit) refers to stm32f10x_rcc.o(i.RCC_APB1PeriphResetCmd) for RCC_APB1PeriphResetCmd
    stm32f10x_i2c.o(i.I2C_Init) refers to stm32f10x_rcc.o(i.RCC_GetClocksFreq) for RCC_GetClocksFreq
[...]
    i.finsh_thread_entry                     0x080014c0   Section        0  shell.o(i.finsh_thread_entry)
    i.hard_fault_track                       0x08001888   Section        0  cpuport.o(i.hard_fault_track)
    hard_fault_track                         0x08001889   Thumb Code    82  cpuport.o(i.hard_fault_track)
    i.hello                                  0x08001908   Section        0  cmd.o(i.hello)
    i.led_thread_entry                       0x08001928   Section        0  task.o(i.led_thread_entry)
    i.list                                   0x08001940   Section        0  cmd.o(i.list)
    i.list_event                             0x08001998   Section        0  cmd.o(i.list_event)
    i.list_find_init                         0x08001adc   Section        0  cmd.o(i.list_find_init)
    list_find_init                           0x08001add   Thumb Code    42  cmd.o(i.list_find_init)
    i.list_get_next                          0x08001b06   Section        0  cmd.o(i.list_get_next)
    list_get_next                            0x08001b07   Thumb Code   136  cmd.o(i.list_get_next)
    i.list_mailbox                           0x08001b90   Section        0  cmd.o(i.list_mailbox)
    i.list_mem                               0x08001cec   Section        0  mem.o(i.list_mem)
    i.list_msgqueue                          0x08001d64   Section        0  cmd.o(i.list_msgqueue)
    i.list_mutex                             0x08001ea8   Section        0  cmd.o(i.list_mutex)
    i.list_sem                               0x08001fb8   Section        0  cmd.o(i.list_sem)
    i.list_thread                            0x080020f0   Section        0  cmd.o(i.list_thread)
    i.list_timer                             0x080022d4   Section        0  cmd.o(i.list_timer)
    i.main                                   0x08002434   Section        0  main.o(i.main)
    i.main_thread_entry                      0x08002450   Section        0  components.o(i.main_thread_entry)
    i.mem_manage_fault_track                 0x08002460   Section        0  cpuport.o(i.mem_manage_fault_track)
    mem_manage_fault_track                   0x08002461   Thumb Code   114  cpuport.o(i.mem_manage_fault_track)
    i.msg_process_thread_entry               0x08002548   Section        0  task.o(i.msg_process_thread_entry)
    i.msh_auto_complete                      0x080025b4   Section        0  msh.o(i.msh_auto_complete)
    i.msh_exec                               0x08002654   Section        0  msh.o(i.msh_exec)
    i.msh_get_cmd                            0x080026c0   Section        0  msh.o(i.msh_get_cmd)
    msh_get_cmd                              0x080026c1   Thumb Code    76  msh.o(i.msh_get_cmd)
    i.msh_help                               0x0800271c   Section        0  msh.o(i.msh_help)
    i.msh_is_used                            0x08002790   Section        0  msh.o(i.msh_is_used)
    i.msh_split                              0x08002794   Section        0  msh.o(i.msh_split)
    msh_split                                0x08002795   Thumb Code   202  msh.o(i.msh_split)
    i.object_split                           0x08002884   Section        0  cmd.o(i.object_split)
    object_split                             0x08002885   Thumb Code    22  cmd.o(i.object_split)
    i.plug_holes                             0x080028a0   Section        0  mem.o(i.plug_holes)
    plug_holes                               0x080028a1   Thumb Code   108  mem.o(i.plug_holes)
    i.print_number                           0x08002918   Section        0  kservice.o(i.print_number)
    print_number                             0x08002919   Thumb Code   400  kservice.o(i.print_number)
    i.rt_application_init                    0x08002ab0   Section        0  components.o(i.rt_application_init)
    i.rt_calloc                              0x08002ae0   Section        0  mem.o(i.rt_calloc)
    i.rt_components_board_init               0x08002b04   Section        0  components.o(i.rt_components_board_init)
    i.rt_components_init                     0x08002b20   Section        0  components.o(i.rt_components_init)
    i.rt_enter_critical                      0x08002b3c   Section        0  scheduler.o(i.rt_enter_critical)
    i.rt_exit_critical                       0x08002b5c   Section        0  scheduler.o(i.rt_exit_critical)
    i.rt_free                                0x08002ba0   Section        0  mem.o(i.rt_free)
    i.rt_heap_begin_get                      0x08002c80   Section        0  board.o(i.rt_heap_begin_get)
    i.rt_heap_end_get                        0x08002c88   Section        0  board.o(i.rt_heap_end_get)
    i.rt_hw_board_init                       0x08002c90   Section        0  board.o(i.rt_hw_board_init)
    i.rt_hw_console_getchar                  0x08002cb0   Section        0  usart.o(i.rt_hw_console_getchar)
    i.rt_hw_console_output                   0x08002cf0   Section        0  usart.o(i.rt_hw_console_output)
    i.rt_hw_hard_fault_exception             0x08002d40   Section        0  cpuport.o(i.rt_hw_hard_fault_exception)
    i.rt_hw_stack_init                       0x08002f48   Section        0  cpuport.o(i.rt_hw_stack_init)
    i.rt_interrupt_enter                     0x08002f94   Section        0  irq.o(i.rt_interrupt_enter)
    i.rt_interrupt_leave                     0x08002fb4   Section        0  irq.o(i.rt_interrupt_leave)
    i.rt_ipc_list_resume                     0x08002fd4   Section        0  ipc.o(i.rt_ipc_list_resume)
    rt_ipc_list_resume                       0x08002fd5   Thumb Code    20  ipc.o(i.rt_ipc_list_resume)
    i.rt_ipc_list_resume_all                 0x08002fe8   Section        0  ipc.o(i.rt_ipc_list_resume_all)
    rt_ipc_list_resume_all                   0x08002fe9   Thumb Code    50  ipc.o(i.rt_ipc_list_resume_all)
    i.rt_ipc_list_suspend                    0x0800301a   Section        0  ipc.o(i.rt_ipc_list_suspend)
    rt_ipc_list_suspend                      0x0800301b   Thumb Code   108  ipc.o(i.rt_ipc_list_suspend)
    i.rt_ipc_object_init                     0x08003086   Section        0  ipc.o(i.rt_ipc_object_init)
    rt_ipc_object_init                       0x08003087   Thumb Code    16  ipc.o(i.rt_ipc_object_init)
    i.rt_kprintf                             0x08003098   Section        0  kservice.o(i.rt_kprintf)
    i.rt_list_init                           0x080030c8   Section        0  ipc.o(i.rt_list_init)
    rt_list_init                             0x080030c9   Thumb Code     6  ipc.o(i.rt_list_init)
    i.rt_list_init                           0x080030ce   Section        0  scheduler.o(i.rt_list_init)
    rt_list_init                             0x080030cf   Thumb Code     6  scheduler.o(i.rt_list_init)
    i.rt_list_init                           0x080030d4   Section        0  timer.o(i.rt_list_init)
    rt_list_init                             0x080030d5   Thumb Code     6  timer.o(i.rt_list_init)
    i.rt_list_insert_after                   0x080030da   Section        0  object.o(i.rt_list_insert_after)
    rt_list_insert_after                     0x080030db   Thumb Code    14  object.o(i.rt_list_insert_after)
    i.rt_list_insert_after                   0x080030e8   Section        0  thread.o(i.rt_list_insert_after)
    rt_list_insert_after                     0x080030e9   Thumb Code    14  thread.o(i.rt_list_insert_after)
    i.rt_list_insert_after                   0x080030f6   Section        0  timer.o(i.rt_list_insert_after)
    rt_list_insert_after                     0x080030f7   Thumb Code    14  timer.o(i.rt_list_insert_after)
    i.rt_list_insert_before                  0x08003104   Section        0  ipc.o(i.rt_list_insert_before)
    rt_list_insert_before                    0x08003105   Thumb Code    14  ipc.o(i.rt_list_insert_before)
    i.rt_list_isempty                        0x08003112   Section        0  ipc.o(i.rt_list_isempty)
    rt_list_isempty                          0x08003113   Thumb Code    16  ipc.o(i.rt_list_isempty)
    i.rt_list_isempty                        0x08003122   Section        0  timer.o(i.rt_list_isempty)
    rt_list_isempty                          0x08003123   Thumb Code    16  timer.o(i.rt_list_isempty)
    i.rt_list_isempty                        0x08003132   Section        0  cmd.o(i.rt_list_isempty)
    rt_list_isempty                          0x08003133   Thumb Code    16  cmd.o(i.rt_list_isempty)
    i.rt_list_len                            0x08003142   Section        0  cmd.o(i.rt_list_len)
    rt_list_len                              0x08003143   Thumb Code    20  cmd.o(i.rt_list_len)
    i.rt_list_remove                         0x08003156   Section        0  object.o(i.rt_list_remove)
    rt_list_remove                           0x08003157   Thumb Code    18  object.o(i.rt_list_remove)
    i.rt_list_remove                         0x08003168   Section        0  thread.o(i.rt_list_remove)
    rt_list_remove                           0x08003169   Thumb Code    18  thread.o(i.rt_list_remove)
    i.rt_malloc                              0x0800317c   Section        0  mem.o(i.rt_malloc)
    i.rt_memcpy                              0x080032e8   Section        0  kservice.o(i.rt_memcpy)
    i.rt_memmove                             0x08003364   Section        0  kservice.o(i.rt_memmove)
    i.rt_memset                              0x080033a6   Section        0  kservice.o(i.rt_memset)
    i.rt_mq_create                           0x080033ee   Section        0  ipc.o(i.rt_mq_create)
    i.rt_mq_delete                           0x0800346e   Section        0  ipc.o(i.rt_mq_delete)
    i.rt_mq_recv                             0x0800348a   Section        0  ipc.o(i.rt_mq_recv)
    i.rt_mq_send                             0x08003586   Section        0  ipc.o(i.rt_mq_send)
    i.rt_object_allocate                     0x08003612   Section        0  object.o(i.rt_object_allocate)
    i.rt_object_delete                       0x08003666   Section        0  object.o(i.rt_object_delete)
    i.rt_object_detach                       0x0800368a   Section        0  object.o(i.rt_object_detach)
    i.rt_object_get_information              0x080036a8   Section        0  object.o(i.rt_object_get_information)
    i.rt_object_init                         0x080036d0   Section        0  object.o(i.rt_object_init)
    i.rt_object_is_systemobject              0x08003726   Section        0  object.o(i.rt_object_is_systemobject)
    i.rt_schedule                            0x08003738   Section        0  scheduler.o(i.rt_schedule)
    i.rt_schedule_insert_thread              0x080037bc   Section        0  scheduler.o(i.rt_schedule_insert_thread)
    i.rt_schedule_remove_thread              0x0800380c   Section        0  scheduler.o(i.rt_schedule_remove_thread)
    i.rt_sem_create                          0x08003860   Section        0  ipc.o(i.rt_sem_create)
    i.rt_sem_init                            0x0800388a   Section        0  ipc.o(i.rt_sem_init)
    i.rt_sem_release                         0x080038b0   Section        0  ipc.o(i.rt_sem_release)
    i.rt_sem_take                            0x080038ea   Section        0  ipc.o(i.rt_sem_take)
    i.rt_show_version                        0x08003960   Section        0  kservice.o(i.rt_show_version)
    i.rt_strlen                              0x08003a10   Section        0  kservice.o(i.rt_strlen)
    i.rt_strncpy                             0x08003a22   Section        0  kservice.o(i.rt_strncpy)
    i.rt_system_heap_init                    0x08003a58   Section        0  mem.o(i.rt_system_heap_init)
    i.rt_system_scheduler_init               0x08003b50   Section        0  scheduler.o(i.rt_system_scheduler_init)
    i.rt_system_scheduler_start              0x08003b9c   Section        0  scheduler.o(i.rt_system_scheduler_start)
    i.rt_system_timer_init                   0x08003bcc   Section        0  timer.o(i.rt_system_timer_init)
    i.rt_system_timer_thread_init            0x08003be8   Section        0  timer.o(i.rt_system_timer_thread_init)
    i.rt_thread_create                       0x08003bea   Section        0  thread.o(i.rt_thread_create)
    i.rt_thread_exit                         0x08003c3c   Section        0  thread.o(i.rt_thread_exit)
    i.rt_thread_idle_entry                   0x08003c94   Section        0  idle.o(i.rt_thread_idle_entry)
    rt_thread_idle_entry                     0x08003c95   Thumb Code     8  idle.o(i.rt_thread_idle_entry)
    i.rt_thread_idle_excute                  0x08003c9c   Section        0  idle.o(i.rt_thread_idle_excute)
    i.rt_thread_idle_init                    0x08003d2c   Section        0  idle.o(i.rt_thread_idle_init)
    i.rt_thread_init                         0x08003d68   Section        0  thread.o(i.rt_thread_init)
    i.rt_thread_mdelay                       0x08003d9c   Section        0  thread.o(i.rt_thread_mdelay)
    i.rt_thread_resume                       0x08003db0   Section        0  thread.o(i.rt_thread_resume)
    i.rt_thread_self                         0x08003dec   Section        0  thread.o(i.rt_thread_self)
    i.rt_thread_sleep                        0x08003df8   Section        0  thread.o(i.rt_thread_sleep)
    i.rt_thread_startup                      0x08003e3c   Section        0  thread.o(i.rt_thread_startup)
    i.rt_thread_suspend                      0x08003e68   Section        0  thread.o(i.rt_thread_suspend)
    i.rt_thread_timeout                      0x08003eac   Section        0  thread.o(i.rt_thread_timeout)
    i.rt_thread_yield                        0x08003ecc   Section        0  thread.o(i.rt_thread_yield)
    i.rt_tick_from_millisecond               0x08003f30   Section        0  clock.o(i.rt_tick_from_millisecond)
    i.rt_tick_get                            0x08003f68   Section        0  clock.o(i.rt_tick_get)
    i.rt_tick_increase                       0x08003f74   Section        0  clock.o(i.rt_tick_increase)
    i.rt_timer_check                         0x08003fa4   Section        0  timer.o(i.rt_timer_check)
    i.rt_timer_control                       0x08004020   Section        0  timer.o(i.rt_timer_control)
    i.rt_timer_detach                        0x08004058   Section        0  timer.o(i.rt_timer_detach)
    i.rt_timer_init                          0x08004078   Section        0  timer.o(i.rt_timer_init)
    i.rt_timer_start                         0x080040a8   Section        0  timer.o(i.rt_timer_start)
    i.rt_timer_stop                          0x080041a0   Section        0  timer.o(i.rt_timer_stop)
    i.rt_vsnprintf                           0x080041d0   Section        0  kservice.o(i.rt_vsnprintf)
    i.rti_board_end                          0x08004500   Section        0  components.o(i.rti_board_end)
    rti_board_end                            0x08004501   Thumb Code     4  components.o(i.rti_board_end)
    i.rti_board_start                        0x08004504   Section        0  components.o(i.rti_board_start)
    rti_board_start                          0x08004505   Thumb Code     4  components.o(i.rti_board_start)
    i.rti_end                                0x08004508   Section        0  components.o(i.rti_end)
    rti_end                                  0x08004509   Thumb Code     4  components.o(i.rti_end)
    i.rti_start                              0x0800450c   Section        0  components.o(i.rti_start)
    rti_start                                0x0800450d   Thumb Code     4  components.o(i.rti_start)
    i.rtthread_startup                       0x08004510   Section        0  components.o(i.rtthread_startup)
    i.shell_auto_complete                    0x0800453c   Section        0  shell.o(i.shell_auto_complete)
    shell_auto_complete                      0x0800453d   Thumb Code    42  shell.o(i.shell_auto_complete)
    i.show_wait_queue                        0x08004574   Section        0  cmd.o(i.show_wait_queue)
    show_wait_queue                          0x08004575   Thumb Code    40  cmd.o(i.show_wait_queue)
    i.skip_atoi                              0x080045a4   Section        0  kservice.o(i.skip_atoi)
    skip_atoi                                0x080045a5   Thumb Code    38  kservice.o(i.skip_atoi)
    i.str_common                             0x080045ca   Section        0  msh.o(i.str_common)
    str_common                               0x080045cb   Thumb Code    32  msh.o(i.str_common)
    i.usage_fault_track                      0x080045ec   Section        0  cpuport.o(i.usage_fault_track)
    usage_fault_track                        0x080045ed   Thumb Code   122  cpuport.o(i.usage_fault_track)
    i.usart2_recv_thread_entry               0x080046d4   Section        0  task.o(i.usart2_recv_thread_entry)
    i.version                                0x0800475c   Section        0  cmd.o(i.version)
    .constdata                               0x08004766   Section       27  gpio.o(.constdata)
    .constdata                               0x08004781   Section       43  chipinfo.o(.constdata)
    .constdata                               0x080047ac   Section      290  kservice.o(.constdata)
    small_digits                             0x080048ac   Data          17  kservice.o(.constdata)
    large_digits                             0x080048bd   Data          17  kservice.o(.constdata)
    .constdata                               0x080048ce   Section        9  mem.o(.constdata)
    .constdata                               0x080048d7   Section      237  cmd.o(.constdata)
    .constdata                               0x080049c4   Section       31  msh.o(.constdata)
    .conststring                             0x080049e4   Section       48  task.o(.conststring)
    .conststring                             0x08004a14   Section       68  cmd.o(.conststring)
    .rti_fn.0                                0x08004a58   Section        4  components.o(.rti_fn.0)
    __tagsym$$used                           0x08004a58   Number         0  components.o(.rti_fn.0)
    .rti_fn.0.end                            0x08004a5c   Section        4  components.o(.rti_fn.0.end)
    __tagsym$$used                           0x08004a5c   Number         0  components.o(.rti_fn.0.end)
    .rti_fn.1                                0x08004a60   Section        4  gpio.o(.rti_fn.1)
    __tagsym$$used                           0x08004a60   Number         0  gpio.o(.rti_fn.1)
    .rti_fn.1                                0x08004a64   Section        4  exti.o(.rti_fn.1)
    __tagsym$$used                           0x08004a64   Number         0  exti.o(.rti_fn.1)
    .rti_fn.1.end                            0x08004a68   Section        4  components.o(.rti_fn.1.end)
    __tagsym$$used                           0x08004a68   Number         0  components.o(.rti_fn.1.end)
    .rti_fn.6                                0x08004a6c   Section        4  shell.o(.rti_fn.6)
    __tagsym$$used                           0x08004a6c   Number         0  shell.o(.rti_fn.6)
    .rti_fn.6.end                            0x08004a70   Section        4  components.o(.rti_fn.6.end)
    __tagsym$$used                           0x08004a70   Number         0  components.o(.rti_fn.6.end)
    FSymTab                                  0x08004a74   Section       16  gpio.o(FSymTab)
    __tagsym$$used                           0x08004a74   Number         0  gpio.o(FSymTab)
    __tagsym$$used                           0x08004a7c   Number         0  gpio.o(FSymTab)
    FSymTab                                  0x08004a84   Section       16  chipinfo.o(FSymTab)
    __tagsym$$used                           0x08004a84   Number         0  chipinfo.o(FSymTab)
    __tagsym$$used                           0x08004a8c   Number         0  chipinfo.o(FSymTab)
    FSymTab                                  0x08004a94   Section        8  mem.o(FSymTab)
    __tagsym$$used                           0x08004a94   Number         0  mem.o(FSymTab)
    FSymTab                                  0x08004a9c   Section      144  cmd.o(FSymTab)
    __tagsym$$used                           0x08004a9c   Number         0  cmd.o(FSymTab)
    __tagsym$$used                           0x08004aa4   Number         0  cmd.o(FSymTab)
    __tagsym$$used                           0x08004aac   Number         0  cmd.o(FSymTab)
    __tagsym$$used                           0x08004ab4   Number         0  cmd.o(FSymTab)
    __tagsym$$used                           0x08004abc   Number         0  cmd.o(FSymTab)
    __tagsym$$used                           0x08004ac4   Number         0  cmd.o(FSymTab)
    __tagsym$$used                           0x08004acc   Number         0  cmd.o(FSymTab)
    __tagsym$$used                           0x08004ad4   Number         0  cmd.o(FSymTab)
    __tagsym$$used                           0x08004adc   Number         0  cmd.o(FSymTab)
    __tagsym$$used                           0x08004ae4   Number         0  cmd.o(FSymTab)
    __tagsym$$used                           0x08004aec   Number         0  cmd.o(FSymTab)
    __tagsym$$used                           0x08004af4   Number         0  cmd.o(FSymTab)
    __tagsym$$used                           0x08004afc   Number         0  cmd.o(FSymTab)
    __tagsym$$used                           0x08004b04   Number         0  cmd.o(FSymTab)
    __tagsym$$used                           0x08004b0c   Number         0  cmd.o(FSymTab)
    __tagsym$$used                           0x08004b14   Number         0  cmd.o(FSymTab)
    __tagsym$$used                           0x08004b1c   Number         0  cmd.o(FSymTab)
    __tagsym$$used                           0x08004b24   Number         0  cmd.o(FSymTab)
    FSymTab                                  0x08004b2c   Section       24  msh.o(FSymTab)
    __tagsym$$used                           0x08004b2c   Number         0  msh.o(FSymTab)
    __tagsym$$used                           0x08004b34   Number         0  msh.o(FSymTab)
    __tagsym$$used                           0x08004b3c   Number         0  msh.o(FSymTab)
    .data                                    0x20000000   Section       20  system_stm32f10x.o(.data)
    .data                                    0x20000014   Section       20  stm32f10x_rcc.o(.data)
    APBAHBPrescTable                         0x20000014   Data          16  stm32f10x_rcc.o(.data)
    ADCPrescTable                            0x20000024   Data           4  stm32f10x_rcc.o(.data)
    .data                                    0x20000028   Section       12  main.o(.data)
    .data                                    0x20000034   Section      100  task.o(.data)
    dynamic_thread_t                         0x20000034   Data           4  task.o(.data)
    .data                                    0x20000098   Section        4  usart.o(.data)
    .data                                    0x2000009c   Section        4  clock.o(.data)
    rt_tick                                  0x2000009c   Data           4  clock.o(.data)
    .data                                    0x200000a0   Section        1  irq.o(.data)
    .data                                    0x200000a4   Section       24  mem.o(.data)
    heap_ptr                                 0x200000a4   Data           4  mem.o(.data)
    heap_end                                 0x200000a8   Data           4  mem.o(.data)
    lfree                                    0x200000ac   Data           4  mem.o(.data)
    mem_size_aligned                         0x200000b0   Data           4  mem.o(.data)
    used_mem                                 0x200000b4   Data           4  mem.o(.data)
    max_mem                                  0x200000b8   Data           4  mem.o(.data)
    .data                                    0x200000bc   Section      112  object.o(.data)
    rt_object_container                      0x200000bc   Data         112  object.o(.data)
    .data                                    0x2000012c   Section       24  scheduler.o(.data)
    rt_scheduler_lock_nest                   0x2000012c   Data           2  scheduler.o(.data)
    .data                                    0x20000144   Section       12  timer.o(.data)
    rt_timer_list                            0x20000144   Data           8  timer.o(.data)
    random_nr                                0x2000014c   Data           4  timer.o(.data)
    .data                                    0x20000150   Section       16  cpuport.o(.data)
    rt_exception_hook                        0x2000015c   Data           4  cpuport.o(.data)
    .data                                    0x20000160   Section       24  shell.o(.data)
    finsh_prompt_custom                      0x20000174   Data           4  shell.o(.data)
    .bss                                     0x20000178   Section     8192  board.o(.bss)
    rt_heap                                  0x20000178   Data        8192  board.o(.bss)
    .bss                                     0x20002178   Section      512  usart.o(.bss)
    .bss                                     0x20002378   Section       12  chipinfo.o(.bss)
    .bss                                     0x20002384   Section      400  idle.o(.bss)
    idle                                     0x20002384   Data         144  idle.o(.bss)
    rt_thread_stack                          0x20002414   Data         256  idle.o(.bss)
    .bss                                     0x20002514   Section      128  kservice.o(.bss)
    rt_log_buf                               0x20002514   Data         128  kservice.o(.bss)
    .bss                                     0x20002594   Section       40  mem.o(.bss)
    heap_sem                                 0x20002594   Data          40  mem.o(.bss)
    .bss                                     0x200025bc   Section      256  scheduler.o(.bss)
    .bss                                     0x200026bc   Section      129  shell.o(.bss)
    finsh_prompt                             0x200026bc   Data         129  shell.o(.bss)
    STACK                                    0x20002740   Section     1024  startup_stm32f10x_hd.o(STACK)

    Global Symbols

    Symbol Name                              Value     Ov Type        Size  Object(Section)

    BuildAttributes$$THM_ISAv4$P$D$K$B$S$PE$A:L22UL41UL21$X:L11$S22US41US21$IEEE1$IW$USESV6$~STKCKD$USESV7$~SHL$OSPACE$EBA8$MICROLIB$REQ8$PRES8$EABIv2 0x00000000   Number         0  anon$$obj.o ABSOLUTE
    __ARM_use_no_argv                        0x00000000   Number         0  main.o ABSOLUTE
    __cpp_initialize__aeabi_                  - Undefined Weak Reference
    __cxa_finalize                            - Undefined Weak Reference
    _clock_init                               - Undefined Weak Reference
    _microlib_exit                            - Undefined Weak Reference
    __Vectors_Size                           0x00000130   Number         0  startup_stm32f10x_hd.o ABSOLUTE
    __Vectors                                0x08000000   Data           4  startup_stm32f10x_hd.o(RESET)
    __Vectors_End                            0x08000130   Data           0  startup_stm32f10x_hd.o(RESET)
    __main                                   0x08000131   Thumb Code     0  entry.o(.ARM.Collect$$$$00000000)
    _main_stk                                0x08000131   Thumb Code     0  entry2.o(.ARM.Collect$$$$00000001)
    _main_scatterload                        0x08000135   Thumb Code     0  entry5.o(.ARM.Collect$$$$00000004)
    __main_after_scatterload                 0x08000139   Thumb Code     0  entry5.o(.ARM.Collect$$$$00000004)
    _main_clock                              0x08000139   Thumb Code     0  entry7b.o(.ARM.Collect$$$$00000008)
    _main_cpp_init                           0x08000139   Thumb Code     0  entry8b.o(.ARM.Collect$$$$0000000A)
    _main_init                               0x08000139   Thumb Code     0  entry9a.o(.ARM.Collect$$$$0000000B)
    __rt_final_cpp                           0x08000141   Thumb Code     0  entry10a.o(.ARM.Collect$$$$0000000D)
    __rt_final_exit                          0x08000141   Thumb Code     0  entry11a.o(.ARM.Collect$$$$0000000F)
    Reset_Handler                            0x08000145   Thumb Code     8  startup_stm32f10x_hd.o(.text)
    ADC1_2_IRQHandler                        0x0800015f   Thumb Code     0  startup_stm32f10x_hd.o(.text)
    ADC3_IRQHandler                          0x0800015f   Thumb Code     0  startup_stm32f10x_hd.o(.text)
    CAN1_RX1_IRQHandler                      0x0800015f   Thumb Code     0  startup_stm32f10x_hd.o(.text)
    CAN1_SCE_IRQHandler                      0x0800015f   Thumb Code     0  startup_stm32f10x_hd.o(.text)
    DMA1_Channel1_IRQHandler                 0x0800015f   Thumb Code     0  startup_stm32f10x_hd.o(.text)
    DMA1_Channel2_IRQHandler                 0x0800015f   Thumb Code     0  startup_stm32f10x_hd.o(.text)
    DMA1_Channel3_IRQHandler                 0x0800015f   Thumb Code     0  startup_stm32f10x_hd.o(.text)
    DMA1_Channel4_IRQHandler                 0x0800015f   Thumb Code     0  startup_stm32f10x_hd.o(.text)
    DMA1_Channel5_IRQHandler                 0x0800015f   Thumb Code     0  startup_stm32f10x_hd.o(.text)
    DMA1_Channel6_IRQHandler                 0x0800015f   Thumb Code     0  startup_stm32f10x_hd.o(.text)
    DMA1_Channel7_IRQHandler                 0x0800015f   Thumb Code     0  startup_stm32f10x_hd.o(.text)
    DMA2_Channel1_IRQHandler                 0x0800015f   Thumb Code     0  startup_stm32f10x_hd.o(.text)
    DMA2_Channel2_IRQHandler                 0x0800015f   Thumb Code     0  startup_stm32f10x_hd.o(.text)
    DMA2_Channel3_IRQHandler                 0x0800015f   Thumb Code     0  startup_stm32f10x_hd.o(.text)
    DMA2_Channel4_5_IRQHandler               0x0800015f   Thumb Code     0  startup_stm32f10x_hd.o(.text)
    EXTI0_IRQHandler                         0x0800015f   Thumb Code     0  startup_stm32f10x_hd.o(.text)
    EXTI2_IRQHandler                         0x0800015f   Thumb Code     0  startup_stm32f10x_hd.o(.text)
    EXTI3_IRQHandler                         0x0800015f   Thumb Code     0  startup_stm32f10x_hd.o(.text)
    EXTI4_IRQHandler                         0x0800015f   Thumb Code     0  startup_stm32f10x_hd.o(.text)
    EXTI9_5_IRQHandler                       0x0800015f   Thumb Code     0  startup_stm32f10x_hd.o(.text)
    FLASH_IRQHandler                         0x0800015f   Thumb Code     0  startup_stm32f10x_hd.o(.text)
    FSMC_IRQHandler                          0x0800015f   Thumb Code     0  startup_stm32f10x_hd.o(.text)
    I2C1_ER_IRQHandler                       0x0800015f   Thumb Code     0  startup_stm32f10x_hd.o(.text)
    I2C1_EV_IRQHandler                       0x0800015f   Thumb Code     0  startup_stm32f10x_hd.o(.text)
    I2C2_ER_IRQHandler                       0x0800015f   Thumb Code     0  startup_stm32f10x_hd.o(.text)
    I2C2_EV_IRQHandler                       0x0800015f   Thumb Code     0  startup_stm32f10x_hd.o(.text)
    PVD_IRQHandler                           0x0800015f   Thumb Code     0  startup_stm32f10x_hd.o(.text)
    RCC_IRQHandler                           0x0800015f   Thumb Code     0  startup_stm32f10x_hd.o(.text)
    RTCAlarm_IRQHandler                      0x0800015f   Thumb Code     0  startup_stm32f10x_hd.o(.text)
    RTC_IRQHandler                           0x0800015f   Thumb Code     0  startup_stm32f10x_hd.o(.text)
    SDIO_IRQHandler                          0x0800015f   Thumb Code     0  startup_stm32f10x_hd.o(.text)
    SPI1_IRQHandler                          0x0800015f   Thumb Code     0  startup_stm32f10x_hd.o(.text)
    SPI2_IRQHandler                          0x0800015f   Thumb Code     0  startup_stm32f10x_hd.o(.text)
    SPI3_IRQHandler                          0x0800015f   Thumb Code     0  startup_stm32f10x_hd.o(.text)
    TAMPER_IRQHandler                        0x0800015f   Thumb Code     0  startup_stm32f10x_hd.o(.text)
    TIM1_BRK_IRQHandler                      0x0800015f   Thumb Code     0  startup_stm32f10x_hd.o(.text)
    TIM1_CC_IRQHandler                       0x0800015f   Thumb Code     0  startup_stm32f10x_hd.o(.text)
    TIM1_TRG_COM_IRQHandler                  0x0800015f   Thumb Code     0  startup_stm32f10x_hd.o(.text)
    TIM1_UP_IRQHandler                       0x0800015f   Thumb Code     0  startup_stm32f10x_hd.o(.text)
    TIM2_IRQHandler                          0x0800015f   Thumb Code     0  startup_stm32f10x_hd.o(.text)
    TIM3_IRQHandler                          0x0800015f   Thumb Code     0  startup_stm32f10x_hd.o(.text)
    TIM4_IRQHandler                          0x0800015f   Thumb Code     0  startup_stm32f10x_hd.o(.text)
    TIM5_IRQHandler                          0x0800015f   Thumb Code     0  startup_stm32f10x_hd.o(.text)
    TIM6_IRQHandler                          0x0800015f   Thumb Code     0  startup_stm32f10x_hd.o(.text)
    TIM7_IRQHandler                          0x0800015f   Thumb Code     0  startup_stm32f10x_hd.o(.text)
    TIM8_BRK_IRQHandler                      0x0800015f   Thumb Code     0  startup_stm32f10x_hd.o(.text)
    TIM8_CC_IRQHandler                       0x0800015f   Thumb Code     0  startup_stm32f10x_hd.o(.text)
    TIM8_TRG_COM_IRQHandler                  0x0800015f   Thumb Code     0  startup_stm32f10x_hd.o(.text)
    TIM8_UP_IRQHandler                       0x0800015f   Thumb Code     0  startup_stm32f10x_hd.o(.text)
    UART4_IRQHandler                         0x0800015f   Thumb Code     0  startup_stm32f10x_hd.o(.text)
    UART5_IRQHandler                         0x0800015f   Thumb Code     0  startup_stm32f10x_hd.o(.text)
    USBWakeUp_IRQHandler                     0x0800015f   Thumb Code     0  startup_stm32f10x_hd.o(.text)
    USB_HP_CAN1_TX_IRQHandler                0x0800015f   Thumb Code     0  startup_stm32f10x_hd.o(.text)
    USB_LP_CAN1_RX0_IRQHandler               0x0800015f   Thumb Code     0  startup_stm32f10x_hd.o(.text)
    WWDG_IRQHandler                          0x0800015f   Thumb Code     0  startup_stm32f10x_hd.o(.text)
    rt_hw_interrupt_disable                  0x08000169   Thumb Code     8  context_rvds.o(.text)
    rt_hw_interrupt_enable                   0x08000171   Thumb Code     6  context_rvds.o(.text)
    rt_hw_context_switch                     0x08000177   Thumb Code    32  context_rvds.o(.text)
    rt_hw_context_switch_interrupt           0x08000177   Thumb Code     0  context_rvds.o(.text)
    PendSV_Handler                           0x08000197   Thumb Code    60  context_rvds.o(.text)
    rt_hw_context_switch_to                  0x080001d3   Thumb Code    58  context_rvds.o(.text)
    rt_hw_interrupt_thread_switch            0x0800020d   Thumb Code     2  context_rvds.o(.text)
    HardFault_Handler                        0x0800020f   Thumb Code    52  context_rvds.o(.text)
    __aeabi_memcpy                           0x0800025d   Thumb Code    36  memcpya.o(.text)
    __aeabi_memcpy4                          0x0800025d   Thumb Code     0  memcpya.o(.text)
    __aeabi_memcpy8                          0x0800025d   Thumb Code     0  memcpya.o(.text)
    __aeabi_memset                           0x08000281   Thumb Code    14  memseta.o(.text)
    __aeabi_memset4                          0x08000281   Thumb Code     0  memseta.o(.text)
    __aeabi_memset8                          0x08000281   Thumb Code     0  memseta.o(.text)
    __aeabi_memclr                           0x0800028f   Thumb Code     4  memseta.o(.text)
    __aeabi_memclr4                          0x0800028f   Thumb Code     0  memseta.o(.text)
    __aeabi_memclr8                          0x0800028f   Thumb Code     0  memseta.o(.text)
    _memset$wrapper                          0x08000293   Thumb Code    18  memseta.o(.text)
    strcat                                   0x080002a5   Thumb Code    24  strcat.o(.text)
    strstr                                   0x080002bd   Thumb Code    36  strstr.o(.text)
    strncpy                                  0x080002e1   Thumb Code    24  strncpy.o(.text)
    strlen                                   0x080002f9   Thumb Code    14  strlen.o(.text)
    strcmp                                   0x08000307   Thumb Code    28  strcmp.o(.text)
    strcpy                                   0x08000323   Thumb Code    18  strcpy.o(.text)
    strncmp                                  0x08000335   Thumb Code    30  strncmp.o(.text)
    __scatterload                            0x08000355   Thumb Code    28  init.o(.text)
    __scatterload_rt2                        0x08000355   Thumb Code     0  init.o(.text)
    __decompress                             0x08000379   Thumb Code     0  __dczerorl2.o(.text)
    __decompress1                            0x08000379   Thumb Code    86  __dczerorl2.o(.text)
    main                                     0x080003cf   Thumb Code    10  components.o(i.$Sub$$main)
    BeepGpioInit                             0x080003d9   Thumb Code    48  gpio.o(i.BeepGpioInit)
    BeepOff                                  0x0800040d   Thumb Code    14  gpio.o(i.BeepOff)
    BeepOn                                   0x08000421   Thumb Code    14  gpio.o(i.BeepOn)
    BusFault_Handler                         0x08000435   Thumb Code     4  stm32f10x_it.o(i.BusFault_Handler)
    CpuInit                                  0x08000439   Thumb Code    12  system.o(i.CpuInit)
    DebugMon_Handler                         0x08000445   Thumb Code     2  stm32f10x_it.o(i.DebugMon_Handler)
    EXTI15_10_IRQHandler                     0x08000449   Thumb Code    40  exti.o(i.EXTI15_10_IRQHandler)
    EXTI1_IRQHandler                         0x080004a9   Thumb Code    26  exti.o(i.EXTI1_IRQHandler)
    EXTI_ClearFlag                           0x080004c9   Thumb Code     6  stm32f10x_exti.o(i.EXTI_ClearFlag)
    EXTI_GetFlagStatus                       0x080004d5   Thumb Code    20  stm32f10x_exti.o(i.EXTI_GetFlagStatus)
    EXTI_Init                                0x080004ed   Thumb Code   142  stm32f10x_exti.o(i.EXTI_Init)
    ExtiGpioInit                             0x08000581   Thumb Code    40  exti.o(i.ExtiGpioInit)
    ExtiInit                                 0x080005ad   Thumb Code   148  exti.o(i.ExtiInit)
    GPIO_EXTILineConfig                      0x08000641   Thumb Code    60  stm32f10x_gpio.o(i.GPIO_EXTILineConfig)
    GPIO_Init                                0x08000681   Thumb Code   278  stm32f10x_gpio.o(i.GPIO_Init)
    GPIO_ResetBits                           0x08000797   Thumb Code     4  stm32f10x_gpio.o(i.GPIO_ResetBits)
    GPIO_SetBits                             0x0800079b   Thumb Code     4  stm32f10x_gpio.o(i.GPIO_SetBits)
    GetChipFlashCapacity                     0x080007a1   Thumb Code    24  chipinfo.o(i.GetChipFlashCapacity)
    GetChipID                                0x080007dd   Thumb Code    42  chipinfo.o(i.GetChipID)
    LedGpioInit                              0x0800082d   Thumb Code    36  gpio.o(i.LedGpioInit)
    LedToggle                                0x08000855   Thumb Code     8  gpio.o(i.LedToggle)
    MemManage_Handler                        0x0800085d   Thumb Code     4  stm32f10x_it.o(i.MemManage_Handler)
    NMI_Handler                              0x08000861   Thumb Code     2  stm32f10x_it.o(i.NMI_Handler)
    NVIC_Init                                0x08000865   Thumb Code   100  misc.o(i.NVIC_Init)
    NVIC_PriorityGroupConfig                 0x080008d5   Thumb Code    10  misc.o(i.NVIC_PriorityGroupConfig)
    RCC_APB1PeriphClockCmd                   0x080008e9   Thumb Code    26  stm32f10x_rcc.o(i.RCC_APB1PeriphClockCmd)
    RCC_APB2PeriphClockCmd                   0x08000909   Thumb Code    26  stm32f10x_rcc.o(i.RCC_APB2PeriphClockCmd)
    RCC_GetClocksFreq                        0x08000929   Thumb Code   192  stm32f10x_rcc.o(i.RCC_GetClocksFreq)
    SVC_Handler                              0x080009fd   Thumb Code     2  stm32f10x_it.o(i.SVC_Handler)
    SysInit                                  0x08000ae9   Thumb Code    20  system.o(i.SysInit)
    SysTickInit                              0x08000afd   Thumb Code    84  systick.o(i.SysTickInit)
    SysTick_Handler                          0x08000b5d   Thumb Code    16  board.o(i.SysTick_Handler)
    SystemInit                               0x08000b6d   Thumb Code    78  system_stm32f10x.o(i.SystemInit)
    TaskInit                                 0x08000bcd   Thumb Code   176  task.o(i.TaskInit)
    USART1_IRQHandler                        0x08000ce1   Thumb Code    42  usart.o(i.USART1_IRQHandler)
    USART2_IRQHandler                        0x08000d11   Thumb Code   112  usart.o(i.USART2_IRQHandler)
    USART3_IRQHandler                        0x08000d91   Thumb Code    42  usart.o(i.USART3_IRQHandler)
    USART_ClearFlag                          0x08000dc1   Thumb Code    18  stm32f10x_usart.o(i.USART_ClearFlag)
    USART_Cmd                                0x08000dd3   Thumb Code    24  stm32f10x_usart.o(i.USART_Cmd)
    USART_GetFlagStatus                      0x08000deb   Thumb Code    26  stm32f10x_usart.o(i.USART_GetFlagStatus)
    USART_ITConfig                           0x08000e05   Thumb Code    74  stm32f10x_usart.o(i.USART_ITConfig)
    USART_Init                               0x08000e51   Thumb Code   210  stm32f10x_usart.o(i.USART_Init)
    USART_ReceiveData                        0x08000f29   Thumb Code    10  stm32f10x_usart.o(i.USART_ReceiveData)
    USART_SendData                           0x08000f33   Thumb Code     8  stm32f10x_usart.o(i.USART_SendData)
    UsageFault_Handler                       0x08000f3b   Thumb Code     4  stm32f10x_it.o(i.UsageFault_Handler)
    UsartInit                                0x08000f41   Thumb Code   308  usart.o(i.UsartInit)
    __rt_ffs                                 0x08001081   Thumb Code    70  kservice.o(i.__rt_ffs)
    __scatterload_copy                       0x080010cd   Thumb Code    14  handlers.o(i.__scatterload_copy)
    __scatterload_null                       0x080010db   Thumb Code     2  handlers.o(i.__scatterload_null)
    __scatterload_zeroinit                   0x080010dd   Thumb Code    14  handlers.o(i.__scatterload_zeroinit)
    cmd_free                                 0x0800135d   Thumb Code    14  msh.o(i.cmd_free)
    cmd_ps                                   0x0800136b   Thumb Code    14  msh.o(i.cmd_ps)
    finsh_get_prompt                         0x08001379   Thumb Code    84  shell.o(i.finsh_get_prompt)
    finsh_set_prompt_mode                    0x080013f5   Thumb Code    22  shell.o(i.finsh_set_prompt_mode)
    finsh_system_function_init               0x08001411   Thumb Code    10  shell.o(i.finsh_system_function_init)
    finsh_system_init                        0x08001425   Thumb Code    98  shell.o(i.finsh_system_init)
    finsh_thread_entry                       0x080014c1   Thumb Code   936  shell.o(i.finsh_thread_entry)
    hello                                    0x08001909   Thumb Code    12  cmd.o(i.hello)
    led_thread_entry                         0x08001929   Thumb Code    20  task.o(i.led_thread_entry)
    list                                     0x08001941   Thumb Code    52  cmd.o(i.list)
    list_event                               0x08001999   Thumb Code   204  cmd.o(i.list_event)
    list_mailbox                             0x08001b91   Thumb Code   224  cmd.o(i.list_mailbox)
    list_mem                                 0x08001ced   Thumb Code    34  mem.o(i.list_mem)
    list_msgqueue                            0x08001d65   Thumb Code   216  cmd.o(i.list_msgqueue)
    list_mutex                               0x08001ea9   Thumb Code   170  cmd.o(i.list_mutex)
    list_sem                                 0x08001fb9   Thumb Code   216  cmd.o(i.list_sem)
    list_thread                              0x080020f1   Thumb Code   294  cmd.o(i.list_thread)
    list_timer                               0x080022d5   Thumb Code   190  cmd.o(i.list_timer)
    $Super$$main                             0x08002435   Thumb Code    24  main.o(i.main)
    main_thread_entry                        0x08002451   Thumb Code    14  components.o(i.main_thread_entry)
    msg_process_thread_entry                 0x08002549   Thumb Code    52  task.o(i.msg_process_thread_entry)
    msh_auto_complete                        0x080025b5   Thumb Code   138  msh.o(i.msh_auto_complete)
    msh_exec                                 0x08002655   Thumb Code    82  msh.o(i.msh_exec)
    msh_help                                 0x0800271d   Thumb Code    64  msh.o(i.msh_help)
    msh_is_used                              0x08002791   Thumb Code     4  msh.o(i.msh_is_used)
    rt_application_init                      0x08002ab1   Thumb Code    34  components.o(i.rt_application_init)
    rt_calloc                                0x08002ae1   Thumb Code    34  mem.o(i.rt_calloc)
    rt_components_board_init                 0x08002b05   Thumb Code    20  components.o(i.rt_components_board_init)
    rt_components_init                       0x08002b21   Thumb Code    20  components.o(i.rt_components_init)
    rt_enter_critical                        0x08002b3d   Thumb Code    28  scheduler.o(i.rt_enter_critical)
    rt_exit_critical                         0x08002b5d   Thumb Code    60  scheduler.o(i.rt_exit_critical)
    rt_free                                  0x08002ba1   Thumb Code   128  mem.o(i.rt_free)
    rt_heap_begin_get                        0x08002c81   Thumb Code     4  board.o(i.rt_heap_begin_get)
    rt_heap_end_get                          0x08002c89   Thumb Code     4  board.o(i.rt_heap_end_get)
    rt_hw_board_init                         0x08002c91   Thumb Code    30  board.o(i.rt_hw_board_init)
    rt_hw_console_getchar                    0x08002cb1   Thumb Code    58  usart.o(i.rt_hw_console_getchar)
    rt_hw_console_output                     0x08002cf1   Thumb Code    74  usart.o(i.rt_hw_console_output)
    rt_hw_hard_fault_exception               0x08002d41   Thumb Code   198  cpuport.o(i.rt_hw_hard_fault_exception)
    rt_hw_stack_init                         0x08002f49   Thumb Code    70  cpuport.o(i.rt_hw_stack_init)
    rt_interrupt_enter                       0x08002f95   Thumb Code    26  irq.o(i.rt_interrupt_enter)
    rt_interrupt_leave                       0x08002fb5   Thumb Code    26  irq.o(i.rt_interrupt_leave)
    rt_kprintf                               0x08003099   Thumb Code    44  kservice.o(i.rt_kprintf)
    rt_malloc                                0x0800317d   Thumb Code   336  mem.o(i.rt_malloc)
    rt_memcpy                                0x080032e9   Thumb Code   124  kservice.o(i.rt_memcpy)
    rt_memmove                               0x08003365   Thumb Code    66  kservice.o(i.rt_memmove)
    rt_memset                                0x080033a7   Thumb Code    72  kservice.o(i.rt_memset)
    rt_mq_create                             0x080033ef   Thumb Code   128  ipc.o(i.rt_mq_create)
    rt_mq_delete                             0x0800346f   Thumb Code    28  ipc.o(i.rt_mq_delete)
    rt_mq_recv                               0x0800348b   Thumb Code   252  ipc.o(i.rt_mq_recv)
    rt_mq_send                               0x08003587   Thumb Code   140  ipc.o(i.rt_mq_send)
    rt_object_allocate                       0x08003613   Thumb Code    84  object.o(i.rt_object_allocate)
    rt_object_delete                         0x08003667   Thumb Code    36  object.o(i.rt_object_delete)
    rt_object_detach                         0x0800368b   Thumb Code    30  object.o(i.rt_object_detach)
    rt_object_get_information                0x080036a9   Thumb Code    36  object.o(i.rt_object_get_information)
    rt_object_init                           0x080036d1   Thumb Code    86  object.o(i.rt_object_init)
    rt_object_is_systemobject                0x08003727   Thumb Code    18  object.o(i.rt_object_is_systemobject)
    rt_schedule                              0x08003739   Thumb Code   106  scheduler.o(i.rt_schedule)
    rt_schedule_insert_thread                0x080037bd   Thumb Code    72  scheduler.o(i.rt_schedule_insert_thread)
    rt_schedule_remove_thread                0x0800380d   Thumb Code    76  scheduler.o(i.rt_schedule_remove_thread)
    rt_sem_create                            0x08003861   Thumb Code    42  ipc.o(i.rt_sem_create)
    rt_sem_init                              0x0800388b   Thumb Code    38  ipc.o(i.rt_sem_init)
    rt_sem_release                           0x080038b1   Thumb Code    58  ipc.o(i.rt_sem_release)
    rt_sem_take                              0x080038eb   Thumb Code   116  ipc.o(i.rt_sem_take)
    rt_show_version                          0x08003961   Thumb Code    38  kservice.o(i.rt_show_version)
    rt_strlen                                0x08003a11   Thumb Code    18  kservice.o(i.rt_strlen)
    rt_strncpy                               0x08003a23   Thumb Code    52  kservice.o(i.rt_strncpy)
    rt_system_heap_init                      0x08003a59   Thumb Code   160  mem.o(i.rt_system_heap_init)
    rt_system_scheduler_init                 0x08003b51   Thumb Code    52  scheduler.o(i.rt_system_scheduler_init)
    rt_system_scheduler_start                0x08003b9d   Thumb Code    36  scheduler.o(i.rt_system_scheduler_start)
    rt_system_timer_init                     0x08003bcd   Thumb Code    24  timer.o(i.rt_system_timer_init)
    rt_system_timer_thread_init              0x08003be9   Thumb Code     2  timer.o(i.rt_system_timer_thread_init)
    rt_thread_create                         0x08003beb   Thumb Code    80  thread.o(i.rt_thread_create)
    rt_thread_exit                           0x08003c3d   Thumb Code    78  thread.o(i.rt_thread_exit)
    rt_thread_idle_excute                    0x08003c9d   Thumb Code   138  idle.o(i.rt_thread_idle_excute)
    rt_thread_idle_init                      0x08003d2d   Thumb Code    38  idle.o(i.rt_thread_idle_init)
    rt_thread_init                           0x08003d69   Thumb Code    52  thread.o(i.rt_thread_init)
    rt_thread_mdelay                         0x08003d9d   Thumb Code    20  thread.o(i.rt_thread_mdelay)
    rt_thread_resume                         0x08003db1   Thumb Code    60  thread.o(i.rt_thread_resume)
    rt_thread_self                           0x08003ded   Thumb Code     6  thread.o(i.rt_thread_self)
    rt_thread_sleep                          0x08003df9   Thumb Code    62  thread.o(i.rt_thread_sleep)
    rt_thread_startup                        0x08003e3d   Thumb Code    44  thread.o(i.rt_thread_startup)
    rt_thread_suspend                        0x08003e69   Thumb Code    68  thread.o(i.rt_thread_suspend)
    rt_thread_timeout                        0x08003ead   Thumb Code    32  thread.o(i.rt_thread_timeout)
    rt_thread_yield                          0x08003ecd   Thumb Code    92  thread.o(i.rt_thread_yield)
    rt_tick_from_millisecond                 0x08003f31   Thumb Code    56  clock.o(i.rt_tick_from_millisecond)
    rt_tick_get                              0x08003f69   Thumb Code     6  clock.o(i.rt_tick_get)
    rt_tick_increase                         0x08003f75   Thumb Code    42  clock.o(i.rt_tick_increase)
    rt_timer_check                           0x08003fa5   Thumb Code   118  timer.o(i.rt_timer_check)
    rt_timer_control                         0x08004021   Thumb Code    56  timer.o(i.rt_timer_control)
    rt_timer_detach                          0x08004059   Thumb Code    32  timer.o(i.rt_timer_detach)
    rt_timer_init                            0x08004079   Thumb Code    46  timer.o(i.rt_timer_init)
    rt_timer_start                           0x080040a9   Thumb Code   238  timer.o(i.rt_timer_start)
    rt_timer_stop                            0x080041a1   Thumb Code    48  timer.o(i.rt_timer_stop)
    rt_vsnprintf                             0x080041d1   Thumb Code   808  kservice.o(i.rt_vsnprintf)
    rtthread_startup                         0x08004511   Thumb Code    42  components.o(i.rtthread_startup)
    usart2_recv_thread_entry                 0x080046d5   Thumb Code    74  task.o(i.usart2_recv_thread_entry)
    version                                  0x0800475d   Thumb Code    10  cmd.o(i.version)
    __fsym___cmd_BeepOn_name                 0x08004766   Data          13  gpio.o(.constdata)
    __fsym___cmd_BeepOff_name                0x08004773   Data          14  gpio.o(.constdata)
    __fsym___cmd_GetChipID_name              0x08004781   Data          16  chipinfo.o(.constdata)
    __fsym___cmd_GetChipFlashCapacity_name   0x08004791   Data          27  chipinfo.o(.constdata)
    __lowest_bit_bitmap                      0x080047ac   Data         256  kservice.o(.constdata)
    __fsym_list_mem_name                     0x080048ce   Data           9  mem.o(.constdata)
    __fsym_hello_name                        0x080048d7   Data           6  cmd.o(.constdata)
    __fsym_version_name                      0x080048dd   Data           8  cmd.o(.constdata)
    __fsym___cmd_version_name                0x080048e5   Data          14  cmd.o(.constdata)
    __fsym_list_thread_name                  0x080048f3   Data          12  cmd.o(.constdata)
    __fsym___cmd_list_thread_name            0x080048ff   Data          18  cmd.o(.constdata)
    __fsym_list_sem_name                     0x08004911   Data           9  cmd.o(.constdata)
    __fsym___cmd_list_sem_name               0x0800491a   Data          15  cmd.o(.constdata)
    __fsym_list_event_name                   0x08004929   Data          11  cmd.o(.constdata)
    __fsym___cmd_list_event_name             0x08004934   Data          17  cmd.o(.constdata)
    __fsym_list_mutex_name                   0x08004945   Data          11  cmd.o(.constdata)
    __fsym___cmd_list_mutex_name             0x08004950   Data          17  cmd.o(.constdata)
    __fsym_list_mailbox_name                 0x08004961   Data          13  cmd.o(.constdata)
    __fsym___cmd_list_mailbox_name           0x0800496e   Data          19  cmd.o(.constdata)
    __fsym_list_msgqueue_name                0x08004981   Data          14  cmd.o(.constdata)
    __fsym___cmd_list_msgqueue_name          0x0800498f   Data          20  cmd.o(.constdata)
    __fsym_list_timer_name                   0x080049a3   Data          11  cmd.o(.constdata)
    __fsym___cmd_list_timer_name             0x080049ae   Data          17  cmd.o(.constdata)
    __fsym_list_name                         0x080049bf   Data           5  cmd.o(.constdata)
    __fsym___cmd_help_name                   0x080049c4   Data          11  msh.o(.constdata)
    __fsym___cmd_ps_name                     0x080049cf   Data           9  msh.o(.constdata)
    __fsym___cmd_free_name                   0x080049d8   Data          11  msh.o(.constdata)
    __rt_init_rti_start                      0x08004a58   Data           4  components.o(.rti_fn.0)
    __rt_init_rti_board_start                0x08004a5c   Data           4  components.o(.rti_fn.0.end)
    __rt_init_BeepGpioInit                   0x08004a60   Data           4  gpio.o(.rti_fn.1)
    __rt_init_ExtiInit                       0x08004a64   Data           4  exti.o(.rti_fn.1)
    __rt_init_rti_board_end                  0x08004a68   Data           4  components.o(.rti_fn.1.end)
    __rt_init_finsh_system_init              0x08004a6c   Data           4  shell.o(.rti_fn.6)
    __rt_init_rti_end                        0x08004a70   Data           4  components.o(.rti_fn.6.end)
    FSymTab$$Base                            0x08004a74   Number         0  gpio.o(FSymTab)
    __fsym___cmd_BeepOn                      0x08004a74   Data           8  gpio.o(FSymTab)
    __fsym___cmd_BeepOff                     0x08004a7c   Data           8  gpio.o(FSymTab)
    __fsym___cmd_GetChipID                   0x08004a84   Data           8  chipinfo.o(FSymTab)
    __fsym___cmd_GetChipFlashCapacity        0x08004a8c   Data           8  chipinfo.o(FSymTab)
    __fsym_list_mem                          0x08004a94   Data           8  mem.o(FSymTab)
    __fsym_hello                             0x08004a9c   Data           8  cmd.o(FSymTab)
    __fsym_version                           0x08004aa4   Data           8  cmd.o(FSymTab)
    __fsym___cmd_version                     0x08004aac   Data           8  cmd.o(FSymTab)
    __fsym_list_thread                       0x08004ab4   Data           8  cmd.o(FSymTab)
    __fsym___cmd_list_thread                 0x08004abc   Data           8  cmd.o(FSymTab)
    __fsym_list_sem                          0x08004ac4   Data           8  cmd.o(FSymTab)
    __fsym___cmd_list_sem                    0x08004acc   Data           8  cmd.o(FSymTab)
    __fsym_list_event                        0x08004ad4   Data           8  cmd.o(FSymTab)
    __fsym___cmd_list_event                  0x08004adc   Data           8  cmd.o(FSymTab)
    __fsym_list_mutex                        0x08004ae4   Data           8  cmd.o(FSymTab)
    __fsym___cmd_list_mutex                  0x08004aec   Data           8  cmd.o(FSymTab)
    __fsym_list_mailbox                      0x08004af4   Data           8  cmd.o(FSymTab)
    __fsym___cmd_list_mailbox                0x08004afc   Data           8  cmd.o(FSymTab)
    __fsym_list_msgqueue                     0x08004b04   Data           8  cmd.o(FSymTab)
    __fsym___cmd_list_msgqueue               0x08004b0c   Data           8  cmd.o(FSymTab)
    __fsym_list_timer                        0x08004b14   Data           8  cmd.o(FSymTab)
    __fsym___cmd_list_timer                  0x08004b1c   Data           8  cmd.o(FSymTab)
    __fsym_list                              0x08004b24   Data           8  cmd.o(FSymTab)
    __fsym___cmd_help                        0x08004b2c   Data           8  msh.o(FSymTab)
    __fsym___cmd_ps                          0x08004b34   Data           8  msh.o(FSymTab)
    __fsym___cmd_free                        0x08004b3c   Data           8  msh.o(FSymTab)
    FSymTab$$Limit                           0x08004b44   Number         0  msh.o(FSymTab)
    Region$$Table$$Base                      0x08004b44   Number         0  anon$$obj.o(Region$$Table)
    Region$$Table$$Limit                     0x08004b64   Number         0  anon$$obj.o(Region$$Table)
    SystemCoreClock                          0x20000000   Data           4  system_stm32f10x.o(.data)
    AHBPrescTable                            0x20000004   Data          16  system_stm32f10x.o(.data)
    g_Var                                    0x20000028   Data           1  main.o(.data)
    usart2_recv_sem                          0x2000002c   Data           4  main.o(.data)
    msg_mq                                   0x20000030   Data           4  main.o(.data)
    Tasks                                    0x20000038   Data          96  task.o(.data)
    g_USART1_RecPos                          0x20000098   Data           2  usart.o(.data)
    g_USART2_RecPos                          0x2000009a   Data           2  usart.o(.data)
    rt_interrupt_nest                        0x200000a0   Data           1  irq.o(.data)
    rt_current_thread                        0x20000130   Data           4  scheduler.o(.data)
    rt_current_priority                      0x20000134   Data           1  scheduler.o(.data)
    rt_thread_ready_priority_group           0x20000138   Data           4  scheduler.o(.data)
    rt_thread_defunct                        0x2000013c   Data           8  scheduler.o(.data)
    rt_interrupt_from_thread                 0x20000150   Data           4  cpuport.o(.data)
    rt_interrupt_to_thread                   0x20000154   Data           4  cpuport.o(.data)
    rt_thread_switch_interrupt_flag          0x20000158   Data           4  cpuport.o(.data)
    _syscall_table_begin                     0x20000160   Data           4  shell.o(.data)
    _syscall_table_end                       0x20000164   Data           4  shell.o(.data)
    _sysvar_table_begin                      0x20000168   Data           4  shell.o(.data)
    _sysvar_table_end                        0x2000016c   Data           4  shell.o(.data)
    shell                                    0x20000170   Data           4  shell.o(.data)
    g_USART1_RxBuf                           0x20002178   Data         256  usart.o(.bss)
    g_USART2_RxBuf                           0x20002278   Data         256  usart.o(.bss)
    ChipUID                                  0x20002378   Data          12  chipinfo.o(.bss)
    rt_thread_priority_table                 0x200025bc   Data         256  scheduler.o(.bss)
    __initial_sp                             0x20002b40   Data           0  startup_stm32f10x_hd.o(STACK)



==============================================================================

Memory Map of the image

  Image Entry point : 0x08000131

  Load Region LR_IROM1 (Base: 0x08000000, Size: 0x00004cdc, Max: 0x00010000, ABSOLUTE, COMPRESSED[0x00004be8])

    Execution Region ER_IROM1 (Exec base: 0x08000000, Load base: 0x08000000, Size: 0x00004b64, Max: 0x00010000, ABSOLUTE)

    Exec Addr    Load Addr    Size         Type   Attr      Idx    E Section Name        Object

    0x08000000   0x08000000   0x00000130   Data   RO            3    RESET               startup_stm32f10x_hd.o
    0x08000130   0x08000130   0x00000000   Code   RO         4914  * .ARM.Collect$$$$00000000  mc_w.l(entry.o)
    0x08000130   0x08000130   0x00000004   Code   RO         4937    .ARM.Collect$$$$00000001  mc_w.l(entry2.o)
    0x08000134   0x08000134   0x00000004   Code   RO         4940    .ARM.Collect$$$$00000004  mc_w.l(entry5.o)
    0x08000138   0x08000138   0x00000000   Code   RO         4942    .ARM.Collect$$$$00000008  mc_w.l(entry7b.o)
    0x08000138   0x08000138   0x00000000   Code   RO         4944    .ARM.Collect$$$$0000000A  mc_w.l(entry8b.o)
    0x08000138   0x08000138   0x00000008   Code   RO         4945    .ARM.Collect$$$$0000000B  mc_w.l(entry9a.o)
    0x08000140   0x08000140   0x00000000   Code   RO         4947    .ARM.Collect$$$$0000000D  mc_w.l(entry10a.o)
    0x08000140   0x08000140   0x00000000   Code   RO         4949    .ARM.Collect$$$$0000000F  mc_w.l(entry11a.o)
    0x08000140   0x08000140   0x00000004   Code   RO         4938    .ARM.Collect$$$$00002712  mc_w.l(entry2.o)
    0x08000144   0x08000144   0x00000024   Code   RO            4    .text               startup_stm32f10x_hd.o
    0x08000168   0x08000168   0x000000f4   Code   RO         4586    .text               context_rvds.o
    0x0800025c   0x0800025c   0x00000024   Code   RO         4917    .text               mc_w.l(memcpya.o)
    0x08000280   0x08000280   0x00000024   Code   RO         4919    .text               mc_w.l(memseta.o)
    0x080002a4   0x080002a4   0x00000018   Code   RO         4921    .text               mc_w.l(strcat.o)
    0x080002bc   0x080002bc   0x00000024   Code   RO         4923    .text               mc_w.l(strstr.o)
    0x080002e0   0x080002e0   0x00000018   Code   RO         4925    .text               mc_w.l(strncpy.o)
    0x080002f8   0x080002f8   0x0000000e   Code   RO         4927    .text               mc_w.l(strlen.o)
    0x08000306   0x08000306   0x0000001c   Code   RO         4929    .text               mc_w.l(strcmp.o)
    0x08000322   0x08000322   0x00000012   Code   RO         4931    .text               mc_w.l(strcpy.o)
    0x08000334   0x08000334   0x0000001e   Code   RO         4933    .text               mc_w.l(strncmp.o)
    0x08000352   0x08000352   0x00000002   PAD
    0x08000354   0x08000354   0x00000024   Code   RO         4951    .text               mc_w.l(init.o)
    0x08000378   0x08000378   0x00000056   Code   RO         4961    .text               mc_w.l(__dczerorl2.o)
    0x080003ce   0x080003ce   0x0000000a   Code   RO         3539    i.$Sub$$main        components.o
    0x080003d8   0x080003d8   0x00000034   Code   RO         3332    i.BeepGpioInit      gpio.o
    0x0800040c   0x0800040c   0x00000014   Code   RO         3333    i.BeepOff           gpio.o
    0x08000420   0x08000420   0x00000014   Code   RO         3334    i.BeepOn            gpio.o
    0x08000434   0x08000434   0x00000004   Code   RO         3183    i.BusFault_Handler  stm32f10x_it.o
    0x08000438   0x08000438   0x0000000c   Code   RO         3228    i.CpuInit           system.o
    0x08000444   0x08000444   0x00000002   Code   RO         3184    i.DebugMon_Handler  stm32f10x_it.o
    0x08000446   0x08000446   0x00000002   PAD
    0x08000448   0x08000448   0x00000060   Code   RO         3468    i.EXTI15_10_IRQHandler  exti.o
    0x080004a8   0x080004a8   0x00000020   Code   RO         3469    i.EXTI1_IRQHandler  exti.o
    0x080004c8   0x080004c8   0x0000000c   Code   RO          938    i.EXTI_ClearFlag    stm32f10x_exti.o
    0x080004d4   0x080004d4   0x00000018   Code   RO          942    i.EXTI_GetFlagStatus  stm32f10x_exti.o
    0x080004ec   0x080004ec   0x00000094   Code   RO          944    i.EXTI_Init         stm32f10x_exti.o
    0x08000580   0x08000580   0x0000002c   Code   RO         3470    i.ExtiGpioInit      exti.o
    0x080005ac   0x080005ac   0x00000094   Code   RO         3471    i.ExtiInit          exti.o
    0x08000640   0x08000640   0x00000040   Code   RO         1289    i.GPIO_EXTILineConfig  stm32f10x_gpio.o
    0x08000680   0x08000680   0x00000116   Code   RO         1292    i.GPIO_Init         stm32f10x_gpio.o
    0x08000796   0x08000796   0x00000004   Code   RO         1299    i.GPIO_ResetBits    stm32f10x_gpio.o
    0x0800079a   0x0800079a   0x00000004   Code   RO         1300    i.GPIO_SetBits      stm32f10x_gpio.o
    0x0800079e   0x0800079e   0x00000002   PAD
    0x080007a0   0x080007a0   0x0000003c   Code   RO         3445    i.GetChipFlashCapacity  chipinfo.o
    0x080007dc   0x080007dc   0x00000050   Code   RO         3446    i.GetChipID         chipinfo.o
    0x0800082c   0x0800082c   0x00000028   Code   RO         3336    i.LedGpioInit       gpio.o
    0x08000854   0x08000854   0x00000008   Code   RO         3337    i.LedToggle         gpio.o
    0x0800085c   0x0800085c   0x00000004   Code   RO         3185    i.MemManage_Handler  stm32f10x_it.o
    0x08000860   0x08000860   0x00000002   Code   RO         3186    i.NMI_Handler       stm32f10x_it.o
    0x08000862   0x08000862   0x00000002   PAD
    0x08000864   0x08000864   0x00000070   Code   RO          137    i.NVIC_Init         misc.o
    0x080008d4   0x080008d4   0x00000014   Code   RO          138    i.NVIC_PriorityGroupConfig  misc.o
    0x080008e8   0x080008e8   0x00000020   Code   RO         1708    i.RCC_APB1PeriphClockCmd  stm32f10x_rcc.o
    0x08000908   0x08000908   0x00000020   Code   RO         1710    i.RCC_APB2PeriphClockCmd  stm32f10x_rcc.o
    0x08000928   0x08000928   0x000000d4   Code   RO         1718    i.RCC_GetClocksFreq  stm32f10x_rcc.o
    0x080009fc   0x080009fc   0x00000002   Code   RO         3187    i.SVC_Handler       stm32f10x_it.o
    0x080009fe   0x080009fe   0x00000008   Code   RO           24    i.SetSysClock       system_stm32f10x.o
    0x08000a06   0x08000a06   0x00000002   PAD
    0x08000a08   0x08000a08   0x000000e0   Code   RO           25    i.SetSysClockTo72   system_stm32f10x.o
    0x08000ae8   0x08000ae8   0x00000014   Code   RO         3229    i.SysInit           system.o
    0x08000afc   0x08000afc   0x00000060   Code   RO         3316    i.SysTickInit       systick.o
    0x08000b5c   0x08000b5c   0x00000010   Code   RO         3250    i.SysTick_Handler   board.o
    0x08000b6c   0x08000b6c   0x00000060   Code   RO           27    i.SystemInit        system_stm32f10x.o
    0x08000bcc   0x08000bcc   0x00000114   Code   RO         3282    i.TaskInit          task.o
    0x08000ce0   0x08000ce0   0x00000030   Code   RO         3379    i.USART1_IRQHandler  usart.o
    0x08000d10   0x08000d10   0x00000080   Code   RO         3380    i.USART2_IRQHandler  usart.o
    0x08000d90   0x08000d90   0x00000030   Code   RO         3381    i.USART3_IRQHandler  usart.o
    0x08000dc0   0x08000dc0   0x00000012   Code   RO         2874    i.USART_ClearFlag   stm32f10x_usart.o
    0x08000dd2   0x08000dd2   0x00000018   Code   RO         2878    i.USART_Cmd         stm32f10x_usart.o
    0x08000dea   0x08000dea   0x0000001a   Code   RO         2881    i.USART_GetFlagStatus  stm32f10x_usart.o
    0x08000e04   0x08000e04   0x0000004a   Code   RO         2884    i.USART_ITConfig    stm32f10x_usart.o
    0x08000e4e   0x08000e4e   0x00000002   PAD
    0x08000e50   0x08000e50   0x000000d8   Code   RO         2885    i.USART_Init        stm32f10x_usart.o
    0x08000f28   0x08000f28   0x0000000a   Code   RO         2892    i.USART_ReceiveData  stm32f10x_usart.o
    0x08000f32   0x08000f32   0x00000008   Code   RO         2895    i.USART_SendData    stm32f10x_usart.o
    0x08000f3a   0x08000f3a   0x00000004   Code   RO         3188    i.UsageFault_Handler  stm32f10x_it.o
    0x08000f3e   0x08000f3e   0x00000002   PAD
    0x08000f40   0x08000f40   0x00000140   Code   RO         3382    i.UsartInit         usart.o
    0x08001080   0x08001080   0x0000004c   Code   RO         3952    i.__rt_ffs          kservice.o
    0x080010cc   0x080010cc   0x0000000e   Code   RO         4955    i.__scatterload_copy  mc_w.l(handlers.o)
    0x080010da   0x080010da   0x00000002   Code   RO         4956    i.__scatterload_null  mc_w.l(handlers.o)
    0x080010dc   0x080010dc   0x0000000e   Code   RO         4957    i.__scatterload_zeroinit  mc_w.l(handlers.o)
    0x080010ea   0x080010ea   0x00000002   PAD
    0x080010ec   0x080010ec   0x00000014   Code   RO         3613    i._has_defunct_thread  idle.o
    0x08001100   0x08001100   0x0000006a   Code   RO         4753    i._msh_exec_cmd     msh.o
    0x0800116a   0x0800116a   0x00000002   PAD
    0x0800116c   0x0800116c   0x00000084   Code   RO         4358    i._rt_thread_init   thread.o
    0x080011f0   0x080011f0   0x00000042   Code   RO         4479    i._rt_timer_init    timer.o
    0x08001232   0x08001232   0x0000002e   Code   RO         4480    i._rt_timer_remove  timer.o
    0x08001260   0x08001260   0x000000fc   Code   RO         4590    i.bus_fault_track   cpuport.o
    0x0800135c   0x0800135c   0x0000000e   Code   RO         4754    i.cmd_free          msh.o
    0x0800136a   0x0800136a   0x0000000e   Code   RO         4755    i.cmd_ps            msh.o
    0x08001378   0x08001378   0x00000074   Code   RO         4826    i.finsh_get_prompt  shell.o
    0x080013ec   0x080013ec   0x00000008   Code   RO         4828    i.finsh_getchar     shell.o
    0x080013f4   0x080013f4   0x0000001c   Code   RO         4831    i.finsh_set_prompt_mode  shell.o
    0x08001410   0x08001410   0x00000014   Code   RO         4832    i.finsh_system_function_init  shell.o
    0x08001424   0x08001424   0x0000009c   Code   RO         4833    i.finsh_system_init  shell.o
    0x080014c0   0x080014c0   0x000003c8   Code   RO         4835    i.finsh_thread_entry  shell.o
    0x08001888   0x08001888   0x00000080   Code   RO         4591    i.hard_fault_track  cpuport.o
    0x08001908   0x08001908   0x00000020   Code   RO         4649    i.hello             cmd.o
    0x08001928   0x08001928   0x00000018   Code   RO         3283    i.led_thread_entry  task.o
    0x08001940   0x08001940   0x00000058   Code   RO         4650    i.list              cmd.o
    0x08001998   0x08001998   0x00000144   Code   RO         4651    i.list_event        cmd.o
    0x08001adc   0x08001adc   0x0000002a   Code   RO         4652    i.list_find_init    cmd.o
    0x08001b06   0x08001b06   0x00000088   Code   RO         4653    i.list_get_next     cmd.o
    0x08001b8e   0x08001b8e   0x00000002   PAD
    0x08001b90   0x08001b90   0x0000015c   Code   RO         4654    i.list_mailbox      cmd.o
    0x08001cec   0x08001cec   0x00000078   Code   RO         4129    i.list_mem          mem.o
    0x08001d64   0x08001d64   0x00000144   Code   RO         4655    i.list_msgqueue     cmd.o
    0x08001ea8   0x08001ea8   0x00000110   Code   RO         4656    i.list_mutex        cmd.o
    0x08001fb8   0x08001fb8   0x00000138   Code   RO         4657    i.list_sem          cmd.o
    0x080020f0   0x080020f0   0x000001e4   Code   RO         4658    i.list_thread       cmd.o
    0x080022d4   0x080022d4   0x00000160   Code   RO         4659    i.list_timer        cmd.o
    0x08002434   0x08002434   0x0000001c   Code   RO         3108    i.main              main.o
    0x08002450   0x08002450   0x0000000e   Code   RO         3540    i.main_thread_entry  components.o
    0x0800245e   0x0800245e   0x00000002   PAD
    0x08002460   0x08002460   0x000000e8   Code   RO         4592    i.mem_manage_fault_track  cpuport.o
    0x08002548   0x08002548   0x0000006c   Code   RO         3284    i.msg_process_thread_entry  task.o
    0x080025b4   0x080025b4   0x000000a0   Code   RO         4756    i.msh_auto_complete  msh.o
    0x08002654   0x08002654   0x0000006c   Code   RO         4757    i.msh_exec          msh.o
    0x080026c0   0x080026c0   0x0000005c   Code   RO         4758    i.msh_get_cmd       msh.o
    0x0800271c   0x0800271c   0x00000074   Code   RO         4759    i.msh_help          msh.o
    0x08002790   0x08002790   0x00000004   Code   RO         4760    i.msh_is_used       msh.o
    0x08002794   0x08002794   0x000000f0   Code   RO         4761    i.msh_split         msh.o
    0x08002884   0x08002884   0x0000001c   Code   RO         4660    i.object_split      cmd.o
    0x080028a0   0x080028a0   0x00000078   Code   RO         4130    i.plug_holes        mem.o
    0x08002918   0x08002918   0x00000198   Code   RO         3954    i.print_number      kservice.o
    0x08002ab0   0x08002ab0   0x00000030   Code   RO         3541    i.rt_application_init  components.o
    0x08002ae0   0x08002ae0   0x00000022   Code   RO         4131    i.rt_calloc         mem.o
    0x08002b02   0x08002b02   0x00000002   PAD
    0x08002b04   0x08002b04   0x0000001c   Code   RO         3542    i.rt_components_board_init  components.o
    0x08002b20   0x08002b20   0x0000001c   Code   RO         3543    i.rt_components_init  components.o
    0x08002b3c   0x08002b3c   0x00000020   Code   RO         4286    i.rt_enter_critical  scheduler.o
    0x08002b5c   0x08002b5c   0x00000044   Code   RO         4287    i.rt_exit_critical  scheduler.o
    0x08002ba0   0x08002ba0   0x000000e0   Code   RO         4132    i.rt_free           mem.o
    0x08002c80   0x08002c80   0x00000008   Code   RO         3251    i.rt_heap_begin_get  board.o
    0x08002c88   0x08002c88   0x00000008   Code   RO         3252    i.rt_heap_end_get   board.o
    0x08002c90   0x08002c90   0x0000001e   Code   RO         3253    i.rt_hw_board_init  board.o
    0x08002cae   0x08002cae   0x00000002   PAD
    0x08002cb0   0x08002cb0   0x00000040   Code   RO         3386    i.rt_hw_console_getchar  usart.o
    0x08002cf0   0x08002cf0   0x00000050   Code   RO         3387    i.rt_hw_console_output  usart.o
    0x08002d40   0x08002d40   0x00000208   Code   RO         4596    i.rt_hw_hard_fault_exception  cpuport.o
    0x08002f48   0x08002f48   0x0000004c   Code   RO         4597    i.rt_hw_stack_init  cpuport.o
    0x08002f94   0x08002f94   0x00000020   Code   RO         3925    i.rt_interrupt_enter  irq.o
    0x08002fb4   0x08002fb4   0x00000020   Code   RO         3927    i.rt_interrupt_leave  irq.o
    0x08002fd4   0x08002fd4   0x00000014   Code   RO         3660    i.rt_ipc_list_resume  ipc.o
    0x08002fe8   0x08002fe8   0x00000032   Code   RO         3661    i.rt_ipc_list_resume_all  ipc.o
    0x0800301a   0x0800301a   0x0000006c   Code   RO         3662    i.rt_ipc_list_suspend  ipc.o
    0x08003086   0x08003086   0x00000010   Code   RO         3663    i.rt_ipc_object_init  ipc.o
    0x08003096   0x08003096   0x00000002   PAD
    0x08003098   0x08003098   0x00000030   Code   RO         3958    i.rt_kprintf        kservice.o
    0x080030c8   0x080030c8   0x00000006   Code   RO         3664    i.rt_list_init      ipc.o
    0x080030ce   0x080030ce   0x00000006   Code   RO         4288    i.rt_list_init      scheduler.o
    0x080030d4   0x080030d4   0x00000006   Code   RO         4481    i.rt_list_init      timer.o
    0x080030da   0x080030da   0x0000000e   Code   RO         4210    i.rt_list_insert_after  object.o
    0x080030e8   0x080030e8   0x0000000e   Code   RO         4359    i.rt_list_insert_after  thread.o
    0x080030f6   0x080030f6   0x0000000e   Code   RO         4482    i.rt_list_insert_after  timer.o
    0x08003104   0x08003104   0x0000000e   Code   RO         3665    i.rt_list_insert_before  ipc.o
    0x08003112   0x08003112   0x00000010   Code   RO         3666    i.rt_list_isempty   ipc.o
    0x08003122   0x08003122   0x00000010   Code   RO         4483    i.rt_list_isempty   timer.o
    0x08003132   0x08003132   0x00000010   Code   RO         4661    i.rt_list_isempty   cmd.o
    0x08003142   0x08003142   0x00000014   Code   RO         4662    i.rt_list_len       cmd.o
    0x08003156   0x08003156   0x00000012   Code   RO         4211    i.rt_list_remove    object.o
    0x08003168   0x08003168   0x00000012   Code   RO         4360    i.rt_list_remove    thread.o
    0x0800317a   0x0800317a   0x00000002   PAD
    0x0800317c   0x0800317c   0x0000016c   Code   RO         4133    i.rt_malloc         mem.o
    0x080032e8   0x080032e8   0x0000007c   Code   RO         3962    i.rt_memcpy         kservice.o
    0x08003364   0x08003364   0x00000042   Code   RO         3963    i.rt_memmove        kservice.o
    0x080033a6   0x080033a6   0x00000048   Code   RO         3964    i.rt_memset         kservice.o
    0x080033ee   0x080033ee   0x00000080   Code   RO         3676    i.rt_mq_create      ipc.o
    0x0800346e   0x0800346e   0x0000001c   Code   RO         3677    i.rt_mq_delete      ipc.o
    0x0800348a   0x0800348a   0x000000fc   Code   RO         3680    i.rt_mq_recv        ipc.o
    0x08003586   0x08003586   0x0000008c   Code   RO         3681    i.rt_mq_send        ipc.o
    0x08003612   0x08003612   0x00000054   Code   RO         4212    i.rt_object_allocate  object.o
    0x08003666   0x08003666   0x00000024   Code   RO         4213    i.rt_object_delete  object.o
    0x0800368a   0x0800368a   0x0000001e   Code   RO         4214    i.rt_object_detach  object.o
    0x080036a8   0x080036a8   0x00000028   Code   RO         4216    i.rt_object_get_information  object.o
    0x080036d0   0x080036d0   0x00000056   Code   RO         4218    i.rt_object_init    object.o
    0x08003726   0x08003726   0x00000012   Code   RO         4219    i.rt_object_is_systemobject  object.o
    0x08003738   0x08003738   0x00000084   Code   RO         4289    i.rt_schedule       scheduler.o
    0x080037bc   0x080037bc   0x00000050   Code   RO         4290    i.rt_schedule_insert_thread  scheduler.o
    0x0800380c   0x0800380c   0x00000054   Code   RO         4291    i.rt_schedule_remove_thread  scheduler.o
    0x08003860   0x08003860   0x0000002a   Code   RO         3691    i.rt_sem_create     ipc.o
    0x0800388a   0x0800388a   0x00000026   Code   RO         3694    i.rt_sem_init       ipc.o
    0x080038b0   0x080038b0   0x0000003a   Code   RO         3695    i.rt_sem_release    ipc.o
    0x080038ea   0x080038ea   0x00000074   Code   RO         3696    i.rt_sem_take       ipc.o
    0x0800395e   0x0800395e   0x00000002   PAD
    0x08003960   0x08003960   0x000000b0   Code   RO         3966    i.rt_show_version   kservice.o
    0x08003a10   0x08003a10   0x00000012   Code   RO         3972    i.rt_strlen         kservice.o
    0x08003a22   0x08003a22   0x00000034   Code   RO         3974    i.rt_strncpy        kservice.o
    0x08003a56   0x08003a56   0x00000002   PAD
    0x08003a58   0x08003a58   0x000000f8   Code   RO         4136    i.rt_system_heap_init  mem.o
    0x08003b50   0x08003b50   0x0000004c   Code   RO         4292    i.rt_system_scheduler_init  scheduler.o
    0x08003b9c   0x08003b9c   0x00000030   Code   RO         4293    i.rt_system_scheduler_start  scheduler.o
    0x08003bcc   0x08003bcc   0x0000001c   Code   RO         4484    i.rt_system_timer_init  timer.o
    0x08003be8   0x08003be8   0x00000002   Code   RO         4485    i.rt_system_timer_thread_init  timer.o
    0x08003bea   0x08003bea   0x00000050   Code   RO         4362    i.rt_thread_create  thread.o
    0x08003c3a   0x08003c3a   0x00000002   PAD
    0x08003c3c   0x08003c3c   0x00000058   Code   RO         4366    i.rt_thread_exit    thread.o
    0x08003c94   0x08003c94   0x00000008   Code   RO         3614    i.rt_thread_idle_entry  idle.o
    0x08003c9c   0x08003c9c   0x00000090   Code   RO         3615    i.rt_thread_idle_excute  idle.o
    0x08003d2c   0x08003d2c   0x0000003c   Code   RO         3617    i.rt_thread_idle_init  idle.o
    0x08003d68   0x08003d68   0x00000034   Code   RO         4368    i.rt_thread_init    thread.o
    0x08003d9c   0x08003d9c   0x00000014   Code   RO         4369    i.rt_thread_mdelay  thread.o
    0x08003db0   0x08003db0   0x0000003c   Code   RO         4370    i.rt_thread_resume  thread.o
    0x08003dec   0x08003dec   0x0000000c   Code   RO         4371    i.rt_thread_self    thread.o
    0x08003df8   0x08003df8   0x00000044   Code   RO         4372    i.rt_thread_sleep   thread.o
    0x08003e3c   0x08003e3c   0x0000002c   Code   RO         4373    i.rt_thread_startup  thread.o
    0x08003e68   0x08003e68   0x00000044   Code   RO         4374    i.rt_thread_suspend  thread.o
    0x08003eac   0x08003eac   0x00000020   Code   RO         4375    i.rt_thread_timeout  thread.o
    0x08003ecc   0x08003ecc   0x00000064   Code   RO         4376    i.rt_thread_yield   thread.o
    0x08003f30   0x08003f30   0x00000038   Code   RO         3502    i.rt_tick_from_millisecond  clock.o
    0x08003f68   0x08003f68   0x0000000c   Code   RO         3503    i.rt_tick_get       clock.o
    0x08003f74   0x08003f74   0x00000030   Code   RO         3504    i.rt_tick_increase  clock.o
    0x08003fa4   0x08003fa4   0x0000007c   Code   RO         4486    i.rt_timer_check    timer.o
    0x08004020   0x08004020   0x00000038   Code   RO         4487    i.rt_timer_control  timer.o
    0x08004058   0x08004058   0x00000020   Code   RO         4490    i.rt_timer_detach   timer.o
    0x08004078   0x08004078   0x0000002e   Code   RO         4491    i.rt_timer_init     timer.o
    0x080040a6   0x080040a6   0x00000002   PAD
    0x080040a8   0x080040a8   0x000000f8   Code   RO         4494    i.rt_timer_start    timer.o
    0x080041a0   0x080041a0   0x00000030   Code   RO         4495    i.rt_timer_stop     timer.o
    0x080041d0   0x080041d0   0x00000330   Code   RO         3977    i.rt_vsnprintf      kservice.o
    0x08004500   0x08004500   0x00000004   Code   RO         3544    i.rti_board_end     components.o
    0x08004504   0x08004504   0x00000004   Code   RO         3545    i.rti_board_start   components.o
    0x08004508   0x08004508   0x00000004   Code   RO         3546    i.rti_end           components.o
    0x0800450c   0x0800450c   0x00000004   Code   RO         3547    i.rti_start         components.o
    0x08004510   0x08004510   0x0000002a   Code   RO         3548    i.rtthread_startup  components.o
    0x0800453a   0x0800453a   0x00000002   PAD
    0x0800453c   0x0800453c   0x00000038   Code   RO         4836    i.shell_auto_complete  shell.o
    0x08004574   0x08004574   0x00000030   Code   RO         4663    i.show_wait_queue   cmd.o
    0x080045a4   0x080045a4   0x00000026   Code   RO         3979    i.skip_atoi         kservice.o
    0x080045ca   0x080045ca   0x00000020   Code   RO         4762    i.str_common        msh.o
    0x080045ea   0x080045ea   0x00000002   PAD
    0x080045ec   0x080045ec   0x000000e8   Code   RO         4598    i.usage_fault_track  cpuport.o
    0x080046d4   0x080046d4   0x00000088   Code   RO         3285    i.usart2_recv_thread_entry  task.o
    0x0800475c   0x0800475c   0x0000000a   Code   RO         4664    i.version           cmd.o
    0x08004766   0x08004766   0x0000001b   Data   RO         3338    .constdata          gpio.o
    0x08004781   0x08004781   0x0000002b   Data   RO         3448    .constdata          chipinfo.o
    0x080047ac   0x080047ac   0x00000122   Data   RO         3981    .constdata          kservice.o
    0x080048ce   0x080048ce   0x00000009   Data   RO         4138    .constdata          mem.o
    0x080048d7   0x080048d7   0x000000ed   Data   RO         4665    .constdata          cmd.o
    0x080049c4   0x080049c4   0x0000001f   Data   RO         4763    .constdata          msh.o
    0x080049e3   0x080049e3   0x00000001   PAD
    0x080049e4   0x080049e4   0x00000030   Data   RO         3286    .conststring        task.o
    0x08004a14   0x08004a14   0x00000044   Data   RO         4666    .conststring        cmd.o
    0x08004a58   0x08004a58   0x00000004   Data   RO         3549    .rti_fn.0           components.o
    0x08004a5c   0x08004a5c   0x00000004   Data   RO         3550    .rti_fn.0.end       components.o
    0x08004a60   0x08004a60   0x00000004   Data   RO         3339    .rti_fn.1           gpio.o
    0x08004a64   0x08004a64   0x00000004   Data   RO         3472    .rti_fn.1           exti.o
    0x08004a68   0x08004a68   0x00000004   Data   RO         3551    .rti_fn.1.end       components.o
    0x08004a6c   0x08004a6c   0x00000004   Data   RO         4839    .rti_fn.6           shell.o
    0x08004a70   0x08004a70   0x00000004   Data   RO         3552    .rti_fn.6.end       components.o
    0x08004a74   0x08004a74   0x00000010   Data   RO         3340    FSymTab             gpio.o
    0x08004a84   0x08004a84   0x00000010   Data   RO         3449    FSymTab             chipinfo.o
    0x08004a94   0x08004a94   0x00000008   Data   RO         4140    FSymTab             mem.o
    0x08004a9c   0x08004a9c   0x00000090   Data   RO         4667    FSymTab             cmd.o
    0x08004b2c   0x08004b2c   0x00000018   Data   RO         4764    FSymTab             msh.o
    0x08004b44   0x08004b44   0x00000020   Data   RO         4953    Region$$Table       anon$$obj.o


    Execution Region RW_IRAM1 (Exec base: 0x20000000, Load base: 0x08004b64, Size: 0x00002b40, Max: 0x00005000, ABSOLUTE, COMPRESSED[0x00000084])

    Exec Addr    Load Addr    Size         Type   Attr      Idx    E Section Name        Object

    0x20000000   COMPRESSED   0x00000014   Data   RW           28    .data               system_stm32f10x.o
    0x20000014   COMPRESSED   0x00000014   Data   RW         1738    .data               stm32f10x_rcc.o
    0x20000028   COMPRESSED   0x0000000c   Data   RW         3109    .data               main.o
    0x20000034   COMPRESSED   0x00000064   Data   RW         3287    .data               task.o
    0x20000098   COMPRESSED   0x00000004   Data   RW         3389    .data               usart.o
    0x2000009c   COMPRESSED   0x00000004   Data   RW         3506    .data               clock.o
    0x200000a0   COMPRESSED   0x00000001   Data   RW         3928    .data               irq.o
    0x200000a1   COMPRESSED   0x00000003   PAD
    0x200000a4   COMPRESSED   0x00000018   Data   RW         4139    .data               mem.o
    0x200000bc   COMPRESSED   0x00000070   Data   RW         4221    .data               object.o
    0x2000012c   COMPRESSED   0x00000018   Data   RW         4295    .data               scheduler.o
    0x20000144   COMPRESSED   0x0000000c   Data   RW         4496    .data               timer.o
    0x20000150   COMPRESSED   0x00000010   Data   RW         4599    .data               cpuport.o
    0x20000160   COMPRESSED   0x00000018   Data   RW         4838    .data               shell.o
    0x20000178        -       0x00002000   Zero   RW         3254    .bss                board.o
    0x20002178        -       0x00000200   Zero   RW         3388    .bss                usart.o
    0x20002378        -       0x0000000c   Zero   RW         3447    .bss                chipinfo.o
    0x20002384        -       0x00000190   Zero   RW         3618    .bss                idle.o
    0x20002514        -       0x00000080   Zero   RW         3980    .bss                kservice.o
    0x20002594        -       0x00000028   Zero   RW         4137    .bss                mem.o
    0x200025bc        -       0x00000100   Zero   RW         4294    .bss                scheduler.o
    0x200026bc        -       0x00000081   Zero   RW         4837    .bss                shell.o
    0x2000273d   COMPRESSED   0x00000003   PAD
    0x20002740        -       0x00000400   Zero   RW            1    STACK               startup_stm32f10x_hd.o


==============================================================================

Image component sizes


      Code (inc. data)   RO Data    RW Data    ZI Data      Debug   Object Name

        62          8          0          0       8192       2343   board.o
       140         74         59          0         12       1801   chipinfo.o
       116         12          0          4          0       1700   clock.o
      2836        972        449          0          0      17586   cmd.o
       186         30         16          0          0       5636   components.o
       244         26          0          0          0        784   context_rvds.o
         0          0          0          0          0       4508   core_cm3.o
      1440        724          0         16          0       5390   cpuport.o
       320         66          4          0          0       2681   exti.o
       140         20         47          0          0       3137   gpio.o
       232         32          0          0        400       5442   idle.o
      1032          0          0          0          0      12673   ipc.o
        64         12          0          1          0       1530   irq.o
      1894        164        290          0        128      10125   kservice.o
        28          4          0         12          0       8348   main.o
      1110        310         17         24         40       5050   mem.o
       132         22          0          0          0       1487   misc.o
       886        154         55          0          0       8877   msh.o
       326          4          0        112          0       8152   object.o
       526         90          0         24        256       8274   scheduler.o
      1352        152          4         24        129       9880   shell.o
        36          8        304          0       1024        852   startup_stm32f10x_hd.o
       184         16          0          0          0       2002   stm32f10x_exti.o
       350          4          0          0          0       3574   stm32f10x_gpio.o
        18          0          0          0          0       2567   stm32f10x_it.o
       276         32          0         20          0       4350   stm32f10x_rcc.o
       376          6          0          0          0       5839   stm32f10x_usart.o
        32          0          0          0          0       1871   system.o
       328         28          0         20          0     230909   system_stm32f10x.o
        96         12          0          0          0      15729   systick.o
       544        222         48        100          0       2752   task.o
       788         38          0          0          0      11568   thread.o
       732         20          0         12          0      10864   timer.o
       688         52          0          4        512       4115   usart.o

    ----------------------------------------------------------------------
     17552       3314       1326        376      10696     422396   Object Totals
         0          0         32          0          0          0   (incl. Generated)
        38          0          1          3          3          0   (incl. Padding)

    ----------------------------------------------------------------------

      Code (inc. data)   RO Data    RW Data    ZI Data      Debug   Library Member Name

        86          0          0          0          0          0   __dczerorl2.o
         0          0          0          0          0          0   entry.o
         0          0          0          0          0          0   entry10a.o
         0          0          0          0          0          0   entry11a.o
         8          4          0          0          0          0   entry2.o
         4          0          0          0          0          0   entry5.o
         0          0          0          0          0          0   entry7b.o
         0          0          0          0          0          0   entry8b.o
         8          4          0          0          0          0   entry9a.o
        30          0          0          0          0          0   handlers.o
        36          8          0          0          0         68   init.o
        36          0          0          0          0         68   memcpya.o
        36          0          0          0          0        108   memseta.o
        24          0          0          0          0         68   strcat.o
        28          0          0          0          0         76   strcmp.o
        18          0          0          0          0         68   strcpy.o
        14          0          0          0          0         68   strlen.o
        30          0          0          0          0         80   strncmp.o
        24          0          0          0          0         76   strncpy.o
        36          0          0          0          0         80   strstr.o

    ----------------------------------------------------------------------
       422         16          0          0          0        760   Library Totals
         4          0          0          0          0          0   (incl. Padding)

    ----------------------------------------------------------------------

      Code (inc. data)   RO Data    RW Data    ZI Data      Debug   Library Name

       418         16          0          0          0        760   mc_w.l

    ----------------------------------------------------------------------
       422         16          0          0          0        760   Library Totals

    ----------------------------------------------------------------------

==============================================================================


      Code (inc. data)   RO Data    RW Data    ZI Data      Debug   

     17974       3330       1326        376      10696     413352   Grand Totals
     17974       3330       1326        132      10696     413352   ELF Image Totals (compressed)
     17974       3330       1326        132          0          0   ROM Totals

==============================================================================

    Total RO  Size (Code + RO Data)                19300 (  18.85kB)
    Total RW  Size (RW Data + ZI Data)             11072 (  10.81kB)
    Total ROM Size (Code + RO Data + RW Data)      19432 (  18.98kB)

==============================================================================

