Component: ARM Compiler 5.06 update 5 (build 528) Tool: armlink [4d35e2]

==============================================================================

Section Cross References

    startup_stm32f10x_hd.o(RESET) refers to startup_stm32f10x_hd.o(STACK) for __initial_sp
    startup_stm32f10x_hd.o(RESET) refers to startup_stm32f10x_hd.o(.text) for Reset_Handler
    startup_stm32f10x_hd.o(RESET) refers to stm32f10x_it.o(i.NMI_Handler) for NMI_Handler
    startup_stm32f10x_hd.o(RESET) refers to context_rvds.o(.text) for HardFault_Handler
    startup_stm32f10x_hd.o(RESET) refers to stm32f10x_it.o(i.MemManage_Handler) for MemManage_Handler
    startup_stm32f10x_hd.o(RESET) refers to stm32f10x_it.o(i.BusFault_Handler) for BusFault_Handler
    startup_stm32f10x_hd.o(RESET) refers to stm32f10x_it.o(i.UsageFault_Handler) for UsageFault_Handler
    startup_stm32f10x_hd.o(RESET) refers to stm32f10x_it.o(i.SVC_Handler) for SVC_Handler
    startup_stm32f10x_hd.o(RESET) refers to stm32f10x_it.o(i.DebugMon_Handler) for DebugMon_Handler
    startup_stm32f10x_hd.o(RESET) refers to board.o(i.SysTick_Handler) for SysTick_Handler
    startup_stm32f10x_hd.o(RESET) refers to usart.o(i.USART1_IRQHandler) for USART1_IRQHandler
    startup_stm32f10x_hd.o(RESET) refers to usart.o(i.USART3_IRQHandler) for USART3_IRQHandler
    startup_stm32f10x_hd.o(RESET) refers to exti.o(i.EXTI15_10_IRQHandler) for EXTI15_10_IRQHandler
    startup_stm32f10x_hd.o(.text) refers to system_stm32f10x.o(i.SystemInit) for SystemInit
    startup_stm32f10x_hd.o(.text) refers to entry.o(.ARM.Collect$$$$00000000) for __main
    system_stm32f10x.o(i.SetSysClock) refers to system_stm32f10x.o(i.SetSysClockTo72) for SetSysClockTo72
    system_stm32f10x.o(i.SystemCoreClockUpdate) refers to system_stm32f10x.o(.data) for SystemCoreClock
    system_stm32f10x.o(i.SystemInit) refers to system_stm32f10x.o(i.SetSysClock) for SetSysClock
    stm32f10x_adc.o(i.ADC_DeInit) refers to stm32f10x_rcc.o(i.RCC_APB2PeriphResetCmd) for RCC_APB2PeriphResetCmd
    stm32f10x_bkp.o(i.BKP_DeInit) refers to stm32f10x_rcc.o(i.RCC_BackupResetCmd) for RCC_BackupResetCmd
    stm32f10x_can.o(i.CAN_DeInit) refers to stm32f10x_rcc.o(i.RCC_APB1PeriphResetCmd) for RCC_APB1PeriphResetCmd
    stm32f10x_can.o(i.CAN_GetITStatus) refers to stm32f10x_can.o(i.CheckITStatus) for CheckITStatus
    stm32f10x_cec.o(i.CEC_DeInit) refers to stm32f10x_rcc.o(i.RCC_APB1PeriphResetCmd) for RCC_APB1PeriphResetCmd
    stm32f10x_dac.o(i.DAC_DeInit) refers to stm32f10x_rcc.o(i.RCC_APB1PeriphResetCmd) for RCC_APB1PeriphResetCmd
    stm32f10x_flash.o(i.FLASH_EnableWriteProtection) refers to stm32f10x_flash.o(i.FLASH_WaitForLastOperation) for FLASH_WaitForLastOperation
    stm32f10x_flash.o(i.FLASH_EraseAllBank1Pages) refers to stm32f10x_flash.o(i.FLASH_WaitForLastBank1Operation) for FLASH_WaitForLastBank1Operation
    stm32f10x_flash.o(i.FLASH_EraseAllPages) refers to stm32f10x_flash.o(i.FLASH_WaitForLastOperation) for FLASH_WaitForLastOperation
    stm32f10x_flash.o(i.FLASH_EraseOptionBytes) refers to stm32f10x_flash.o(i.FLASH_GetReadOutProtectionStatus) for FLASH_GetReadOutProtectionStatus
    stm32f10x_flash.o(i.FLASH_EraseOptionBytes) refers to stm32f10x_flash.o(i.FLASH_WaitForLastOperation) for FLASH_WaitForLastOperation
    stm32f10x_flash.o(i.FLASH_ErasePage) refers to stm32f10x_flash.o(i.FLASH_WaitForLastOperation) for FLASH_WaitForLastOperation
    stm32f10x_flash.o(i.FLASH_ProgramHalfWord) refers to stm32f10x_flash.o(i.FLASH_WaitForLastOperation) for FLASH_WaitForLastOperation
    stm32f10x_flash.o(i.FLASH_ProgramOptionByteData) refers to stm32f10x_flash.o(i.FLASH_WaitForLastOperation) for FLASH_WaitForLastOperation
    stm32f10x_flash.o(i.FLASH_ProgramWord) refers to stm32f10x_flash.o(i.FLASH_WaitForLastOperation) for FLASH_WaitForLastOperation
    stm32f10x_flash.o(i.FLASH_ReadOutProtection) refers to stm32f10x_flash.o(i.FLASH_WaitForLastOperation) for FLASH_WaitForLastOperation
    stm32f10x_flash.o(i.FLASH_UserOptionByteConfig) refers to stm32f10x_flash.o(i.FLASH_WaitForLastOperation) for FLASH_WaitForLastOperation
    stm32f10x_flash.o(i.FLASH_WaitForLastBank1Operation) refers to stm32f10x_flash.o(i.FLASH_GetBank1Status) for FLASH_GetBank1Status
    stm32f10x_flash.o(i.FLASH_WaitForLastOperation) refers to stm32f10x_flash.o(i.FLASH_GetBank1Status) for FLASH_GetBank1Status
    stm32f10x_gpio.o(i.GPIO_AFIODeInit) refers to stm32f10x_rcc.o(i.RCC_APB2PeriphResetCmd) for RCC_APB2PeriphResetCmd
    stm32f10x_gpio.o(i.GPIO_DeInit) refers to stm32f10x_rcc.o(i.RCC_APB2PeriphResetCmd) for RCC_APB2PeriphResetCmd
    stm32f10x_i2c.o(i.I2C_DeInit) refers to stm32f10x_rcc.o(i.RCC_APB1PeriphResetCmd) for RCC_APB1PeriphResetCmd
    stm32f10x_i2c.o(i.I2C_Init) refers to stm32f10x_rcc.o(i.RCC_GetClocksFreq) for RCC_GetClocksFreq
    stm32f10x_pwr.o(i.PWR_DeInit) refers to stm32f10x_rcc.o(i.RCC_APB1PeriphResetCmd) for RCC_APB1PeriphResetCmd
[...]
    i.rt_strncpy                             0x080040e6   Section        0  kservice.o(i.rt_strncpy)
    i.rt_system_heap_init                    0x0800411c   Section        0  mem.o(i.rt_system_heap_init)
    i.rt_system_scheduler_init               0x08004214   Section        0  scheduler.o(i.rt_system_scheduler_init)
    i.rt_system_scheduler_start              0x08004260   Section        0  scheduler.o(i.rt_system_scheduler_start)
    i.rt_system_timer_init                   0x08004290   Section        0  timer.o(i.rt_system_timer_init)
    i.rt_system_timer_thread_init            0x080042ac   Section        0  timer.o(i.rt_system_timer_thread_init)
    i.rt_thread_control                      0x080042ae   Section        0  thread.o(i.rt_thread_control)
    i.rt_thread_create                       0x08004324   Section        0  thread.o(i.rt_thread_create)
    i.rt_thread_delete                       0x08004374   Section        0  thread.o(i.rt_thread_delete)
    i.rt_thread_exit                         0x080043b4   Section        0  thread.o(i.rt_thread_exit)
    i.rt_thread_idle_entry                   0x0800440c   Section        0  idle.o(i.rt_thread_idle_entry)
    rt_thread_idle_entry                     0x0800440d   Thumb Code     8  idle.o(i.rt_thread_idle_entry)
    i.rt_thread_idle_excute                  0x08004414   Section        0  idle.o(i.rt_thread_idle_excute)
    i.rt_thread_idle_init                    0x080044a4   Section        0  idle.o(i.rt_thread_idle_init)
    i.rt_thread_init                         0x080044e0   Section        0  thread.o(i.rt_thread_init)
    i.rt_thread_mdelay                       0x08004514   Section        0  thread.o(i.rt_thread_mdelay)
    i.rt_thread_resume                       0x08004528   Section        0  thread.o(i.rt_thread_resume)
    i.rt_thread_self                         0x08004564   Section        0  thread.o(i.rt_thread_self)
    i.rt_thread_sleep                        0x08004570   Section        0  thread.o(i.rt_thread_sleep)
    i.rt_thread_startup                      0x080045b4   Section        0  thread.o(i.rt_thread_startup)
    i.rt_thread_suspend                      0x080045e0   Section        0  thread.o(i.rt_thread_suspend)
    i.rt_thread_timeout                      0x08004624   Section        0  thread.o(i.rt_thread_timeout)
    i.rt_thread_yield                        0x08004644   Section        0  thread.o(i.rt_thread_yield)
    i.rt_tick_from_millisecond               0x080046a8   Section        0  clock.o(i.rt_tick_from_millisecond)
    i.rt_tick_get                            0x080046e0   Section        0  clock.o(i.rt_tick_get)
    i.rt_tick_increase                       0x080046ec   Section        0  clock.o(i.rt_tick_increase)
    i.rt_timer_check                         0x0800471c   Section        0  timer.o(i.rt_timer_check)
    i.rt_timer_control                       0x08004798   Section        0  timer.o(i.rt_timer_control)
    i.rt_timer_create                        0x080047d0   Section        0  timer.o(i.rt_timer_create)
    i.rt_timer_detach                        0x08004806   Section        0  timer.o(i.rt_timer_detach)
    i.rt_timer_init                          0x08004826   Section        0  timer.o(i.rt_timer_init)
    i.rt_timer_start                         0x08004854   Section        0  timer.o(i.rt_timer_start)
    i.rt_timer_stop                          0x0800494c   Section        0  timer.o(i.rt_timer_stop)
    i.rt_vsnprintf                           0x0800497c   Section        0  kservice.o(i.rt_vsnprintf)
    i.rti_board_end                          0x08004cac   Section        0  components.o(i.rti_board_end)
    rti_board_end                            0x08004cad   Thumb Code     4  components.o(i.rti_board_end)
    i.rti_board_start                        0x08004cb0   Section        0  components.o(i.rti_board_start)
    rti_board_start                          0x08004cb1   Thumb Code     4  components.o(i.rti_board_start)
    i.rti_end                                0x08004cb4   Section        0  components.o(i.rti_end)
    rti_end                                  0x08004cb5   Thumb Code     4  components.o(i.rti_end)
    i.rti_start                              0x08004cb8   Section        0  components.o(i.rti_start)
    rti_start                                0x08004cb9   Thumb Code     4  components.o(i.rti_start)
    i.rtthread_startup                       0x08004cbc   Section        0  components.o(i.rtthread_startup)
    i.sensor_start_convert_entry             0x08004ce8   Section        0  adctimer.o(i.sensor_start_convert_entry)
    i.shell_auto_complete                    0x08004d44   Section        0  shell.o(i.shell_auto_complete)
    shell_auto_complete                      0x08004d45   Thumb Code    42  shell.o(i.shell_auto_complete)
    i.show_wait_queue                        0x08004d7c   Section        0  cmd.o(i.show_wait_queue)
    show_wait_queue                          0x08004d7d   Thumb Code    40  cmd.o(i.show_wait_queue)
    i.skip_atoi                              0x08004dac   Section        0  kservice.o(i.skip_atoi)
    skip_atoi                                0x08004dad   Thumb Code    38  kservice.o(i.skip_atoi)
    i.str_common                             0x08004dd2   Section        0  msh.o(i.str_common)
    str_common                               0x08004dd3   Thumb Code    32  msh.o(i.str_common)
    i.temper_checkout_thread_entry           0x08004df4   Section        0  task.o(i.temper_checkout_thread_entry)
    i.usage_fault_track                      0x08004e84   Section        0  cpuport.o(i.usage_fault_track)
    usage_fault_track                        0x08004e85   Thumb Code   122  cpuport.o(i.usage_fault_track)
    i.usart2_recv_thread_entry               0x08004f6c   Section        0  task.o(i.usart2_recv_thread_entry)
    i.version                                0x08004ff4   Section        0  cmd.o(i.version)
    i.weakup_thread_to_get_sensor            0x08005000   Section        0  finshcmd.o(i.weakup_thread_to_get_sensor)
    .constdata                               0x08005094   Section       27  gpio.o(.constdata)
    .constdata                               0x080050af   Section       43  chipinfo.o(.constdata)
    .constdata                               0x080050da   Section       34  finshcmd.o(.constdata)
    .constdata                               0x080050fc   Section      290  kservice.o(.constdata)
    small_digits                             0x080051fc   Data          17  kservice.o(.constdata)
    large_digits                             0x0800520d   Data          17  kservice.o(.constdata)
    .constdata                               0x0800521e   Section        9  mem.o(.constdata)
    .constdata                               0x08005227   Section      237  cmd.o(.constdata)
    .constdata                               0x08005314   Section       31  msh.o(.constdata)
    .conststring                             0x08005334   Section       57  task.o(.conststring)
    .conststring                             0x08005370   Section       68  cmd.o(.conststring)
    .rti_fn.0                                0x080053b4   Section        4  components.o(.rti_fn.0)
    __tagsym$$used                           0x080053b4   Number         0  components.o(.rti_fn.0)
    .rti_fn.0.end                            0x080053b8   Section        4  components.o(.rti_fn.0.end)
    __tagsym$$used                           0x080053b8   Number         0  components.o(.rti_fn.0.end)
    .rti_fn.1                                0x080053bc   Section        4  gpio.o(.rti_fn.1)
    __tagsym$$used                           0x080053bc   Number         0  gpio.o(.rti_fn.1)
    .rti_fn.1                                0x080053c0   Section        4  adc.o(.rti_fn.1)
    __tagsym$$used                           0x080053c0   Number         0  adc.o(.rti_fn.1)
    .rti_fn.1                                0x080053c4   Section        4  exti.o(.rti_fn.1)
    __tagsym$$used                           0x080053c4   Number         0  exti.o(.rti_fn.1)
    .rti_fn.1.end                            0x080053c8   Section        4  components.o(.rti_fn.1.end)
    __tagsym$$used                           0x080053c8   Number         0  components.o(.rti_fn.1.end)
    .rti_fn.2                                0x080053cc   Section        4  lock.o(.rti_fn.2)
    __tagsym$$used                           0x080053cc   Number         0  lock.o(.rti_fn.2)
    .rti_fn.2                                0x080053d0   Section        4  sensormq.o(.rti_fn.2)
    __tagsym$$used                           0x080053d0   Number         0  sensormq.o(.rti_fn.2)
    .rti_fn.5                                0x080053d4   Section        4  adctimer.o(.rti_fn.5)
    __tagsym$$used                           0x080053d4   Number         0  adctimer.o(.rti_fn.5)
    .rti_fn.6                                0x080053d8   Section        4  task.o(.rti_fn.6)
    __tagsym$$used                           0x080053d8   Number         0  task.o(.rti_fn.6)
    .rti_fn.6                                0x080053dc   Section        4  shell.o(.rti_fn.6)
    __tagsym$$used                           0x080053dc   Number         0  shell.o(.rti_fn.6)
    .rti_fn.6.end                            0x080053e0   Section        4  components.o(.rti_fn.6.end)
    __tagsym$$used                           0x080053e0   Number         0  components.o(.rti_fn.6.end)
    FSymTab                                  0x080053e4   Section       16  gpio.o(FSymTab)
    __tagsym$$used                           0x080053e4   Number         0  gpio.o(FSymTab)
    __tagsym$$used                           0x080053ec   Number         0  gpio.o(FSymTab)
    FSymTab                                  0x080053f4   Section       16  chipinfo.o(FSymTab)
    __tagsym$$used                           0x080053f4   Number         0  chipinfo.o(FSymTab)
    __tagsym$$used                           0x080053fc   Number         0  chipinfo.o(FSymTab)
    FSymTab                                  0x08005404   Section        8  finshcmd.o(FSymTab)
    __tagsym$$used                           0x08005404   Number         0  finshcmd.o(FSymTab)
    FSymTab                                  0x0800540c   Section        8  mem.o(FSymTab)
    __tagsym$$used                           0x0800540c   Number         0  mem.o(FSymTab)
    FSymTab                                  0x08005414   Section      144  cmd.o(FSymTab)
    __tagsym$$used                           0x08005414   Number         0  cmd.o(FSymTab)
    __tagsym$$used                           0x0800541c   Number         0  cmd.o(FSymTab)
    __tagsym$$used                           0x08005424   Number         0  cmd.o(FSymTab)
    __tagsym$$used                           0x0800542c   Number         0  cmd.o(FSymTab)
    __tagsym$$used                           0x08005434   Number         0  cmd.o(FSymTab)
    __tagsym$$used                           0x0800543c   Number         0  cmd.o(FSymTab)
    __tagsym$$used                           0x08005444   Number         0  cmd.o(FSymTab)
    __tagsym$$used                           0x0800544c   Number         0  cmd.o(FSymTab)
    __tagsym$$used                           0x08005454   Number         0  cmd.o(FSymTab)
    __tagsym$$used                           0x0800545c   Number         0  cmd.o(FSymTab)
    __tagsym$$used                           0x08005464   Number         0  cmd.o(FSymTab)
    __tagsym$$used                           0x0800546c   Number         0  cmd.o(FSymTab)
    __tagsym$$used                           0x08005474   Number         0  cmd.o(FSymTab)
    __tagsym$$used                           0x0800547c   Number         0  cmd.o(FSymTab)
    __tagsym$$used                           0x08005484   Number         0  cmd.o(FSymTab)
    __tagsym$$used                           0x0800548c   Number         0  cmd.o(FSymTab)
    __tagsym$$used                           0x08005494   Number         0  cmd.o(FSymTab)
    __tagsym$$used                           0x0800549c   Number         0  cmd.o(FSymTab)
    FSymTab                                  0x080054a4   Section       24  msh.o(FSymTab)
    __tagsym$$used                           0x080054a4   Number         0  msh.o(FSymTab)
    __tagsym$$used                           0x080054ac   Number         0  msh.o(FSymTab)
    __tagsym$$used                           0x080054b4   Number         0  msh.o(FSymTab)
    .data                                    0x20000000   Section       20  system_stm32f10x.o(.data)
    .data                                    0x20000014   Section       20  stm32f10x_rcc.o(.data)
    APBAHBPrescTable                         0x20000014   Data          16  stm32f10x_rcc.o(.data)
    ADCPrescTable                            0x20000024   Data           4  stm32f10x_rcc.o(.data)
    .data                                    0x20000028   Section        8  main.o(.data)
    .data                                    0x20000030   Section      132  task.o(.data)
    dynamic_thread_t                         0x20000038   Data           4  task.o(.data)
    .data                                    0x200000b4   Section        4  lock.o(.data)
    .data                                    0x200000b8   Section        4  sensormq.o(.data)
    .data                                    0x200000bc   Section        4  usart.o(.data)
    .data                                    0x200000c0   Section        4  adc.o(.data)
    .data                                    0x200000c4   Section        4  adctimer.o(.data)
    .data                                    0x200000c8   Section        4  clock.o(.data)
    rt_tick                                  0x200000c8   Data           4  clock.o(.data)
    .data                                    0x200000cc   Section        1  irq.o(.data)
    .data                                    0x200000d0   Section       24  mem.o(.data)
    heap_ptr                                 0x200000d0   Data           4  mem.o(.data)
    heap_end                                 0x200000d4   Data           4  mem.o(.data)
    lfree                                    0x200000d8   Data           4  mem.o(.data)
    mem_size_aligned                         0x200000dc   Data           4  mem.o(.data)
    used_mem                                 0x200000e0   Data           4  mem.o(.data)
    max_mem                                  0x200000e4   Data           4  mem.o(.data)
    .data                                    0x200000e8   Section      112  object.o(.data)
    rt_object_container                      0x200000e8   Data         112  object.o(.data)
    .data                                    0x20000158   Section       24  scheduler.o(.data)
    rt_scheduler_lock_nest                   0x20000158   Data           2  scheduler.o(.data)
    .data                                    0x20000170   Section       12  timer.o(.data)
    rt_timer_list                            0x20000170   Data           8  timer.o(.data)
    random_nr                                0x20000178   Data           4  timer.o(.data)
    .data                                    0x2000017c   Section       16  cpuport.o(.data)
    rt_exception_hook                        0x20000188   Data           4  cpuport.o(.data)
    .data                                    0x2000018c   Section       24  shell.o(.data)
    finsh_prompt_custom                      0x200001a0   Data           4  shell.o(.data)
    .bss                                     0x200001a4   Section     8192  board.o(.bss)
    rt_heap                                  0x200001a4   Data        8192  board.o(.bss)
    .bss                                     0x200021a4   Section      512  usart.o(.bss)
    .bss                                     0x200023a4   Section       12  chipinfo.o(.bss)
    .bss                                     0x200023b0   Section      400  idle.o(.bss)
    idle                                     0x200023b0   Data         144  idle.o(.bss)
    rt_thread_stack                          0x20002440   Data         256  idle.o(.bss)
    .bss                                     0x20002540   Section      128  kservice.o(.bss)
    rt_log_buf                               0x20002540   Data         128  kservice.o(.bss)
    .bss                                     0x200025c0   Section       40  mem.o(.bss)
    heap_sem                                 0x200025c0   Data          40  mem.o(.bss)
    .bss                                     0x200025e8   Section      256  scheduler.o(.bss)
    .bss                                     0x200026e8   Section      129  shell.o(.bss)
    finsh_prompt                             0x200026e8   Data         129  shell.o(.bss)
    STACK                                    0x20002770   Section     1024  startup_stm32f10x_hd.o(STACK)

    Global Symbols

    Symbol Name                              Value     Ov Type        Size  Object(Section)

    BuildAttributes$$THM_ISAv4$P$D$K$B$S$PE$A:L22UL41UL21$X:L11$S22US41US21$IEEE1$IW$USESV6$~STKCKD$USESV7$~SHL$OSPACE$EBA8$MICROLIB$REQ8$PRES8$EABIv2 0x00000000   Number         0  anon$$obj.o ABSOLUTE
    __ARM_use_no_argv                        0x00000000   Number         0  main.o ABSOLUTE
    __cpp_initialize__aeabi_                  - Undefined Weak Reference
    __cxa_finalize                            - Undefined Weak Reference
    _clock_init                               - Undefined Weak Reference
    _microlib_exit                            - Undefined Weak Reference
    __Vectors_Size                           0x00000130   Number         0  startup_stm32f10x_hd.o ABSOLUTE
    __Vectors                                0x08000000   Data           4  startup_stm32f10x_hd.o(RESET)
    __Vectors_End                            0x08000130   Data           0  startup_stm32f10x_hd.o(RESET)
    __main                                   0x08000131   Thumb Code     0  entry.o(.ARM.Collect$$$$00000000)
    _main_stk                                0x08000131   Thumb Code     0  entry2.o(.ARM.Collect$$$$00000001)
    _main_scatterload                        0x08000135   Thumb Code     0  entry5.o(.ARM.Collect$$$$00000004)
    __main_after_scatterload                 0x08000139   Thumb Code     0  entry5.o(.ARM.Collect$$$$00000004)
    _main_clock                              0x08000139   Thumb Code     0  entry7b.o(.ARM.Collect$$$$00000008)
    _main_cpp_init                           0x08000139   Thumb Code     0  entry8b.o(.ARM.Collect$$$$0000000A)
    _main_init                               0x08000139   Thumb Code     0  entry9a.o(.ARM.Collect$$$$0000000B)
    __rt_final_cpp                           0x08000141   Thumb Code     0  entry10a.o(.ARM.Collect$$$$0000000D)
    __rt_final_exit                          0x08000141   Thumb Code     0  entry11a.o(.ARM.Collect$$$$0000000F)
    Reset_Handler                            0x08000145   Thumb Code     8  startup_stm32f10x_hd.o(.text)
    ADC1_2_IRQHandler                        0x0800015f   Thumb Code     0  startup_stm32f10x_hd.o(.text)
    ADC3_IRQHandler                          0x0800015f   Thumb Code     0  startup_stm32f10x_hd.o(.text)
    CAN1_RX1_IRQHandler                      0x0800015f   Thumb Code     0  startup_stm32f10x_hd.o(.text)
    CAN1_SCE_IRQHandler                      0x0800015f   Thumb Code     0  startup_stm32f10x_hd.o(.text)
    DMA1_Channel1_IRQHandler                 0x0800015f   Thumb Code     0  startup_stm32f10x_hd.o(.text)
    DMA1_Channel2_IRQHandler                 0x0800015f   Thumb Code     0  startup_stm32f10x_hd.o(.text)
    DMA1_Channel3_IRQHandler                 0x0800015f   Thumb Code     0  startup_stm32f10x_hd.o(.text)
    DMA1_Channel4_IRQHandler                 0x0800015f   Thumb Code     0  startup_stm32f10x_hd.o(.text)
    DMA1_Channel5_IRQHandler                 0x0800015f   Thumb Code     0  startup_stm32f10x_hd.o(.text)
    DMA1_Channel6_IRQHandler                 0x0800015f   Thumb Code     0  startup_stm32f10x_hd.o(.text)
    DMA1_Channel7_IRQHandler                 0x0800015f   Thumb Code     0  startup_stm32f10x_hd.o(.text)
    DMA2_Channel1_IRQHandler                 0x0800015f   Thumb Code     0  startup_stm32f10x_hd.o(.text)
    DMA2_Channel2_IRQHandler                 0x0800015f   Thumb Code     0  startup_stm32f10x_hd.o(.text)
    DMA2_Channel3_IRQHandler                 0x0800015f   Thumb Code     0  startup_stm32f10x_hd.o(.text)
    DMA2_Channel4_5_IRQHandler               0x0800015f   Thumb Code     0  startup_stm32f10x_hd.o(.text)
    EXTI0_IRQHandler                         0x0800015f   Thumb Code     0  startup_stm32f10x_hd.o(.text)
    EXTI1_IRQHandler                         0x0800015f   Thumb Code     0  startup_stm32f10x_hd.o(.text)
    EXTI2_IRQHandler                         0x0800015f   Thumb Code     0  startup_stm32f10x_hd.o(.text)
    EXTI3_IRQHandler                         0x0800015f   Thumb Code     0  startup_stm32f10x_hd.o(.text)
    EXTI4_IRQHandler                         0x0800015f   Thumb Code     0  startup_stm32f10x_hd.o(.text)
    EXTI9_5_IRQHandler                       0x0800015f   Thumb Code     0  startup_stm32f10x_hd.o(.text)
    FLASH_IRQHandler                         0x0800015f   Thumb Code     0  startup_stm32f10x_hd.o(.text)
    FSMC_IRQHandler                          0x0800015f   Thumb Code     0  startup_stm32f10x_hd.o(.text)
    I2C1_ER_IRQHandler                       0x0800015f   Thumb Code     0  startup_stm32f10x_hd.o(.text)
    I2C1_EV_IRQHandler                       0x0800015f   Thumb Code     0  startup_stm32f10x_hd.o(.text)
    I2C2_ER_IRQHandler                       0x0800015f   Thumb Code     0  startup_stm32f10x_hd.o(.text)
    I2C2_EV_IRQHandler                       0x0800015f   Thumb Code     0  startup_stm32f10x_hd.o(.text)
    PVD_IRQHandler                           0x0800015f   Thumb Code     0  startup_stm32f10x_hd.o(.text)
    RCC_IRQHandler                           0x0800015f   Thumb Code     0  startup_stm32f10x_hd.o(.text)
    RTCAlarm_IRQHandler                      0x0800015f   Thumb Code     0  startup_stm32f10x_hd.o(.text)
    RTC_IRQHandler                           0x0800015f   Thumb Code     0  startup_stm32f10x_hd.o(.text)
    SDIO_IRQHandler                          0x0800015f   Thumb Code     0  startup_stm32f10x_hd.o(.text)
    SPI1_IRQHandler                          0x0800015f   Thumb Code     0  startup_stm32f10x_hd.o(.text)
    SPI2_IRQHandler                          0x0800015f   Thumb Code     0  startup_stm32f10x_hd.o(.text)
    SPI3_IRQHandler                          0x0800015f   Thumb Code     0  startup_stm32f10x_hd.o(.text)
    TAMPER_IRQHandler                        0x0800015f   Thumb Code     0  startup_stm32f10x_hd.o(.text)
    TIM1_BRK_IRQHandler                      0x0800015f   Thumb Code     0  startup_stm32f10x_hd.o(.text)
    TIM1_CC_IRQHandler                       0x0800015f   Thumb Code     0  startup_stm32f10x_hd.o(.text)
    TIM1_TRG_COM_IRQHandler                  0x0800015f   Thumb Code     0  startup_stm32f10x_hd.o(.text)
    TIM1_UP_IRQHandler                       0x0800015f   Thumb Code     0  startup_stm32f10x_hd.o(.text)
    TIM2_IRQHandler                          0x0800015f   Thumb Code     0  startup_stm32f10x_hd.o(.text)
    TIM3_IRQHandler                          0x0800015f   Thumb Code     0  startup_stm32f10x_hd.o(.text)
    TIM4_IRQHandler                          0x0800015f   Thumb Code     0  startup_stm32f10x_hd.o(.text)
    TIM5_IRQHandler                          0x0800015f   Thumb Code     0  startup_stm32f10x_hd.o(.text)
    TIM6_IRQHandler                          0x0800015f   Thumb Code     0  startup_stm32f10x_hd.o(.text)
    TIM7_IRQHandler                          0x0800015f   Thumb Code     0  startup_stm32f10x_hd.o(.text)
    TIM8_BRK_IRQHandler                      0x0800015f   Thumb Code     0  startup_stm32f10x_hd.o(.text)
    TIM8_CC_IRQHandler                       0x0800015f   Thumb Code     0  startup_stm32f10x_hd.o(.text)
    TIM8_TRG_COM_IRQHandler                  0x0800015f   Thumb Code     0  startup_stm32f10x_hd.o(.text)
    TIM8_UP_IRQHandler                       0x0800015f   Thumb Code     0  startup_stm32f10x_hd.o(.text)
    UART4_IRQHandler                         0x0800015f   Thumb Code     0  startup_stm32f10x_hd.o(.text)
    UART5_IRQHandler                         0x0800015f   Thumb Code     0  startup_stm32f10x_hd.o(.text)
    USART2_IRQHandler                        0x0800015f   Thumb Code     0  startup_stm32f10x_hd.o(.text)
    USBWakeUp_IRQHandler                     0x0800015f   Thumb Code     0  startup_stm32f10x_hd.o(.text)
    USB_HP_CAN1_TX_IRQHandler                0x0800015f   Thumb Code     0  startup_stm32f10x_hd.o(.text)
    USB_LP_CAN1_RX0_IRQHandler               0x0800015f   Thumb Code     0  startup_stm32f10x_hd.o(.text)
    WWDG_IRQHandler                          0x0800015f   Thumb Code     0  startup_stm32f10x_hd.o(.text)
    rt_hw_interrupt_disable                  0x08000169   Thumb Code     8  context_rvds.o(.text)
    rt_hw_interrupt_enable                   0x08000171   Thumb Code     6  context_rvds.o(.text)
    rt_hw_context_switch                     0x08000177   Thumb Code    32  context_rvds.o(.text)
    rt_hw_context_switch_interrupt           0x08000177   Thumb Code     0  context_rvds.o(.text)
    PendSV_Handler                           0x08000197   Thumb Code    60  context_rvds.o(.text)
    rt_hw_context_switch_to                  0x080001d3   Thumb Code    58  context_rvds.o(.text)
    rt_hw_interrupt_thread_switch            0x0800020d   Thumb Code     2  context_rvds.o(.text)
    HardFault_Handler                        0x0800020f   Thumb Code    52  context_rvds.o(.text)
    __aeabi_memcpy                           0x0800025d   Thumb Code    36  memcpya.o(.text)
    __aeabi_memcpy4                          0x0800025d   Thumb Code     0  memcpya.o(.text)
    __aeabi_memcpy8                          0x0800025d   Thumb Code     0  memcpya.o(.text)
    __aeabi_memset                           0x08000281   Thumb Code    14  memseta.o(.text)
    __aeabi_memset4                          0x08000281   Thumb Code     0  memseta.o(.text)
    __aeabi_memset8                          0x08000281   Thumb Code     0  memseta.o(.text)
    __aeabi_memclr                           0x0800028f   Thumb Code     4  memseta.o(.text)
    __aeabi_memclr4                          0x0800028f   Thumb Code     0  memseta.o(.text)
    __aeabi_memclr8                          0x0800028f   Thumb Code     0  memseta.o(.text)
    _memset$wrapper                          0x08000293   Thumb Code    18  memseta.o(.text)
    strcat                                   0x080002a5   Thumb Code    24  strcat.o(.text)
    strstr                                   0x080002bd   Thumb Code    36  strstr.o(.text)
    strncpy                                  0x080002e1   Thumb Code    24  strncpy.o(.text)
    strlen                                   0x080002f9   Thumb Code    14  strlen.o(.text)
    strcmp                                   0x08000307   Thumb Code    28  strcmp.o(.text)
    strcpy                                   0x08000323   Thumb Code    18  strcpy.o(.text)
    strncmp                                  0x08000335   Thumb Code    30  strncmp.o(.text)
    __scatterload                            0x08000355   Thumb Code    28  init.o(.text)
    __scatterload_rt2                        0x08000355   Thumb Code     0  init.o(.text)
    __decompress                             0x08000379   Thumb Code     0  __dczerorl2.o(.text)
    __decompress1                            0x08000379   Thumb Code    86  __dczerorl2.o(.text)
    main                                     0x080003cf   Thumb Code    10  components.o(i.$Sub$$main)
    ADC_Cmd                                  0x080003d9   Thumb Code    22  stm32f10x_adc.o(i.ADC_Cmd)
    ADC_DMACmd                               0x080003ef   Thumb Code    22  stm32f10x_adc.o(i.ADC_DMACmd)
    ADC_GetCalibrationStatus                 0x08000405   Thumb Code    20  stm32f10x_adc.o(i.ADC_GetCalibrationStatus)
    ADC_GetResetCalibrationStatus            0x08000419   Thumb Code    20  stm32f10x_adc.o(i.ADC_GetResetCalibrationStatus)
    ADC_Init                                 0x0800042d   Thumb Code    70  stm32f10x_adc.o(i.ADC_Init)
    ADC_RegularChannelConfig                 0x0800047d   Thumb Code   184  stm32f10x_adc.o(i.ADC_RegularChannelConfig)
    ADC_ResetCalibration                     0x08000535   Thumb Code    10  stm32f10x_adc.o(i.ADC_ResetCalibration)
    ADC_SoftwareStartConvCmd                 0x0800053f   Thumb Code    22  stm32f10x_adc.o(i.ADC_SoftwareStartConvCmd)
    ADC_StartCalibration                     0x08000555   Thumb Code    10  stm32f10x_adc.o(i.ADC_StartCalibration)
    AdcDMAInit                               0x08000561   Thumb Code    84  adc.o(i.AdcDMAInit)
    AdcGpioInit                              0x080005c1   Thumb Code    32  adc.o(i.AdcGpioInit)
    AdcInit                                  0x080005e5   Thumb Code    16  adc.o(i.AdcInit)
    AdcModeInit                              0x080005f5   Thumb Code   148  adc.o(i.AdcModeInit)
    BeepGpioInit                             0x0800068d   Thumb Code    48  gpio.o(i.BeepGpioInit)
    BeepOff                                  0x080006c1   Thumb Code    14  gpio.o(i.BeepOff)
    BeepOn                                   0x080006d5   Thumb Code    14  gpio.o(i.BeepOn)
    BusFault_Handler                         0x080006e9   Thumb Code     4  stm32f10x_it.o(i.BusFault_Handler)
    CpuInit                                  0x080006ed   Thumb Code    12  system.o(i.CpuInit)
    DMA_Cmd                                  0x080006f9   Thumb Code    24  stm32f10x_dma.o(i.DMA_Cmd)
    DMA_DeInit                               0x08000711   Thumb Code   324  stm32f10x_dma.o(i.DMA_DeInit)
    DMA_GetFlagStatus                        0x0800085d   Thumb Code    36  stm32f10x_dma.o(i.DMA_GetFlagStatus)
    DMA_Init                                 0x08000889   Thumb Code    60  stm32f10x_dma.o(i.DMA_Init)
    DebugMon_Handler                         0x080008c5   Thumb Code     2  stm32f10x_it.o(i.DebugMon_Handler)
    EXTI15_10_IRQHandler                     0x080008c9   Thumb Code   102  exti.o(i.EXTI15_10_IRQHandler)
    EXTI_ClearFlag                           0x08000951   Thumb Code     6  stm32f10x_exti.o(i.EXTI_ClearFlag)
    EXTI_GetFlagStatus                       0x0800095d   Thumb Code    20  stm32f10x_exti.o(i.EXTI_GetFlagStatus)
    EXTI_Init                                0x08000975   Thumb Code   142  stm32f10x_exti.o(i.EXTI_Init)
    ExtiGpioInit                             0x08000a09   Thumb Code    40  exti.o(i.ExtiGpioInit)
    ExtiInit                                 0x08000a35   Thumb Code   148  exti.o(i.ExtiInit)
    GPIO_EXTILineConfig                      0x08000ac9   Thumb Code    60  stm32f10x_gpio.o(i.GPIO_EXTILineConfig)
    GPIO_Init                                0x08000b09   Thumb Code   278  stm32f10x_gpio.o(i.GPIO_Init)
    GPIO_ResetBits                           0x08000c1f   Thumb Code     4  stm32f10x_gpio.o(i.GPIO_ResetBits)
    GPIO_SetBits                             0x08000c23   Thumb Code     4  stm32f10x_gpio.o(i.GPIO_SetBits)
    GetChipFlashCapacity                     0x08000c29   Thumb Code    24  chipinfo.o(i.GetChipFlashCapacity)
    GetChipID                                0x08000c65   Thumb Code    42  chipinfo.o(i.GetChipID)
    InitLock                                 0x08000cb5   Thumb Code    16  lock.o(i.InitLock)
    LedGpioInit                              0x08000cd5   Thumb Code    36  gpio.o(i.LedGpioInit)
    LedToggle                                0x08000cfd   Thumb Code     8  gpio.o(i.LedToggle)
    MemManage_Handler                        0x08000d05   Thumb Code     4  stm32f10x_it.o(i.MemManage_Handler)
    NMI_Handler                              0x08000d09   Thumb Code     2  stm32f10x_it.o(i.NMI_Handler)
    NVIC_Init                                0x08000d0d   Thumb Code   100  misc.o(i.NVIC_Init)
    NVIC_PriorityGroupConfig                 0x08000d7d   Thumb Code    10  misc.o(i.NVIC_PriorityGroupConfig)
    RCC_ADCCLKConfig                         0x08000d91   Thumb Code    18  stm32f10x_rcc.o(i.RCC_ADCCLKConfig)
    RCC_AHBPeriphClockCmd                    0x08000da9   Thumb Code    26  stm32f10x_rcc.o(i.RCC_AHBPeriphClockCmd)
    RCC_APB1PeriphClockCmd                   0x08000dc9   Thumb Code    26  stm32f10x_rcc.o(i.RCC_APB1PeriphClockCmd)
    RCC_APB2PeriphClockCmd                   0x08000de9   Thumb Code    26  stm32f10x_rcc.o(i.RCC_APB2PeriphClockCmd)
    RCC_GetClocksFreq                        0x08000e09   Thumb Code   192  stm32f10x_rcc.o(i.RCC_GetClocksFreq)
    SVC_Handler                              0x08000edd   Thumb Code     2  stm32f10x_it.o(i.SVC_Handler)
    SensorMQInit                             0x08000ee1   Thumb Code    32  sensormq.o(i.SensorMQInit)
    SensorTimerInit                          0x08000f2d   Thumb Code    34  adctimer.o(i.SensorTimerInit)
    SysInit                                  0x08001055   Thumb Code    24  system.o(i.SysInit)
    SysTickInit                              0x0800106d   Thumb Code    84  systick.o(i.SysTickInit)
    SysTick_Handler                          0x080010cd   Thumb Code    16  board.o(i.SysTick_Handler)
    SystemInit                               0x080010dd   Thumb Code    78  system_stm32f10x.o(i.SystemInit)
    TaskInit                                 0x0800113d   Thumb Code   148  task.o(i.TaskInit)
    USART1_IRQHandler                        0x08001211   Thumb Code    42  usart.o(i.USART1_IRQHandler)
    USART3_IRQHandler                        0x08001241   Thumb Code    42  usart.o(i.USART3_IRQHandler)
    USART_ClearFlag                          0x08001271   Thumb Code    18  stm32f10x_usart.o(i.USART_ClearFlag)
    USART_Cmd                                0x08001283   Thumb Code    24  stm32f10x_usart.o(i.USART_Cmd)
    USART_GetFlagStatus                      0x0800129b   Thumb Code    26  stm32f10x_usart.o(i.USART_GetFlagStatus)
    USART_ITConfig                           0x080012b5   Thumb Code    74  stm32f10x_usart.o(i.USART_ITConfig)
    USART_Init                               0x08001301   Thumb Code   210  stm32f10x_usart.o(i.USART_Init)
    USART_ReceiveData                        0x080013d9   Thumb Code    10  stm32f10x_usart.o(i.USART_ReceiveData)
    USART_SendData                           0x080013e3   Thumb Code     8  stm32f10x_usart.o(i.USART_SendData)
    UsageFault_Handler                       0x080013eb   Thumb Code     4  stm32f10x_it.o(i.UsageFault_Handler)
    UsartInit                                0x080013f1   Thumb Code   308  usart.o(i.UsartInit)
    __rt_ffs                                 0x08001531   Thumb Code    70  kservice.o(i.__rt_ffs)
    __scatterload_copy                       0x0800157d   Thumb Code    14  handlers.o(i.__scatterload_copy)
    __scatterload_null                       0x0800158b   Thumb Code     2  handlers.o(i.__scatterload_null)
    __scatterload_zeroinit                   0x0800158d   Thumb Code    14  handlers.o(i.__scatterload_zeroinit)
    bright_checkout_thread_entry             0x08001711   Thumb Code   120  task.o(i.bright_checkout_thread_entry)
    cmd_free                                 0x080018f1   Thumb Code    14  msh.o(i.cmd_free)
    cmd_ps                                   0x080018ff   Thumb Code    14  msh.o(i.cmd_ps)
    finsh_get_prompt                         0x0800190d   Thumb Code    84  shell.o(i.finsh_get_prompt)
    finsh_set_prompt_mode                    0x08001989   Thumb Code    22  shell.o(i.finsh_set_prompt_mode)
    finsh_system_function_init               0x080019a5   Thumb Code    10  shell.o(i.finsh_system_function_init)
    finsh_system_init                        0x080019b9   Thumb Code    98  shell.o(i.finsh_system_init)
    finsh_thread_entry                       0x08001a55   Thumb Code   936  shell.o(i.finsh_thread_entry)
    hello                                    0x08001e9d   Thumb Code    12  cmd.o(i.hello)
    led_thread_entry                         0x08001ebd   Thumb Code    20  task.o(i.led_thread_entry)
    list                                     0x08001ed5   Thumb Code    52  cmd.o(i.list)
    list_event                               0x08001f2d   Thumb Code   204  cmd.o(i.list_event)
    list_mailbox                             0x08002125   Thumb Code   224  cmd.o(i.list_mailbox)
    list_mem                                 0x08002281   Thumb Code    34  mem.o(i.list_mem)
    list_msgqueue                            0x080022f9   Thumb Code   216  cmd.o(i.list_msgqueue)
    list_mutex                               0x0800243d   Thumb Code   170  cmd.o(i.list_mutex)
    list_sem                                 0x0800254d   Thumb Code   216  cmd.o(i.list_sem)
    list_thread                              0x08002685   Thumb Code   294  cmd.o(i.list_thread)
    list_timer                               0x08002869   Thumb Code   190  cmd.o(i.list_timer)
    $Super$$main                             0x080029c9   Thumb Code    20  main.o(i.main)
    main_thread_entry                        0x080029e1   Thumb Code    14  components.o(i.main_thread_entry)
    msh_auto_complete                        0x08002ad9   Thumb Code   138  msh.o(i.msh_auto_complete)
    msh_exec                                 0x08002b79   Thumb Code    82  msh.o(i.msh_exec)
    msh_help                                 0x08002c41   Thumb Code    64  msh.o(i.msh_help)
    msh_is_used                              0x08002cb5   Thumb Code     4  msh.o(i.msh_is_used)
    rt_application_init                      0x08002fd5   Thumb Code    34  components.o(i.rt_application_init)
    rt_calloc                                0x08003005   Thumb Code    34  mem.o(i.rt_calloc)
    rt_components_board_init                 0x08003029   Thumb Code    20  components.o(i.rt_components_board_init)
    rt_components_init                       0x08003045   Thumb Code    20  components.o(i.rt_components_init)
    rt_enter_critical                        0x08003061   Thumb Code    28  scheduler.o(i.rt_enter_critical)
    rt_exit_critical                         0x08003081   Thumb Code    60  scheduler.o(i.rt_exit_critical)
    rt_free                                  0x080030c5   Thumb Code   128  mem.o(i.rt_free)
    rt_heap_begin_get                        0x080031a5   Thumb Code     4  board.o(i.rt_heap_begin_get)
    rt_heap_end_get                          0x080031ad   Thumb Code     4  board.o(i.rt_heap_end_get)
    rt_hw_board_init                         0x080031b5   Thumb Code    30  board.o(i.rt_hw_board_init)
    rt_hw_console_getchar                    0x080031d5   Thumb Code    58  usart.o(i.rt_hw_console_getchar)
    rt_hw_console_output                     0x08003215   Thumb Code    74  usart.o(i.rt_hw_console_output)
    rt_hw_hard_fault_exception               0x08003265   Thumb Code   198  cpuport.o(i.rt_hw_hard_fault_exception)
    rt_hw_stack_init                         0x0800346d   Thumb Code    70  cpuport.o(i.rt_hw_stack_init)
    rt_interrupt_enter                       0x080034b9   Thumb Code    26  irq.o(i.rt_interrupt_enter)
    rt_interrupt_leave                       0x080034d9   Thumb Code    26  irq.o(i.rt_interrupt_leave)
    rt_kprintf                               0x080035bd   Thumb Code    44  kservice.o(i.rt_kprintf)
    rt_malloc                                0x080036a1   Thumb Code   336  mem.o(i.rt_malloc)
    rt_memcpy                                0x0800380d   Thumb Code   124  kservice.o(i.rt_memcpy)
    rt_memmove                               0x08003889   Thumb Code    66  kservice.o(i.rt_memmove)
    rt_memset                                0x080038cb   Thumb Code    72  kservice.o(i.rt_memset)
    rt_mq_create                             0x08003913   Thumb Code   128  ipc.o(i.rt_mq_create)
    rt_mq_delete                             0x08003993   Thumb Code    28  ipc.o(i.rt_mq_delete)
    rt_mq_recv                               0x080039af   Thumb Code   252  ipc.o(i.rt_mq_recv)
    rt_mq_send                               0x08003aab   Thumb Code   140  ipc.o(i.rt_mq_send)
    rt_mutex_create                          0x08003b37   Thumb Code    54  ipc.o(i.rt_mutex_create)
    rt_mutex_release                         0x08003b6d   Thumb Code   162  ipc.o(i.rt_mutex_release)
    rt_mutex_take                            0x08003c0f   Thumb Code   200  ipc.o(i.rt_mutex_take)
    rt_object_allocate                       0x08003cd7   Thumb Code    84  object.o(i.rt_object_allocate)
    rt_object_delete                         0x08003d2b   Thumb Code    36  object.o(i.rt_object_delete)
    rt_object_detach                         0x08003d4f   Thumb Code    30  object.o(i.rt_object_detach)
    rt_object_get_information                0x08003d6d   Thumb Code    36  object.o(i.rt_object_get_information)
    rt_object_init                           0x08003d95   Thumb Code    86  object.o(i.rt_object_init)
    rt_object_is_systemobject                0x08003deb   Thumb Code    18  object.o(i.rt_object_is_systemobject)
    rt_schedule                              0x08003dfd   Thumb Code   106  scheduler.o(i.rt_schedule)
    rt_schedule_insert_thread                0x08003e81   Thumb Code    72  scheduler.o(i.rt_schedule_insert_thread)
    rt_schedule_remove_thread                0x08003ed1   Thumb Code    76  scheduler.o(i.rt_schedule_remove_thread)
    rt_sem_create                            0x08003f25   Thumb Code    42  ipc.o(i.rt_sem_create)
    rt_sem_init                              0x08003f4f   Thumb Code    38  ipc.o(i.rt_sem_init)
    rt_sem_release                           0x08003f75   Thumb Code    58  ipc.o(i.rt_sem_release)
    rt_sem_take                              0x08003faf   Thumb Code   116  ipc.o(i.rt_sem_take)
    rt_show_version                          0x08004025   Thumb Code    38  kservice.o(i.rt_show_version)
    rt_strlen                                0x080040d5   Thumb Code    18  kservice.o(i.rt_strlen)
    rt_strncpy                               0x080040e7   Thumb Code    52  kservice.o(i.rt_strncpy)
    rt_system_heap_init                      0x0800411d   Thumb Code   160  mem.o(i.rt_system_heap_init)
    rt_system_scheduler_init                 0x08004215   Thumb Code    52  scheduler.o(i.rt_system_scheduler_init)
    rt_system_scheduler_start                0x08004261   Thumb Code    36  scheduler.o(i.rt_system_scheduler_start)
    rt_system_timer_init                     0x08004291   Thumb Code    24  timer.o(i.rt_system_timer_init)
    rt_system_timer_thread_init              0x080042ad   Thumb Code     2  timer.o(i.rt_system_timer_thread_init)
    rt_thread_control                        0x080042af   Thumb Code   118  thread.o(i.rt_thread_control)
    rt_thread_create                         0x08004325   Thumb Code    80  thread.o(i.rt_thread_create)
    rt_thread_delete                         0x08004375   Thumb Code    60  thread.o(i.rt_thread_delete)
    rt_thread_exit                           0x080043b5   Thumb Code    78  thread.o(i.rt_thread_exit)
    rt_thread_idle_excute                    0x08004415   Thumb Code   138  idle.o(i.rt_thread_idle_excute)
    rt_thread_idle_init                      0x080044a5   Thumb Code    38  idle.o(i.rt_thread_idle_init)
    rt_thread_init                           0x080044e1   Thumb Code    52  thread.o(i.rt_thread_init)
    rt_thread_mdelay                         0x08004515   Thumb Code    20  thread.o(i.rt_thread_mdelay)
    rt_thread_resume                         0x08004529   Thumb Code    60  thread.o(i.rt_thread_resume)
    rt_thread_self                           0x08004565   Thumb Code     6  thread.o(i.rt_thread_self)
    rt_thread_sleep                          0x08004571   Thumb Code    62  thread.o(i.rt_thread_sleep)
    rt_thread_startup                        0x080045b5   Thumb Code    44  thread.o(i.rt_thread_startup)
    rt_thread_suspend                        0x080045e1   Thumb Code    68  thread.o(i.rt_thread_suspend)
    rt_thread_timeout                        0x08004625   Thumb Code    32  thread.o(i.rt_thread_timeout)
    rt_thread_yield                          0x08004645   Thumb Code    92  thread.o(i.rt_thread_yield)
    rt_tick_from_millisecond                 0x080046a9   Thumb Code    56  clock.o(i.rt_tick_from_millisecond)
    rt_tick_get                              0x080046e1   Thumb Code     6  clock.o(i.rt_tick_get)
    rt_tick_increase                         0x080046ed   Thumb Code    42  clock.o(i.rt_tick_increase)
    rt_timer_check                           0x0800471d   Thumb Code   118  timer.o(i.rt_timer_check)
    rt_timer_control                         0x08004799   Thumb Code    56  timer.o(i.rt_timer_control)
    rt_timer_create                          0x080047d1   Thumb Code    54  timer.o(i.rt_timer_create)
    rt_timer_detach                          0x08004807   Thumb Code    32  timer.o(i.rt_timer_detach)
    rt_timer_init                            0x08004827   Thumb Code    46  timer.o(i.rt_timer_init)
    rt_timer_start                           0x08004855   Thumb Code   238  timer.o(i.rt_timer_start)
    rt_timer_stop                            0x0800494d   Thumb Code    48  timer.o(i.rt_timer_stop)
    rt_vsnprintf                             0x0800497d   Thumb Code   808  kservice.o(i.rt_vsnprintf)
    rtthread_startup                         0x08004cbd   Thumb Code    42  components.o(i.rtthread_startup)
    sensor_start_convert_entry               0x08004ce9   Thumb Code    64  adctimer.o(i.sensor_start_convert_entry)
    temper_checkout_thread_entry             0x08004df5   Thumb Code    90  task.o(i.temper_checkout_thread_entry)
    usart2_recv_thread_entry                 0x08004f6d   Thumb Code    74  task.o(i.usart2_recv_thread_entry)
    version                                  0x08004ff5   Thumb Code    10  cmd.o(i.version)
    weakup_thread_to_get_sensor              0x08005001   Thumb Code    92  finshcmd.o(i.weakup_thread_to_get_sensor)
    __fsym___cmd_BeepOn_name                 0x08005094   Data          13  gpio.o(.constdata)
    __fsym___cmd_BeepOff_name                0x080050a1   Data          14  gpio.o(.constdata)
    __fsym___cmd_GetChipID_name              0x080050af   Data          16  chipinfo.o(.constdata)
    __fsym___cmd_GetChipFlashCapacity_name   0x080050bf   Data          27  chipinfo.o(.constdata)
    __fsym___cmd_weakup_thread_to_get_sensor_name 0x080050da   Data          34  finshcmd.o(.constdata)
    __lowest_bit_bitmap                      0x080050fc   Data         256  kservice.o(.constdata)
    __fsym_list_mem_name                     0x0800521e   Data           9  mem.o(.constdata)
    __fsym_hello_name                        0x08005227   Data           6  cmd.o(.constdata)
    __fsym_version_name                      0x0800522d   Data           8  cmd.o(.constdata)
    __fsym___cmd_version_name                0x08005235   Data          14  cmd.o(.constdata)
    __fsym_list_thread_name                  0x08005243   Data          12  cmd.o(.constdata)
    __fsym___cmd_list_thread_name            0x0800524f   Data          18  cmd.o(.constdata)
    __fsym_list_sem_name                     0x08005261   Data           9  cmd.o(.constdata)
    __fsym___cmd_list_sem_name               0x0800526a   Data          15  cmd.o(.constdata)
    __fsym_list_event_name                   0x08005279   Data          11  cmd.o(.constdata)
    __fsym___cmd_list_event_name             0x08005284   Data          17  cmd.o(.constdata)
    __fsym_list_mutex_name                   0x08005295   Data          11  cmd.o(.constdata)
    __fsym___cmd_list_mutex_name             0x080052a0   Data          17  cmd.o(.constdata)
    __fsym_list_mailbox_name                 0x080052b1   Data          13  cmd.o(.constdata)
    __fsym___cmd_list_mailbox_name           0x080052be   Data          19  cmd.o(.constdata)
    __fsym_list_msgqueue_name                0x080052d1   Data          14  cmd.o(.constdata)
    __fsym___cmd_list_msgqueue_name          0x080052df   Data          20  cmd.o(.constdata)
    __fsym_list_timer_name                   0x080052f3   Data          11  cmd.o(.constdata)
    __fsym___cmd_list_timer_name             0x080052fe   Data          17  cmd.o(.constdata)
    __fsym_list_name                         0x0800530f   Data           5  cmd.o(.constdata)
    __fsym___cmd_help_name                   0x08005314   Data          11  msh.o(.constdata)
    __fsym___cmd_ps_name                     0x0800531f   Data           9  msh.o(.constdata)
    __fsym___cmd_free_name                   0x08005328   Data          11  msh.o(.constdata)
    __rt_init_rti_start                      0x080053b4   Data           4  components.o(.rti_fn.0)
    __rt_init_rti_board_start                0x080053b8   Data           4  components.o(.rti_fn.0.end)
    __rt_init_BeepGpioInit                   0x080053bc   Data           4  gpio.o(.rti_fn.1)
    __rt_init_AdcInit                        0x080053c0   Data           4  adc.o(.rti_fn.1)
    __rt_init_ExtiInit                       0x080053c4   Data           4  exti.o(.rti_fn.1)
    __rt_init_rti_board_end                  0x080053c8   Data           4  components.o(.rti_fn.1.end)
    __rt_init_InitLock                       0x080053cc   Data           4  lock.o(.rti_fn.2)
    __rt_init_SensorMQInit                   0x080053d0   Data           4  sensormq.o(.rti_fn.2)
    __rt_init_SensorTimerInit                0x080053d4   Data           4  adctimer.o(.rti_fn.5)
    __rt_init_TaskInit                       0x080053d8   Data           4  task.o(.rti_fn.6)
    __rt_init_finsh_system_init              0x080053dc   Data           4  shell.o(.rti_fn.6)
    __rt_init_rti_end                        0x080053e0   Data           4  components.o(.rti_fn.6.end)
    FSymTab$$Base                            0x080053e4   Number         0  gpio.o(FSymTab)
    __fsym___cmd_BeepOn                      0x080053e4   Data           8  gpio.o(FSymTab)
    __fsym___cmd_BeepOff                     0x080053ec   Data           8  gpio.o(FSymTab)
    __fsym___cmd_GetChipID                   0x080053f4   Data           8  chipinfo.o(FSymTab)
    __fsym___cmd_GetChipFlashCapacity        0x080053fc   Data           8  chipinfo.o(FSymTab)
    __fsym___cmd_weakup_thread_to_get_sensor 0x08005404   Data           8  finshcmd.o(FSymTab)
    __fsym_list_mem                          0x0800540c   Data           8  mem.o(FSymTab)
    __fsym_hello                             0x08005414   Data           8  cmd.o(FSymTab)
    __fsym_version                           0x0800541c   Data           8  cmd.o(FSymTab)
    __fsym___cmd_version                     0x08005424   Data           8  cmd.o(FSymTab)
    __fsym_list_thread                       0x0800542c   Data           8  cmd.o(FSymTab)
    __fsym___cmd_list_thread                 0x08005434   Data           8  cmd.o(FSymTab)
    __fsym_list_sem                          0x0800543c   Data           8  cmd.o(FSymTab)
    __fsym___cmd_list_sem                    0x08005444   Data           8  cmd.o(FSymTab)
    __fsym_list_event                        0x0800544c   Data           8  cmd.o(FSymTab)
    __fsym___cmd_list_event                  0x08005454   Data           8  cmd.o(FSymTab)
    __fsym_list_mutex                        0x0800545c   Data           8  cmd.o(FSymTab)
    __fsym___cmd_list_mutex                  0x08005464   Data           8  cmd.o(FSymTab)
    __fsym_list_mailbox                      0x0800546c   Data           8  cmd.o(FSymTab)
    __fsym___cmd_list_mailbox                0x08005474   Data           8  cmd.o(FSymTab)
    __fsym_list_msgqueue                     0x0800547c   Data           8  cmd.o(FSymTab)
    __fsym___cmd_list_msgqueue               0x08005484   Data           8  cmd.o(FSymTab)
    __fsym_list_timer                        0x0800548c   Data           8  cmd.o(FSymTab)
    __fsym___cmd_list_timer                  0x08005494   Data           8  cmd.o(FSymTab)
    __fsym_list                              0x0800549c   Data           8  cmd.o(FSymTab)
    __fsym___cmd_help                        0x080054a4   Data           8  msh.o(FSymTab)
    __fsym___cmd_ps                          0x080054ac   Data           8  msh.o(FSymTab)
    __fsym___cmd_free                        0x080054b4   Data           8  msh.o(FSymTab)
    FSymTab$$Limit                           0x080054bc   Number         0  msh.o(FSymTab)
    Region$$Table$$Base                      0x080054bc   Number         0  anon$$obj.o(Region$$Table)
    Region$$Table$$Limit                     0x080054dc   Number         0  anon$$obj.o(Region$$Table)
    SystemCoreClock                          0x20000000   Data           4  system_stm32f10x.o(.data)
    AHBPrescTable                            0x20000004   Data          16  system_stm32f10x.o(.data)
    g_Var                                    0x20000028   Data           1  main.o(.data)
    usart2_recv_sem                          0x2000002c   Data           4  main.o(.data)
    bright_thread                            0x20000030   Data           4  task.o(.data)
    temper_thread                            0x20000034   Data           4  task.o(.data)
    Tasks                                    0x2000003c   Data         120  task.o(.data)
    buffer_lock                              0x200000b4   Data           4  lock.o(.data)
    sensor_mq                                0x200000b8   Data           4  sensormq.o(.data)
    g_USART1_RecPos                          0x200000bc   Data           2  usart.o(.data)
    g_USART2_RecPos                          0x200000be   Data           2  usart.o(.data)
    ADCBuffer                                0x200000c0   Data           4  adc.o(.data)
    sensor_timer                             0x200000c4   Data           4  adctimer.o(.data)
    rt_interrupt_nest                        0x200000cc   Data           1  irq.o(.data)
    rt_current_thread                        0x2000015c   Data           4  scheduler.o(.data)
    rt_current_priority                      0x20000160   Data           1  scheduler.o(.data)
    rt_thread_ready_priority_group           0x20000164   Data           4  scheduler.o(.data)
    rt_thread_defunct                        0x20000168   Data           8  scheduler.o(.data)
    rt_interrupt_from_thread                 0x2000017c   Data           4  cpuport.o(.data)
    rt_interrupt_to_thread                   0x20000180   Data           4  cpuport.o(.data)
    rt_thread_switch_interrupt_flag          0x20000184   Data           4  cpuport.o(.data)
    _syscall_table_begin                     0x2000018c   Data           4  shell.o(.data)
    _syscall_table_end                       0x20000190   Data           4  shell.o(.data)
    _sysvar_table_begin                      0x20000194   Data           4  shell.o(.data)
    _sysvar_table_end                        0x20000198   Data           4  shell.o(.data)
    shell                                    0x2000019c   Data           4  shell.o(.data)
    g_USART1_RxBuf                           0x200021a4   Data         256  usart.o(.bss)
    g_USART2_RxBuf                           0x200022a4   Data         256  usart.o(.bss)
    ChipUID                                  0x200023a4   Data          12  chipinfo.o(.bss)
    rt_thread_priority_table                 0x200025e8   Data         256  scheduler.o(.bss)
    __initial_sp                             0x20002b70   Data           0  startup_stm32f10x_hd.o(STACK)



==============================================================================

Memory Map of the image

  Image Entry point : 0x08000131

  Load Region LR_IROM1 (Base: 0x08000000, Size: 0x00005680, Max: 0x00010000, ABSOLUTE, COMPRESSED[0x00005568])

    Execution Region ER_IROM1 (Exec base: 0x08000000, Load base: 0x08000000, Size: 0x000054dc, Max: 0x00010000, ABSOLUTE)

    Exec Addr    Load Addr    Size         Type   Attr      Idx    E Section Name        Object

    0x08000000   0x08000000   0x00000130   Data   RO            3    RESET               startup_stm32f10x_hd.o
    0x08000130   0x08000130   0x00000000   Code   RO         5030  * .ARM.Collect$$$$00000000  mc_w.l(entry.o)
    0x08000130   0x08000130   0x00000004   Code   RO         5053    .ARM.Collect$$$$00000001  mc_w.l(entry2.o)
    0x08000134   0x08000134   0x00000004   Code   RO         5056    .ARM.Collect$$$$00000004  mc_w.l(entry5.o)
    0x08000138   0x08000138   0x00000000   Code   RO         5058    .ARM.Collect$$$$00000008  mc_w.l(entry7b.o)
    0x08000138   0x08000138   0x00000000   Code   RO         5060    .ARM.Collect$$$$0000000A  mc_w.l(entry8b.o)
    0x08000138   0x08000138   0x00000008   Code   RO         5061    .ARM.Collect$$$$0000000B  mc_w.l(entry9a.o)
    0x08000140   0x08000140   0x00000000   Code   RO         5063    .ARM.Collect$$$$0000000D  mc_w.l(entry10a.o)
    0x08000140   0x08000140   0x00000000   Code   RO         5065    .ARM.Collect$$$$0000000F  mc_w.l(entry11a.o)
    0x08000140   0x08000140   0x00000004   Code   RO         5054    .ARM.Collect$$$$00002712  mc_w.l(entry2.o)
    0x08000144   0x08000144   0x00000024   Code   RO            4    .text               startup_stm32f10x_hd.o
    0x08000168   0x08000168   0x000000f4   Code   RO         4702    .text               context_rvds.o
    0x0800025c   0x0800025c   0x00000024   Code   RO         5033    .text               mc_w.l(memcpya.o)
    0x08000280   0x08000280   0x00000024   Code   RO         5035    .text               mc_w.l(memseta.o)
    0x080002a4   0x080002a4   0x00000018   Code   RO         5037    .text               mc_w.l(strcat.o)
    0x080002bc   0x080002bc   0x00000024   Code   RO         5039    .text               mc_w.l(strstr.o)
    0x080002e0   0x080002e0   0x00000018   Code   RO         5041    .text               mc_w.l(strncpy.o)
    0x080002f8   0x080002f8   0x0000000e   Code   RO         5043    .text               mc_w.l(strlen.o)
    0x08000306   0x08000306   0x0000001c   Code   RO         5045    .text               mc_w.l(strcmp.o)
    0x08000322   0x08000322   0x00000012   Code   RO         5047    .text               mc_w.l(strcpy.o)
    0x08000334   0x08000334   0x0000001e   Code   RO         5049    .text               mc_w.l(strncmp.o)
    0x08000352   0x08000352   0x00000002   PAD
    0x08000354   0x08000354   0x00000024   Code   RO         5067    .text               mc_w.l(init.o)
    0x08000378   0x08000378   0x00000056   Code   RO         5077    .text               mc_w.l(__dczerorl2.o)
    0x080003ce   0x080003ce   0x0000000a   Code   RO         3655    i.$Sub$$main        components.o
    0x080003d8   0x080003d8   0x00000016   Code   RO          183    i.ADC_Cmd           stm32f10x_adc.o
    0x080003ee   0x080003ee   0x00000016   Code   RO          184    i.ADC_DMACmd        stm32f10x_adc.o
    0x08000404   0x08000404   0x00000014   Code   RO          191    i.ADC_GetCalibrationStatus  stm32f10x_adc.o
    0x08000418   0x08000418   0x00000014   Code   RO          197    i.ADC_GetResetCalibrationStatus  stm32f10x_adc.o
    0x0800042c   0x0800042c   0x00000050   Code   RO          201    i.ADC_Init          stm32f10x_adc.o
    0x0800047c   0x0800047c   0x000000b8   Code   RO          205    i.ADC_RegularChannelConfig  stm32f10x_adc.o
    0x08000534   0x08000534   0x0000000a   Code   RO          206    i.ADC_ResetCalibration  stm32f10x_adc.o
    0x0800053e   0x0800053e   0x00000016   Code   RO          208    i.ADC_SoftwareStartConvCmd  stm32f10x_adc.o
    0x08000554   0x08000554   0x0000000a   Code   RO          210    i.ADC_StartCalibration  stm32f10x_adc.o
    0x0800055e   0x0800055e   0x00000002   PAD
    0x08000560   0x08000560   0x00000060   Code   RO         3509    i.AdcDMAInit        adc.o
    0x080005c0   0x080005c0   0x00000024   Code   RO         3510    i.AdcGpioInit       adc.o
    0x080005e4   0x080005e4   0x00000010   Code   RO         3511    i.AdcInit           adc.o
    0x080005f4   0x080005f4   0x00000098   Code   RO         3512    i.AdcModeInit       adc.o
    0x0800068c   0x0800068c   0x00000034   Code   RO         3385    i.BeepGpioInit      gpio.o
    0x080006c0   0x080006c0   0x00000014   Code   RO         3386    i.BeepOff           gpio.o
    0x080006d4   0x080006d4   0x00000014   Code   RO         3387    i.BeepOn            gpio.o
    0x080006e8   0x080006e8   0x00000004   Code   RO         3193    i.BusFault_Handler  stm32f10x_it.o
    0x080006ec   0x080006ec   0x0000000c   Code   RO         3238    i.CpuInit           system.o
    0x080006f8   0x080006f8   0x00000018   Code   RO          868    i.DMA_Cmd           stm32f10x_dma.o
    0x08000710   0x08000710   0x0000014c   Code   RO          869    i.DMA_DeInit        stm32f10x_dma.o
    0x0800085c   0x0800085c   0x0000002c   Code   RO          871    i.DMA_GetFlagStatus  stm32f10x_dma.o
    0x08000888   0x08000888   0x0000003c   Code   RO          874    i.DMA_Init          stm32f10x_dma.o
    0x080008c4   0x080008c4   0x00000002   Code   RO         3194    i.DebugMon_Handler  stm32f10x_it.o
    0x080008c6   0x080008c6   0x00000002   PAD
    0x080008c8   0x080008c8   0x00000088   Code   RO         3590    i.EXTI15_10_IRQHandler  exti.o
    0x08000950   0x08000950   0x0000000c   Code   RO          938    i.EXTI_ClearFlag    stm32f10x_exti.o
    0x0800095c   0x0800095c   0x00000018   Code   RO          942    i.EXTI_GetFlagStatus  stm32f10x_exti.o
    0x08000974   0x08000974   0x00000094   Code   RO          944    i.EXTI_Init         stm32f10x_exti.o
    0x08000a08   0x08000a08   0x0000002c   Code   RO         3591    i.ExtiGpioInit      exti.o
    0x08000a34   0x08000a34   0x00000094   Code   RO         3592    i.ExtiInit          exti.o
    0x08000ac8   0x08000ac8   0x00000040   Code   RO         1289    i.GPIO_EXTILineConfig  stm32f10x_gpio.o
    0x08000b08   0x08000b08   0x00000116   Code   RO         1292    i.GPIO_Init         stm32f10x_gpio.o
    0x08000c1e   0x08000c1e   0x00000004   Code   RO         1299    i.GPIO_ResetBits    stm32f10x_gpio.o
    0x08000c22   0x08000c22   0x00000004   Code   RO         1300    i.GPIO_SetBits      stm32f10x_gpio.o
    0x08000c26   0x08000c26   0x00000002   PAD
    0x08000c28   0x08000c28   0x0000003c   Code   RO         3486    i.GetChipFlashCapacity  chipinfo.o
    0x08000c64   0x08000c64   0x00000050   Code   RO         3487    i.GetChipID         chipinfo.o
    0x08000cb4   0x08000cb4   0x00000020   Code   RO         3335    i.InitLock          lock.o
    0x08000cd4   0x08000cd4   0x00000028   Code   RO         3388    i.LedGpioInit       gpio.o
    0x08000cfc   0x08000cfc   0x00000008   Code   RO         3389    i.LedToggle         gpio.o
    0x08000d04   0x08000d04   0x00000004   Code   RO         3195    i.MemManage_Handler  stm32f10x_it.o
    0x08000d08   0x08000d08   0x00000002   Code   RO         3196    i.NMI_Handler       stm32f10x_it.o
    0x08000d0a   0x08000d0a   0x00000002   PAD
    0x08000d0c   0x08000d0c   0x00000070   Code   RO          137    i.NVIC_Init         misc.o
    0x08000d7c   0x08000d7c   0x00000014   Code   RO          138    i.NVIC_PriorityGroupConfig  misc.o
    0x08000d90   0x08000d90   0x00000018   Code   RO         1706    i.RCC_ADCCLKConfig  stm32f10x_rcc.o
    0x08000da8   0x08000da8   0x00000020   Code   RO         1707    i.RCC_AHBPeriphClockCmd  stm32f10x_rcc.o
    0x08000dc8   0x08000dc8   0x00000020   Code   RO         1708    i.RCC_APB1PeriphClockCmd  stm32f10x_rcc.o
    0x08000de8   0x08000de8   0x00000020   Code   RO         1710    i.RCC_APB2PeriphClockCmd  stm32f10x_rcc.o
    0x08000e08   0x08000e08   0x000000d4   Code   RO         1718    i.RCC_GetClocksFreq  stm32f10x_rcc.o
    0x08000edc   0x08000edc   0x00000002   Code   RO         3197    i.SVC_Handler       stm32f10x_it.o
    0x08000ede   0x08000ede   0x00000002   PAD
    0x08000ee0   0x08000ee0   0x0000004c   Code   RO         3353    i.SensorMQInit      sensormq.o
    0x08000f2c   0x08000f2c   0x00000040   Code   RO         3546    i.SensorTimerInit   adctimer.o
    0x08000f6c   0x08000f6c   0x00000008   Code   RO           24    i.SetSysClock       system_stm32f10x.o
    0x08000f74   0x08000f74   0x000000e0   Code   RO           25    i.SetSysClockTo72   system_stm32f10x.o
    0x08001054   0x08001054   0x00000018   Code   RO         3239    i.SysInit           system.o
    0x0800106c   0x0800106c   0x00000060   Code   RO         3369    i.SysTickInit       systick.o
    0x080010cc   0x080010cc   0x00000010   Code   RO         3260    i.SysTick_Handler   board.o
    0x080010dc   0x080010dc   0x00000060   Code   RO           27    i.SystemInit        system_stm32f10x.o
    0x0800113c   0x0800113c   0x000000d4   Code   RO         3292    i.TaskInit          task.o
    0x08001210   0x08001210   0x00000030   Code   RO         3426    i.USART1_IRQHandler  usart.o
    0x08001240   0x08001240   0x00000030   Code   RO         3427    i.USART3_IRQHandler  usart.o
    0x08001270   0x08001270   0x00000012   Code   RO         2874    i.USART_ClearFlag   stm32f10x_usart.o
    0x08001282   0x08001282   0x00000018   Code   RO         2878    i.USART_Cmd         stm32f10x_usart.o
    0x0800129a   0x0800129a   0x0000001a   Code   RO         2881    i.USART_GetFlagStatus  stm32f10x_usart.o
    0x080012b4   0x080012b4   0x0000004a   Code   RO         2884    i.USART_ITConfig    stm32f10x_usart.o
    0x080012fe   0x080012fe   0x00000002   PAD
    0x08001300   0x08001300   0x000000d8   Code   RO         2885    i.USART_Init        stm32f10x_usart.o
    0x080013d8   0x080013d8   0x0000000a   Code   RO         2892    i.USART_ReceiveData  stm32f10x_usart.o
    0x080013e2   0x080013e2   0x00000008   Code   RO         2895    i.USART_SendData    stm32f10x_usart.o
    0x080013ea   0x080013ea   0x00000004   Code   RO         3198    i.UsageFault_Handler  stm32f10x_it.o
    0x080013ee   0x080013ee   0x00000002   PAD
    0x080013f0   0x080013f0   0x00000140   Code   RO         3428    i.UsartInit         usart.o
    0x08001530   0x08001530   0x0000004c   Code   RO         4068    i.__rt_ffs          kservice.o
    0x0800157c   0x0800157c   0x0000000e   Code   RO         5071    i.__scatterload_copy  mc_w.l(handlers.o)
    0x0800158a   0x0800158a   0x00000002   Code   RO         5072    i.__scatterload_null  mc_w.l(handlers.o)
    0x0800158c   0x0800158c   0x0000000e   Code   RO         5073    i.__scatterload_zeroinit  mc_w.l(handlers.o)
    0x0800159a   0x0800159a   0x00000002   PAD
    0x0800159c   0x0800159c   0x00000014   Code   RO         3729    i._has_defunct_thread  idle.o
    0x080015b0   0x080015b0   0x0000006a   Code   RO         4869    i._msh_exec_cmd     msh.o
    0x0800161a   0x0800161a   0x00000002   PAD
    0x0800161c   0x0800161c   0x00000084   Code   RO         4474    i._rt_thread_init   thread.o
    0x080016a0   0x080016a0   0x00000042   Code   RO         4595    i._rt_timer_init    timer.o
    0x080016e2   0x080016e2   0x0000002e   Code   RO         4596    i._rt_timer_remove  timer.o
    0x08001710   0x08001710   0x000000e4   Code   RO         3293    i.bright_checkout_thread_entry  task.o
    0x080017f4   0x080017f4   0x000000fc   Code   RO         4706    i.bus_fault_track   cpuport.o
    0x080018f0   0x080018f0   0x0000000e   Code   RO         4870    i.cmd_free          msh.o
    0x080018fe   0x080018fe   0x0000000e   Code   RO         4871    i.cmd_ps            msh.o
    0x0800190c   0x0800190c   0x00000074   Code   RO         4942    i.finsh_get_prompt  shell.o
    0x08001980   0x08001980   0x00000008   Code   RO         4944    i.finsh_getchar     shell.o
    0x08001988   0x08001988   0x0000001c   Code   RO         4947    i.finsh_set_prompt_mode  shell.o
    0x080019a4   0x080019a4   0x00000014   Code   RO         4948    i.finsh_system_function_init  shell.o
    0x080019b8   0x080019b8   0x0000009c   Code   RO         4949    i.finsh_system_init  shell.o
    0x08001a54   0x08001a54   0x000003c8   Code   RO         4951    i.finsh_thread_entry  shell.o
    0x08001e1c   0x08001e1c   0x00000080   Code   RO         4707    i.hard_fault_track  cpuport.o
    0x08001e9c   0x08001e9c   0x00000020   Code   RO         4765    i.hello             cmd.o
    0x08001ebc   0x08001ebc   0x00000018   Code   RO         3294    i.led_thread_entry  task.o
    0x08001ed4   0x08001ed4   0x00000058   Code   RO         4766    i.list              cmd.o
    0x08001f2c   0x08001f2c   0x00000144   Code   RO         4767    i.list_event        cmd.o
    0x08002070   0x08002070   0x0000002a   Code   RO         4768    i.list_find_init    cmd.o
    0x0800209a   0x0800209a   0x00000088   Code   RO         4769    i.list_get_next     cmd.o
    0x08002122   0x08002122   0x00000002   PAD
    0x08002124   0x08002124   0x0000015c   Code   RO         4770    i.list_mailbox      cmd.o
    0x08002280   0x08002280   0x00000078   Code   RO         4245    i.list_mem          mem.o
    0x080022f8   0x080022f8   0x00000144   Code   RO         4771    i.list_msgqueue     cmd.o
    0x0800243c   0x0800243c   0x00000110   Code   RO         4772    i.list_mutex        cmd.o
    0x0800254c   0x0800254c   0x00000138   Code   RO         4773    i.list_sem          cmd.o
    0x08002684   0x08002684   0x000001e4   Code   RO         4774    i.list_thread       cmd.o
    0x08002868   0x08002868   0x00000160   Code   RO         4775    i.list_timer        cmd.o
    0x080029c8   0x080029c8   0x00000018   Code   RO         3108    i.main              main.o
    0x080029e0   0x080029e0   0x0000000e   Code   RO         3656    i.main_thread_entry  components.o
    0x080029ee   0x080029ee   0x00000002   PAD
    0x080029f0   0x080029f0   0x000000e8   Code   RO         4708    i.mem_manage_fault_track  cpuport.o
    0x08002ad8   0x08002ad8   0x000000a0   Code   RO         4872    i.msh_auto_complete  msh.o
    0x08002b78   0x08002b78   0x0000006c   Code   RO         4873    i.msh_exec          msh.o
    0x08002be4   0x08002be4   0x0000005c   Code   RO         4874    i.msh_get_cmd       msh.o
    0x08002c40   0x08002c40   0x00000074   Code   RO         4875    i.msh_help          msh.o
    0x08002cb4   0x08002cb4   0x00000004   Code   RO         4876    i.msh_is_used       msh.o
    0x08002cb8   0x08002cb8   0x000000f0   Code   RO         4877    i.msh_split         msh.o
    0x08002da8   0x08002da8   0x0000001c   Code   RO         4776    i.object_split      cmd.o
    0x08002dc4   0x08002dc4   0x00000078   Code   RO         4246    i.plug_holes        mem.o
    0x08002e3c   0x08002e3c   0x00000198   Code   RO         4070    i.print_number      kservice.o
    0x08002fd4   0x08002fd4   0x00000030   Code   RO         3657    i.rt_application_init  components.o
    0x08003004   0x08003004   0x00000022   Code   RO         4247    i.rt_calloc         mem.o
    0x08003026   0x08003026   0x00000002   PAD
    0x08003028   0x08003028   0x0000001c   Code   RO         3658    i.rt_components_board_init  components.o
    0x08003044   0x08003044   0x0000001c   Code   RO         3659    i.rt_components_init  components.o
    0x08003060   0x08003060   0x00000020   Code   RO         4402    i.rt_enter_critical  scheduler.o
    0x08003080   0x08003080   0x00000044   Code   RO         4403    i.rt_exit_critical  scheduler.o
    0x080030c4   0x080030c4   0x000000e0   Code   RO         4248    i.rt_free           mem.o
    0x080031a4   0x080031a4   0x00000008   Code   RO         3261    i.rt_heap_begin_get  board.o
    0x080031ac   0x080031ac   0x00000008   Code   RO         3262    i.rt_heap_end_get   board.o
    0x080031b4   0x080031b4   0x0000001e   Code   RO         3263    i.rt_hw_board_init  board.o
    0x080031d2   0x080031d2   0x00000002   PAD
    0x080031d4   0x080031d4   0x00000040   Code   RO         3432    i.rt_hw_console_getchar  usart.o
    0x08003214   0x08003214   0x00000050   Code   RO         3433    i.rt_hw_console_output  usart.o
    0x08003264   0x08003264   0x00000208   Code   RO         4712    i.rt_hw_hard_fault_exception  cpuport.o
    0x0800346c   0x0800346c   0x0000004c   Code   RO         4713    i.rt_hw_stack_init  cpuport.o
    0x080034b8   0x080034b8   0x00000020   Code   RO         4041    i.rt_interrupt_enter  irq.o
    0x080034d8   0x080034d8   0x00000020   Code   RO         4043    i.rt_interrupt_leave  irq.o
    0x080034f8   0x080034f8   0x00000014   Code   RO         3776    i.rt_ipc_list_resume  ipc.o
    0x0800350c   0x0800350c   0x00000032   Code   RO         3777    i.rt_ipc_list_resume_all  ipc.o
    0x0800353e   0x0800353e   0x0000006c   Code   RO         3778    i.rt_ipc_list_suspend  ipc.o
    0x080035aa   0x080035aa   0x00000010   Code   RO         3779    i.rt_ipc_object_init  ipc.o
    0x080035ba   0x080035ba   0x00000002   PAD
    0x080035bc   0x080035bc   0x00000030   Code   RO         4074    i.rt_kprintf        kservice.o
    0x080035ec   0x080035ec   0x00000006   Code   RO         3780    i.rt_list_init      ipc.o
    0x080035f2   0x080035f2   0x00000006   Code   RO         4404    i.rt_list_init      scheduler.o
    0x080035f8   0x080035f8   0x00000006   Code   RO         4597    i.rt_list_init      timer.o
    0x080035fe   0x080035fe   0x0000000e   Code   RO         4326    i.rt_list_insert_after  object.o
    0x0800360c   0x0800360c   0x0000000e   Code   RO         4475    i.rt_list_insert_after  thread.o
    0x0800361a   0x0800361a   0x0000000e   Code   RO         4598    i.rt_list_insert_after  timer.o
    0x08003628   0x08003628   0x0000000e   Code   RO         3781    i.rt_list_insert_before  ipc.o
    0x08003636   0x08003636   0x00000010   Code   RO         3782    i.rt_list_isempty   ipc.o
    0x08003646   0x08003646   0x00000010   Code   RO         4599    i.rt_list_isempty   timer.o
    0x08003656   0x08003656   0x00000010   Code   RO         4777    i.rt_list_isempty   cmd.o
    0x08003666   0x08003666   0x00000014   Code   RO         4778    i.rt_list_len       cmd.o
    0x0800367a   0x0800367a   0x00000012   Code   RO         4327    i.rt_list_remove    object.o
    0x0800368c   0x0800368c   0x00000012   Code   RO         4476    i.rt_list_remove    thread.o
    0x0800369e   0x0800369e   0x00000002   PAD
    0x080036a0   0x080036a0   0x0000016c   Code   RO         4249    i.rt_malloc         mem.o
    0x0800380c   0x0800380c   0x0000007c   Code   RO         4078    i.rt_memcpy         kservice.o
    0x08003888   0x08003888   0x00000042   Code   RO         4079    i.rt_memmove        kservice.o
    0x080038ca   0x080038ca   0x00000048   Code   RO         4080    i.rt_memset         kservice.o
    0x08003912   0x08003912   0x00000080   Code   RO         3792    i.rt_mq_create      ipc.o
    0x08003992   0x08003992   0x0000001c   Code   RO         3793    i.rt_mq_delete      ipc.o
    0x080039ae   0x080039ae   0x000000fc   Code   RO         3796    i.rt_mq_recv        ipc.o
    0x08003aaa   0x08003aaa   0x0000008c   Code   RO         3797    i.rt_mq_send        ipc.o
    0x08003b36   0x08003b36   0x00000036   Code   RO         3800    i.rt_mutex_create   ipc.o
    0x08003b6c   0x08003b6c   0x000000a2   Code   RO         3804    i.rt_mutex_release  ipc.o
    0x08003c0e   0x08003c0e   0x000000c8   Code   RO         3805    i.rt_mutex_take     ipc.o
    0x08003cd6   0x08003cd6   0x00000054   Code   RO         4328    i.rt_object_allocate  object.o
    0x08003d2a   0x08003d2a   0x00000024   Code   RO         4329    i.rt_object_delete  object.o
    0x08003d4e   0x08003d4e   0x0000001e   Code   RO         4330    i.rt_object_detach  object.o
    0x08003d6c   0x08003d6c   0x00000028   Code   RO         4332    i.rt_object_get_information  object.o
    0x08003d94   0x08003d94   0x00000056   Code   RO         4334    i.rt_object_init    object.o
    0x08003dea   0x08003dea   0x00000012   Code   RO         4335    i.rt_object_is_systemobject  object.o
    0x08003dfc   0x08003dfc   0x00000084   Code   RO         4405    i.rt_schedule       scheduler.o
    0x08003e80   0x08003e80   0x00000050   Code   RO         4406    i.rt_schedule_insert_thread  scheduler.o
    0x08003ed0   0x08003ed0   0x00000054   Code   RO         4407    i.rt_schedule_remove_thread  scheduler.o
    0x08003f24   0x08003f24   0x0000002a   Code   RO         3807    i.rt_sem_create     ipc.o
    0x08003f4e   0x08003f4e   0x00000026   Code   RO         3810    i.rt_sem_init       ipc.o
    0x08003f74   0x08003f74   0x0000003a   Code   RO         3811    i.rt_sem_release    ipc.o
    0x08003fae   0x08003fae   0x00000074   Code   RO         3812    i.rt_sem_take       ipc.o
    0x08004022   0x08004022   0x00000002   PAD
    0x08004024   0x08004024   0x000000b0   Code   RO         4082    i.rt_show_version   kservice.o
    0x080040d4   0x080040d4   0x00000012   Code   RO         4088    i.rt_strlen         kservice.o
    0x080040e6   0x080040e6   0x00000034   Code   RO         4090    i.rt_strncpy        kservice.o
    0x0800411a   0x0800411a   0x00000002   PAD
    0x0800411c   0x0800411c   0x000000f8   Code   RO         4252    i.rt_system_heap_init  mem.o
    0x08004214   0x08004214   0x0000004c   Code   RO         4408    i.rt_system_scheduler_init  scheduler.o
    0x08004260   0x08004260   0x00000030   Code   RO         4409    i.rt_system_scheduler_start  scheduler.o
    0x08004290   0x08004290   0x0000001c   Code   RO         4600    i.rt_system_timer_init  timer.o
    0x080042ac   0x080042ac   0x00000002   Code   RO         4601    i.rt_system_timer_thread_init  timer.o
    0x080042ae   0x080042ae   0x00000076   Code   RO         4477    i.rt_thread_control  thread.o
    0x08004324   0x08004324   0x00000050   Code   RO         4478    i.rt_thread_create  thread.o
    0x08004374   0x08004374   0x00000040   Code   RO         4480    i.rt_thread_delete  thread.o
    0x080043b4   0x080043b4   0x00000058   Code   RO         4482    i.rt_thread_exit    thread.o
    0x0800440c   0x0800440c   0x00000008   Code   RO         3730    i.rt_thread_idle_entry  idle.o
    0x08004414   0x08004414   0x00000090   Code   RO         3731    i.rt_thread_idle_excute  idle.o
    0x080044a4   0x080044a4   0x0000003c   Code   RO         3733    i.rt_thread_idle_init  idle.o
    0x080044e0   0x080044e0   0x00000034   Code   RO         4484    i.rt_thread_init    thread.o
    0x08004514   0x08004514   0x00000014   Code   RO         4485    i.rt_thread_mdelay  thread.o
    0x08004528   0x08004528   0x0000003c   Code   RO         4486    i.rt_thread_resume  thread.o
    0x08004564   0x08004564   0x0000000c   Code   RO         4487    i.rt_thread_self    thread.o
    0x08004570   0x08004570   0x00000044   Code   RO         4488    i.rt_thread_sleep   thread.o
    0x080045b4   0x080045b4   0x0000002c   Code   RO         4489    i.rt_thread_startup  thread.o
    0x080045e0   0x080045e0   0x00000044   Code   RO         4490    i.rt_thread_suspend  thread.o
    0x08004624   0x08004624   0x00000020   Code   RO         4491    i.rt_thread_timeout  thread.o
    0x08004644   0x08004644   0x00000064   Code   RO         4492    i.rt_thread_yield   thread.o
    0x080046a8   0x080046a8   0x00000038   Code   RO         3618    i.rt_tick_from_millisecond  clock.o
    0x080046e0   0x080046e0   0x0000000c   Code   RO         3619    i.rt_tick_get       clock.o
    0x080046ec   0x080046ec   0x00000030   Code   RO         3620    i.rt_tick_increase  clock.o
    0x0800471c   0x0800471c   0x0000007c   Code   RO         4602    i.rt_timer_check    timer.o
    0x08004798   0x08004798   0x00000038   Code   RO         4603    i.rt_timer_control  timer.o
    0x080047d0   0x080047d0   0x00000036   Code   RO         4604    i.rt_timer_create   timer.o
    0x08004806   0x08004806   0x00000020   Code   RO         4606    i.rt_timer_detach   timer.o
    0x08004826   0x08004826   0x0000002e   Code   RO         4607    i.rt_timer_init     timer.o
    0x08004854   0x08004854   0x000000f8   Code   RO         4610    i.rt_timer_start    timer.o
    0x0800494c   0x0800494c   0x00000030   Code   RO         4611    i.rt_timer_stop     timer.o
    0x0800497c   0x0800497c   0x00000330   Code   RO         4093    i.rt_vsnprintf      kservice.o
    0x08004cac   0x08004cac   0x00000004   Code   RO         3660    i.rti_board_end     components.o
    0x08004cb0   0x08004cb0   0x00000004   Code   RO         3661    i.rti_board_start   components.o
    0x08004cb4   0x08004cb4   0x00000004   Code   RO         3662    i.rti_end           components.o
    0x08004cb8   0x08004cb8   0x00000004   Code   RO         3663    i.rti_start         components.o
    0x08004cbc   0x08004cbc   0x0000002a   Code   RO         3664    i.rtthread_startup  components.o
    0x08004ce6   0x08004ce6   0x00000002   PAD
    0x08004ce8   0x08004ce8   0x0000005c   Code   RO         3548    i.sensor_start_convert_entry  adctimer.o
    0x08004d44   0x08004d44   0x00000038   Code   RO         4952    i.shell_auto_complete  shell.o
    0x08004d7c   0x08004d7c   0x00000030   Code   RO         4779    i.show_wait_queue   cmd.o
    0x08004dac   0x08004dac   0x00000026   Code   RO         4095    i.skip_atoi         kservice.o
    0x08004dd2   0x08004dd2   0x00000020   Code   RO         4878    i.str_common        msh.o
    0x08004df2   0x08004df2   0x00000002   PAD
    0x08004df4   0x08004df4   0x00000090   Code   RO         3295    i.temper_checkout_thread_entry  task.o
    0x08004e84   0x08004e84   0x000000e8   Code   RO         4714    i.usage_fault_track  cpuport.o
    0x08004f6c   0x08004f6c   0x00000088   Code   RO         3296    i.usart2_recv_thread_entry  task.o
    0x08004ff4   0x08004ff4   0x0000000a   Code   RO         4780    i.version           cmd.o
    0x08004ffe   0x08004ffe   0x00000002   PAD
    0x08005000   0x08005000   0x00000094   Code   RO         3574    i.weakup_thread_to_get_sensor  finshcmd.o
    0x08005094   0x08005094   0x0000001b   Data   RO         3390    .constdata          gpio.o
    0x080050af   0x080050af   0x0000002b   Data   RO         3489    .constdata          chipinfo.o
    0x080050da   0x080050da   0x00000022   Data   RO         3575    .constdata          finshcmd.o
    0x080050fc   0x080050fc   0x00000122   Data   RO         4097    .constdata          kservice.o
    0x0800521e   0x0800521e   0x00000009   Data   RO         4254    .constdata          mem.o
    0x08005227   0x08005227   0x000000ed   Data   RO         4781    .constdata          cmd.o
    0x08005314   0x08005314   0x0000001f   Data   RO         4879    .constdata          msh.o
    0x08005333   0x08005333   0x00000001   PAD
    0x08005334   0x08005334   0x00000039   Data   RO         3297    .conststring        task.o
    0x0800536d   0x0800536d   0x00000003   PAD
    0x08005370   0x08005370   0x00000044   Data   RO         4782    .conststring        cmd.o
    0x080053b4   0x080053b4   0x00000004   Data   RO         3665    .rti_fn.0           components.o
    0x080053b8   0x080053b8   0x00000004   Data   RO         3666    .rti_fn.0.end       components.o
    0x080053bc   0x080053bc   0x00000004   Data   RO         3391    .rti_fn.1           gpio.o
    0x080053c0   0x080053c0   0x00000004   Data   RO         3514    .rti_fn.1           adc.o
    0x080053c4   0x080053c4   0x00000004   Data   RO         3593    .rti_fn.1           exti.o
    0x080053c8   0x080053c8   0x00000004   Data   RO         3667    .rti_fn.1.end       components.o
    0x080053cc   0x080053cc   0x00000004   Data   RO         3337    .rti_fn.2           lock.o
    0x080053d0   0x080053d0   0x00000004   Data   RO         3355    .rti_fn.2           sensormq.o
    0x080053d4   0x080053d4   0x00000004   Data   RO         3550    .rti_fn.5           adctimer.o
    0x080053d8   0x080053d8   0x00000004   Data   RO         3299    .rti_fn.6           task.o
    0x080053dc   0x080053dc   0x00000004   Data   RO         4955    .rti_fn.6           shell.o
    0x080053e0   0x080053e0   0x00000004   Data   RO         3668    .rti_fn.6.end       components.o
    0x080053e4   0x080053e4   0x00000010   Data   RO         3392    FSymTab             gpio.o
    0x080053f4   0x080053f4   0x00000010   Data   RO         3490    FSymTab             chipinfo.o
    0x08005404   0x08005404   0x00000008   Data   RO         3576    FSymTab             finshcmd.o
    0x0800540c   0x0800540c   0x00000008   Data   RO         4256    FSymTab             mem.o
    0x08005414   0x08005414   0x00000090   Data   RO         4783    FSymTab             cmd.o
    0x080054a4   0x080054a4   0x00000018   Data   RO         4880    FSymTab             msh.o
    0x080054bc   0x080054bc   0x00000020   Data   RO         5069    Region$$Table       anon$$obj.o


    Execution Region RW_IRAM1 (Exec base: 0x20000000, Load base: 0x080054dc, Size: 0x00002b70, Max: 0x00005000, ABSOLUTE, COMPRESSED[0x0000008c])

    Exec Addr    Load Addr    Size         Type   Attr      Idx    E Section Name        Object

    0x20000000   COMPRESSED   0x00000014   Data   RW           28    .data               system_stm32f10x.o
    0x20000014   COMPRESSED   0x00000014   Data   RW         1738    .data               stm32f10x_rcc.o
    0x20000028   COMPRESSED   0x00000008   Data   RW         3109    .data               main.o
    0x20000030   COMPRESSED   0x00000084   Data   RW         3298    .data               task.o
    0x200000b4   COMPRESSED   0x00000004   Data   RW         3336    .data               lock.o
    0x200000b8   COMPRESSED   0x00000004   Data   RW         3354    .data               sensormq.o
    0x200000bc   COMPRESSED   0x00000004   Data   RW         3435    .data               usart.o
    0x200000c0   COMPRESSED   0x00000004   Data   RW         3513    .data               adc.o
    0x200000c4   COMPRESSED   0x00000004   Data   RW         3549    .data               adctimer.o
    0x200000c8   COMPRESSED   0x00000004   Data   RW         3622    .data               clock.o
    0x200000cc   COMPRESSED   0x00000001   Data   RW         4044    .data               irq.o
    0x200000cd   COMPRESSED   0x00000003   PAD
    0x200000d0   COMPRESSED   0x00000018   Data   RW         4255    .data               mem.o
    0x200000e8   COMPRESSED   0x00000070   Data   RW         4337    .data               object.o
    0x20000158   COMPRESSED   0x00000018   Data   RW         4411    .data               scheduler.o
    0x20000170   COMPRESSED   0x0000000c   Data   RW         4612    .data               timer.o
    0x2000017c   COMPRESSED   0x00000010   Data   RW         4715    .data               cpuport.o
    0x2000018c   COMPRESSED   0x00000018   Data   RW         4954    .data               shell.o
    0x200001a4        -       0x00002000   Zero   RW         3264    .bss                board.o
    0x200021a4        -       0x00000200   Zero   RW         3434    .bss                usart.o
    0x200023a4        -       0x0000000c   Zero   RW         3488    .bss                chipinfo.o
    0x200023b0        -       0x00000190   Zero   RW         3734    .bss                idle.o
    0x20002540        -       0x00000080   Zero   RW         4096    .bss                kservice.o
    0x200025c0        -       0x00000028   Zero   RW         4253    .bss                mem.o
    0x200025e8        -       0x00000100   Zero   RW         4410    .bss                scheduler.o
    0x200026e8        -       0x00000081   Zero   RW         4953    .bss                shell.o
    0x20002769   COMPRESSED   0x00000007   PAD
    0x20002770        -       0x00000400   Zero   RW            1    STACK               startup_stm32f10x_hd.o


==============================================================================

Image component sizes


      Code (inc. data)   RO Data    RW Data    ZI Data      Debug   Object Name

       300         20          4          4          0       2585   adc.o
       156         58          4          4          0       1644   adctimer.o
        62          8          0          0       8192       2343   board.o
       140         74         59          0         12       1801   chipinfo.o
       116         12          0          4          0       1700   clock.o
      2836        972        449          0          0      17586   cmd.o
       186         30         16          0          0       5636   components.o
       244         26          0          0          0        784   context_rvds.o
         0          0          0          0          0       4508   core_cm3.o
      1440        724          0         16          0       5390   cpuport.o
       328         38          4          0          0       2162   exti.o
       148         56         42          0          0       1259   finshcmd.o
       140         20         47          0          0       3133   gpio.o
       232         32          0          0        400       5442   idle.o
      1448          0          0          0          0      14934   ipc.o
        64         12          0          1          0       1530   irq.o
      1894        164        290          0        128      10125   kservice.o
        32         16          4          4          0        968   lock.o
        24          4          0          8          0       8313   main.o
      1110        310         17         24         40       5050   mem.o
       132         22          0          0          0       1487   misc.o
       886        154         55          0          0       8877   msh.o
       326          4          0        112          0       8152   object.o
       526         90          0         24        256       8274   scheduler.o
        76         44          4          4          0       1014   sensormq.o
      1352        152          4         24        129       9880   shell.o
        36          8        304          0       1024        852   startup_stm32f10x_hd.o
       390         10          0          0          0       7241   stm32f10x_adc.o
       460         16          0          0          0       3950   stm32f10x_dma.o
       184         16          0          0          0       2002   stm32f10x_exti.o
       350          4          0          0          0       3574   stm32f10x_gpio.o
        18          0          0          0          0       2567   stm32f10x_it.o
       332         44          0         20          0       5433   stm32f10x_rcc.o
       376          6          0          0          0       5839   stm32f10x_usart.o
        36          0          0          0          0        872   system.o
       328         28          0         20          0     249785   system_stm32f10x.o
        96         12          0          0          0      15729   systick.o
       744        292         61        132          0       3478   task.o
       970         42          0          0          0      12931   thread.o
       786         20          0         12          0      11690   timer.o
       560         36          0          4        512       3555   usart.o

    ----------------------------------------------------------------------
     19902       3576       1400        420      10700     464075   Object Totals
         0          0         32          0          0          0   (incl. Generated)
        38          0          4          3          7          0   (incl. Padding)

    ----------------------------------------------------------------------

      Code (inc. data)   RO Data    RW Data    ZI Data      Debug   Library Member Name

        86          0          0          0          0          0   __dczerorl2.o
         0          0          0          0          0          0   entry.o
         0          0          0          0          0          0   entry10a.o
         0          0          0          0          0          0   entry11a.o
         8          4          0          0          0          0   entry2.o
         4          0          0          0          0          0   entry5.o
         0          0          0          0          0          0   entry7b.o
         0          0          0          0          0          0   entry8b.o
         8          4          0          0          0          0   entry9a.o
        30          0          0          0          0          0   handlers.o
        36          8          0          0          0         68   init.o
        36          0          0          0          0         68   memcpya.o
        36          0          0          0          0        108   memseta.o
        24          0          0          0          0         68   strcat.o
        28          0          0          0          0         76   strcmp.o
        18          0          0          0          0         68   strcpy.o
        14          0          0          0          0         68   strlen.o
        30          0          0          0          0         80   strncmp.o
        24          0          0          0          0         76   strncpy.o
        36          0          0          0          0         80   strstr.o

    ----------------------------------------------------------------------
       422         16          0          0          0        760   Library Totals
         4          0          0          0          0          0   (incl. Padding)

    ----------------------------------------------------------------------

      Code (inc. data)   RO Data    RW Data    ZI Data      Debug   Library Name

       418         16          0          0          0        760   mc_w.l

    ----------------------------------------------------------------------
       422         16          0          0          0        760   Library Totals

    ----------------------------------------------------------------------

==============================================================================


      Code (inc. data)   RO Data    RW Data    ZI Data      Debug   

     20324       3592       1400        420      10700     453523   Grand Totals
     20324       3592       1400        140      10700     453523   ELF Image Totals (compressed)
     20324       3592       1400        140          0          0   ROM Totals

==============================================================================

    Total RO  Size (Code + RO Data)                21724 (  21.21kB)
    Total RW  Size (RW Data + ZI Data)             11120 (  10.86kB)
    Total ROM Size (Code + RO Data + RW Data)      21864 (  21.35kB)

==============================================================================

