<html>
<body>
<pre>
<h1>µVision Build Log</h1>
<h2>Tool Versions:</h2>
IDE-Version: ¦ÌVision V5.24.2.0
Copyright (C) 2017 ARM Ltd and ARM Germany GmbH. All rights reserved.
License Information: 11 11, 11, LIC=LSNXV-PN8SN-634MB-2PV0G-PK1DL-IQBCB
 
Tool Versions:
Toolchain:       MDK-ARM Plus  Version: 5.24.1
Toolchain Path:  A:\Keil_v5\ARM\ARMCC\Bin
C Compiler:      Armcc.exe V5.06 update 5 (build 528)
Assembler:       Armasm.exe V5.06 update 5 (build 528)
Linker/Locator:  ArmLink.exe V5.06 update 5 (build 528)
Library Manager: ArmAr.exe V5.06 update 5 (build 528)
Hex Converter:   FromElf.exe V5.06 update 5 (build 528)
CPU DLL:         SARMCM3.DLL V5.24.1
Dialog DLL:      DCM.DLL V1.16.0.0
Target DLL:      STLink\ST-LINKIII-KEIL_SWO.dll V3.0.1.0
Dialog DLL:      TCM.DLL V1.32.0.0
 
<h2>Project:</h2>
W:\Development\STM32\RT-Thread\STM32_Proj\Project\STM32_Proj.uvprojx
Project File Date:  08/29/2024

<h2>Output:</h2>
*** Using Compiler 'V5.06 update 5 (build 528)', folder: 'A:\Keil_v5\ARM\ARMCC\Bin'
Rebuild target 'Target 1'
assembling startup_stm32f10x_hd.s...
compiling stm32f10x_dma.c...
compiling stm32f10x_dac.c...
compiling core_cm3.c...
compiling stm32f10x_cec.c...
compiling stm32f10x_exti.c...
compiling stm32f10x_bkp.c...
compiling system_stm32f10x.c...
compiling stm32f10x_dbgmcu.c...
compiling stm32f10x_crc.c...
compiling stm32f10x_adc.c...
compiling misc.c...
compiling stm32f10x_gpio.c...
compiling stm32f10x_can.c...
compiling stm32f10x_fsmc.c...
compiling stm32f10x_flash.c...
compiling stm32f10x_i2c.c...
compiling stm32f10x_iwdg.c...
compiling stm32f10x_pwr.c...
compiling stm32f10x_rcc.c...
compiling stm32f10x_sdio.c...
compiling stm32f10x_rtc.c...
compiling stm32f10x_spi.c...
compiling stm32f10x_wwdg.c...
compiling stm32f10x_usart.c...
compiling stm32f10x_it.c...
compiling system.c...
compiling board.c...
compiling main.c...
compiling Task.c...
..\Source\Main\Task.c(76): warning:  #144-D: a value of type "void (*)(void)" cannot be used to initialize an entity of type "const init_fn_t"
  
NIT_APP_EXPORT(TaskInit);
..\Source\Main\Task.c: 1 warning, 0 errors
compiling stm32f10x_tim.c...
compiling Lock.c...
..\Source\Main\Lock.c(9): warning:  #144-D: a value of type "void (*)(void)" cannot be used to initialize an entity of type "const init_fn_t"
  
NIT_PREV_EXPORT(InitLock);
..\Source\Main\Lock.c: 1 warning, 0 errors
compiling clock.c...
compiling components.c...
compiling cpu.c...
compiling idle.c...
compiling SensorMQ.c...
..\Source\Main\SensorMQ.c(12): warning:  #144-D: a value of type "void (*)(void)" cannot be used to initialize an entity of type "const init_fn_t"
  
NIT_PREV_EXPORT(SensorMQInit);
..\Source\Main\SensorMQ.c: 1 warning, 0 errors
compiling irq.c...
compiling SysTick.c...
compiling ipc.c...
compiling Gpio.c...
..\Source\Dev\Gpio.c(46): warning:  #144-D: a value of type "void (*)(void)" cannot be used to initialize an entity of type "const init_fn_t"
  
NIT_BOARD_EXPORT(BeepGpioInit);
..\Source\Dev\Gpio.c: 1 warning, 0 errors
compiling ChipInfo.c...
compiling mem.c...
compiling Adc.c...
..\Source\Dev\Adc.c(19): warning:  #144-D: a value of type "void (*)(void)" cannot be used to initialize an entity of type "const init_fn_t"
  
NIT_BOARD_EXPORT(AdcInit);
..\Source\Dev\Adc.c: 1 warning, 0 errors
compiling USart.c...
..\Source\Dev\USart.c(182): warning:  #177-D: variable "RecCh"  was declared but never referenced
  	uint8 RecCh;
..\Source\Dev\USart.c: 1 warning, 0 errors
compiling memheap.c...
compiling kservice.c...
compiling mempool.c...
compiling slab.c...
compiling FinSHcmd.c...
compiling ADCTimer.c...
..\Source\Dev\ADCTimer.c(22): warning:  #144-D: a value of type "void (*)(void)" cannot be used to initialize an entity of type "const init_fn_t"
  
NIT_ENV_EXPORT(SensorTimerInit);
..\Source\Dev\ADCTimer.c: 1 warning, 0 errors
compiling object.c...
..\Source\RT-Thread\src\object.c(262): warning:  #550-D: variable "obj"  was set but never used
          struct rt_object *obj;
..\Source\RT-Thread\src\object.c: 1 warning, 0 errors
compiling scheduler.c...
compiling thread.c...
assembling context_rvds.S...
compiling timer.c...
compiling cpuport.c...
compiling msh.c...
compiling cmd.c...
compiling shell.c...
linking...
Program Size: Code=19454 RO-data=1354 RW-data=420 ZI-data=10700  
FromELF: creating hex file...
".\Objects\STM32_Proj.axf" - 0 Error(s), 8 Warning(s).

<h2>Software Packages used:</h2>

Package Vendor: Keil
                http://www.keil.com/pack/Keil.STM32F1xx_DFP.2.2.0.pack
                Keil.STM32F1xx_DFP.2.2.0
                STMicroelectronics STM32F1 Series Device Support, Drivers and Examples

<h2>Collection of Component include folders:</h2>
  .\RTE\_Target_1
  A:\Keil_v5\ARM\PACK\Keil\STM32F1xx_DFP\2.2.0\Device\Include

<h2>Collection of Component Files used:</h2>
Build Time Elapsed:  00:00:02
</pre>
</body>
</html>
